Archive member included to satisfy reference by file (symbol)

FrameBuffer\libframebuffer.a(FrameBuffer.cpp.obj)
                              CMakeFiles/mandelbrot.dir/mandelbrot.cpp.obj (FrameBuffer::FrameBuffer(int, int, BufferType))
GameOfLife\libgof.a(gof.cpp.obj)
                              CMakeFiles/mandelbrot.dir/mandelbrot.cpp.obj (gof::gof(int, int, FrameBuffer*, int))
c:/progra~2/gnuarm~1/102021~1.10/bin/../lib/gcc/arm-none-eabi/10.3.1/thumb/v6-m/nofp\libgcc.a(_dvmd_tls.o)
                              CMakeFiles/mandelbrot.dir/D_/RaspberryPiPico/pico-sdk/src/rp2_common/pico_divider/divider.S.obj (__aeabi_idiv0)
c:/progra~2/gnuarm~1/102021~1.10/bin/../lib/gcc/arm-none-eabi/10.3.1/../../../../arm-none-eabi/lib/thumb/v6-m/nofp\libg.a(lib_a-calloc.o)
                              CMakeFiles/mandelbrot.dir/D_/RaspberryPiPico/pico-sdk/src/rp2_common/pico_malloc/pico_malloc.c.obj (calloc)
c:/progra~2/gnuarm~1/102021~1.10/bin/../lib/gcc/arm-none-eabi/10.3.1/../../../../arm-none-eabi/lib/thumb/v6-m/nofp\libg.a(lib_a-callocr.o)
                              c:/progra~2/gnuarm~1/102021~1.10/bin/../lib/gcc/arm-none-eabi/10.3.1/../../../../arm-none-eabi/lib/thumb/v6-m/nofp\libg.a(lib_a-calloc.o) (_calloc_r)
c:/progra~2/gnuarm~1/102021~1.10/bin/../lib/gcc/arm-none-eabi/10.3.1/../../../../arm-none-eabi/lib/thumb/v6-m/nofp\libg.a(lib_a-ctype_.o)
                              CMakeFiles/mandelbrot.dir/D_/RaspberryPiPico/pico-sdk/lib/tinyusb/src/tusb.c.obj (_ctype_)
c:/progra~2/gnuarm~1/102021~1.10/bin/../lib/gcc/arm-none-eabi/10.3.1/../../../../arm-none-eabi/lib/thumb/v6-m/nofp\libg.a(lib_a-errno.o)
                              c:/progra~2/gnuarm~1/102021~1.10/bin/../lib/gcc/arm-none-eabi/10.3.1/../../../../arm-none-eabi/lib/thumb/v6-m/nofp\libg.a(lib_a-callocr.o) (__errno)
c:/progra~2/gnuarm~1/102021~1.10/bin/../lib/gcc/arm-none-eabi/10.3.1/../../../../arm-none-eabi/lib/thumb/v6-m/nofp\libg.a(lib_a-impure.o)
                              c:/progra~2/gnuarm~1/102021~1.10/bin/../lib/gcc/arm-none-eabi/10.3.1/../../../../arm-none-eabi/lib/thumb/v6-m/nofp\libg.a(lib_a-calloc.o) (_impure_ptr)
c:/progra~2/gnuarm~1/102021~1.10/bin/../lib/gcc/arm-none-eabi/10.3.1/../../../../arm-none-eabi/lib/thumb/v6-m/nofp\libg.a(lib_a-init.o)
                              c:/progra~2/gnuarm~1/102021~1.10/bin/../lib/gcc/arm-none-eabi/10.3.1/../../../../arm-none-eabi/lib/thumb/v6-m/nofp/crt0.o (__libc_init_array)
c:/progra~2/gnuarm~1/102021~1.10/bin/../lib/gcc/arm-none-eabi/10.3.1/../../../../arm-none-eabi/lib/thumb/v6-m/nofp\libg.a(lib_a-malloc.o)
                              CMakeFiles/mandelbrot.dir/D_/RaspberryPiPico/pico-sdk/src/rp2_common/pico_malloc/pico_malloc.c.obj (malloc)
c:/progra~2/gnuarm~1/102021~1.10/bin/../lib/gcc/arm-none-eabi/10.3.1/../../../../arm-none-eabi/lib/thumb/v6-m/nofp\libg.a(lib_a-mallocr.o)
                              c:/progra~2/gnuarm~1/102021~1.10/bin/../lib/gcc/arm-none-eabi/10.3.1/../../../../arm-none-eabi/lib/thumb/v6-m/nofp\libg.a(lib_a-callocr.o) (_malloc_r)
c:/progra~2/gnuarm~1/102021~1.10/bin/../lib/gcc/arm-none-eabi/10.3.1/../../../../arm-none-eabi/lib/thumb/v6-m/nofp\libg.a(lib_a-mlock.o)
                              c:/progra~2/gnuarm~1/102021~1.10/bin/../lib/gcc/arm-none-eabi/10.3.1/../../../../arm-none-eabi/lib/thumb/v6-m/nofp\libg.a(lib_a-mallocr.o) (__malloc_lock)
c:/progra~2/gnuarm~1/102021~1.10/bin/../lib/gcc/arm-none-eabi/10.3.1/../../../../arm-none-eabi/lib/thumb/v6-m/nofp\libg.a(lib_a-rand.o)
                              CMakeFiles/mandelbrot.dir/mandelbrot.cpp.obj (rand)
c:/progra~2/gnuarm~1/102021~1.10/bin/../lib/gcc/arm-none-eabi/10.3.1/../../../../arm-none-eabi/lib/thumb/v6-m/nofp\libg.a(lib_a-sbrkr.o)
                              c:/progra~2/gnuarm~1/102021~1.10/bin/../lib/gcc/arm-none-eabi/10.3.1/../../../../arm-none-eabi/lib/thumb/v6-m/nofp\libg.a(lib_a-mallocr.o) (_sbrk_r)
c:/progra~2/gnuarm~1/102021~1.10/bin/../lib/gcc/arm-none-eabi/10.3.1/../../../../arm-none-eabi/lib/thumb/v6-m/nofp\libg.a(lib_a-strlen-stub.o)
                              CMakeFiles/mandelbrot.dir/D_/RaspberryPiPico/pico-sdk/src/rp2_common/pico_stdio/stdio.c.obj (strlen)
c:/progra~2/gnuarm~1/102021~1.10/bin/../lib/gcc/arm-none-eabi/10.3.1/../../../../arm-none-eabi/lib/thumb/v6-m/nofp\libg.a(lib_a-freer.o)
                              c:/progra~2/gnuarm~1/102021~1.10/bin/../lib/gcc/arm-none-eabi/10.3.1/../../../../arm-none-eabi/lib/thumb/v6-m/nofp\libg.a(lib_a-malloc.o) (_free_r)
c:/progra~2/gnuarm~1/102021~1.10/bin/../lib/gcc/arm-none-eabi/10.3.1/../../../../arm-none-eabi/lib/thumb/v6-m/nofp\libg.a(lib_a-lock.o)
                              c:/progra~2/gnuarm~1/102021~1.10/bin/../lib/gcc/arm-none-eabi/10.3.1/../../../../arm-none-eabi/lib/thumb/v6-m/nofp\libg.a(lib_a-mlock.o) (__retarget_lock_acquire_recursive)
c:/progra~2/gnuarm~1/102021~1.10/bin/../lib/gcc/arm-none-eabi/10.3.1/../../../../arm-none-eabi/lib/thumb/v6-m/nofp\libg.a(lib_a-reent.o)
[...]
Memory Configuration

Name             Origin             Length             Attributes
FLASH            0x10000000         0x00200000         xr
RAM              0x20000000         0x00040000         xrw
SCRATCH_X        0x20040000         0x00001000         xrw
SCRATCH_Y        0x20041000         0x00001000         xrw
*default*        0x00000000         0xffffffff

Linker script and memory map

LOAD c:/progra~2/gnuarm~1/102021~1.10/bin/../lib/gcc/arm-none-eabi/10.3.1/thumb/v6-m/nofp/crti.o
LOAD c:/progra~2/gnuarm~1/102021~1.10/bin/../lib/gcc/arm-none-eabi/10.3.1/thumb/v6-m/nofp/crtbegin.o
LOAD c:/progra~2/gnuarm~1/102021~1.10/bin/../lib/gcc/arm-none-eabi/10.3.1/../../../../arm-none-eabi/lib/thumb/v6-m/nofp/crt0.o

.flash_begin    0x10000000        0x0
                0x10000000                __flash_binary_start = .

.boot2          0x10000000      0x100
                0x10000000                __boot2_start__ = .
 *(.boot2)
 .boot2         0x10000000      0x100 C:\Users\Aerkany\AppData\Local\Temp\ccUNtgu9.o
                0x10000100                __boot2_end__ = .
                0x00000001                ASSERT (((__boot2_end__ - __boot2_start__) == 0x100), ERROR: Pico second stage bootloader must be 256 bytes in size)

.text           0x10000100     0x7d00
                0x10000100                __logical_binary_start = .
 *(.vectors)
 .vectors       0x10000100       0xd4 CMakeFiles/mandelbrot.dir/D_/RaspberryPiPico/pico-sdk/src/rp2_common/pico_standard_link/crt0.S.obj
                0x10000100                __VECTOR_TABLE
                0x10000100                __vectors
                0x100001c0                isr_invalid
                0x100001c0                __default_isrs_start
                0x100001c2                isr_nmi
                0x100001c4                isr_hardfault
                0x100001c6                isr_svcall
                0x100001c8                isr_pendsv
                0x100001ca                isr_systick
                0x100001cc                isr_irq23
                0x100001cc                isr_irq18
                0x100001cc                isr_irq11
                0x100001cc                isr_irq28
                0x100001cc                isr_irq19
                0x100001cc                isr_irq0
                0x100001cc                isr_irq6
                0x100001cc                isr_irq5
                0x100001cc                isr_irq12
                0x100001cc                isr_irq22
                0x100001cc                isr_irq31
                0x100001cc                isr_irq17
                0x100001cc                isr_irq27
                0x100001cc                isr_irq30
                0x100001cc                isr_irq2
                0x100001cc                isr_irq10
                0x100001cc                isr_irq8
                0x100001cc                isr_irq24
                0x100001cc                isr_irq1
                0x100001cc                isr_irq7
                0x100001cc                isr_irq21
                0x100001cc                isr_irq20
                0x100001cc                isr_irq15
                0x100001cc                isr_irq25
                0x100001cc                isr_irq13
                0x100001cc                __unhandled_user_irq
                0x100001cc                isr_irq4
                0x100001cc                isr_irq16
                0x100001cc                isr_irq29
                0x100001cc                isr_irq26
                0x100001cc                __default_isrs_end
                0x100001cc                isr_irq3
                0x100001cc                isr_irq14
                0x100001cc                isr_irq9
                0x100001d2                unhandled_user_irq_num_in_r0
 *(.binary_info_header)
 .binary_info_header
                0x100001d4       0x14 CMakeFiles/mandelbrot.dir/D_/RaspberryPiPico/pico-sdk/src/rp2_common/pico_standard_link/crt0.S.obj
                0x100001e8                __binary_info_header_end = .
 *(.reset)
 .reset         0x100001e8       0xa8 CMakeFiles/mandelbrot.dir/D_/RaspberryPiPico/pico-sdk/src/rp2_common/pico_standard_link/crt0.S.obj
                0x100001e8                _entry_point
                0x10000266                __get_current_exception
 .reset         0x10000290       0x30 CMakeFiles/mandelbrot.dir/D_/RaspberryPiPico/pico-sdk/src/rp2_common/pico_standard_link/binary_info.c.obj
 *(.init)
 .init          0x100002c0        0x4 c:/progra~2/gnuarm~1/102021~1.10/bin/../lib/gcc/arm-none-eabi/10.3.1/thumb/v6-m/nofp/crti.o
                0x100002c0                _init
 *(EXCLUDE_FILE(*libm.a: *libc.a:*lib_a-mem*.o *libgcc.a:) .text*)
 .text          0x100002c4       0x48 c:/progra~2/gnuarm~1/102021~1.10/bin/../lib/gcc/arm-none-eabi/10.3.1/thumb/v6-m/nofp/crtbegin.o
 .text._Z41__static_initialization_and_destruction_0ii
                0x1000030c       0x34 CMakeFiles/mandelbrot.dir/mandelbrot.cpp.obj
 .text.main     0x10000340       0x74 CMakeFiles/mandelbrot.dir/mandelbrot.cpp.obj
                0x10000340                main
 .text._GLOBAL__sub_I_Zre
                0x100003b4       0x10 CMakeFiles/mandelbrot.dir/mandelbrot.cpp.obj
 .text.hw_claim_lock
                0x100003c4       0x18 CMakeFiles/mandelbrot.dir/D_/RaspberryPiPico/pico-sdk/src/rp2_common/hardware_claim/claim.c.obj
                0x100003c4                hw_claim_lock
 .text.hw_claim_unlock
                0x100003dc       0x14 CMakeFiles/mandelbrot.dir/D_/RaspberryPiPico/pico-sdk/src/rp2_common/hardware_claim/claim.c.obj
                0x100003dc                hw_claim_unlock
 .text.hw_claim_or_assert
                0x100003f0       0x32 CMakeFiles/mandelbrot.dir/D_/RaspberryPiPico/pico-sdk/src/rp2_common/hardware_claim/claim.c.obj
                0x100003f0                hw_claim_or_assert
 .text.hw_claim_unused_from_range
                0x10000422       0x50 CMakeFiles/mandelbrot.dir/D_/RaspberryPiPico/pico-sdk/src/rp2_common/hardware_claim/claim.c.obj
                0x10000422                hw_claim_unused_from_range
 *fill*         0x10000472        0x2 
 .text.running_on_fpga
                0x10000474       0x14 CMakeFiles/mandelbrot.dir/D_/RaspberryPiPico/pico-sdk/src/rp2_common/pico_platform/platform.c.obj
                0x10000474                running_on_fpga
 .text.spin_locks_reset
                0x10000488       0x20 CMakeFiles/mandelbrot.dir/D_/RaspberryPiPico/pico-sdk/src/rp2_common/hardware_sync/sync.c.obj
                0x10000488                spin_locks_reset
 .text.next_striped_spin_lock_num
                0x100004a8       0x1c CMakeFiles/mandelbrot.dir/D_/RaspberryPiPico/pico-sdk/src/rp2_common/hardware_sync/sync.c.obj
                0x100004a8                next_striped_spin_lock_num
 .text.spin_lock_claim_unused
                0x100004c4       0x20 CMakeFiles/mandelbrot.dir/D_/RaspberryPiPico/pico-sdk/src/rp2_common/hardware_sync/sync.c.obj
                0x100004c4                spin_lock_claim_unused
 .text.alarm_pool_post_alloc_init
                0x100004e4       0x40 CMakeFiles/mandelbrot.dir/D_/RaspberryPiPico/pico-sdk/src/common/pico_time/time.c.obj
 .text.sleep_until_callback
                0x10000524       0x30 CMakeFiles/mandelbrot.dir/D_/RaspberryPiPico/pico-sdk/src/common/pico_time/time.c.obj
 .text.timer_pool_entry_comparator
                0x10000554       0x7c CMakeFiles/mandelbrot.dir/D_/RaspberryPiPico/pico-sdk/src/common/pico_time/time.c.obj
                0x10000554                timer_pool_entry_comparator
 .text.ph_add_child_node
                0x100005d0       0xa4 CMakeFiles/mandelbrot.dir/D_/RaspberryPiPico/pico-sdk/src/common/pico_time/time.c.obj
 .text.ph_merge_nodes
                0x10000674       0x3e CMakeFiles/mandelbrot.dir/D_/RaspberryPiPico/pico-sdk/src/common/pico_time/time.c.obj
 *fill*         0x100006b2        0x2 
 .text.add_alarm_under_lock
                0x100006b4      0x174 CMakeFiles/mandelbrot.dir/D_/RaspberryPiPico/pico-sdk/src/common/pico_time/time.c.obj
 .text.alarm_pool_alarm_callback
                0x10000828      0x328 CMakeFiles/mandelbrot.dir/D_/RaspberryPiPico/pico-sdk/src/common/pico_time/time.c.obj
 .text.alarm_pool_init_default
                0x10000b50       0x38 CMakeFiles/mandelbrot.dir/D_/RaspberryPiPico/pico-sdk/src/common/pico_time/time.c.obj
                0x10000b50                alarm_pool_init_default
 .text.alarm_pool_get_default
                0x10000b88       0x2c CMakeFiles/mandelbrot.dir/D_/RaspberryPiPico/pico-sdk/src/common/pico_time/time.c.obj
                0x10000b88                alarm_pool_get_default
 .text.alarm_pool_add_alarm_at
                0x10000bb4      0x170 CMakeFiles/mandelbrot.dir/D_/RaspberryPiPico/pico-sdk/src/common/pico_time/time.c.obj
                0x10000bb4                alarm_pool_add_alarm_at
 .text.alarm_pool_cancel_alarm
                0x10000d24       0xf0 CMakeFiles/mandelbrot.dir/D_/RaspberryPiPico/pico-sdk/src/common/pico_time/time.c.obj
                0x10000d24                alarm_pool_cancel_alarm
 .text.sleep_until
                0x10000e14       0xfc CMakeFiles/mandelbrot.dir/D_/RaspberryPiPico/pico-sdk/src/common/pico_time/time.c.obj
                0x10000e14                sleep_until
 .text.sleep_us
                0x10000f10       0x58 CMakeFiles/mandelbrot.dir/D_/RaspberryPiPico/pico-sdk/src/common/pico_time/time.c.obj
                0x10000f10                sleep_us
 .text.sleep_ms
                0x10000f68       0x14 CMakeFiles/mandelbrot.dir/D_/RaspberryPiPico/pico-sdk/src/common/pico_time/time.c.obj
                0x10000f68                sleep_ms
 .text.best_effort_wfe_or_timeout
                0x10000f7c       0x80 CMakeFiles/mandelbrot.dir/D_/RaspberryPiPico/pico-sdk/src/common/pico_time/time.c.obj
                0x10000f7c                best_effort_wfe_or_timeout
 .text.hardware_alarm_irq_handler
                0x10000ffc       0x8c CMakeFiles/mandelbrot.dir/D_/RaspberryPiPico/pico-sdk/src/rp2_common/hardware_timer/timer.c.obj
 .text.hardware_alarm_claim
                0x10001088       0x18 CMakeFiles/mandelbrot.dir/D_/RaspberryPiPico/pico-sdk/src/rp2_common/hardware_timer/timer.c.obj
                0x10001088                hardware_alarm_claim
 .text.time_us_64
                0x100010a0       0x18 CMakeFiles/mandelbrot.dir/D_/RaspberryPiPico/pico-sdk/src/rp2_common/hardware_timer/timer.c.obj
                0x100010a0                time_us_64
 .text.busy_wait_until
                0x100010b8       0x28 CMakeFiles/mandelbrot.dir/D_/RaspberryPiPico/pico-sdk/src/rp2_common/hardware_timer/timer.c.obj
                0x100010b8                busy_wait_until
 .text.busy_wait_us
                0x100010e0       0x48 CMakeFiles/mandelbrot.dir/D_/RaspberryPiPico/pico-sdk/src/rp2_common/hardware_timer/timer.c.obj
                0x100010e0                busy_wait_us
 .text.hardware_alarm_set_callback
                0x10001128       0x90 CMakeFiles/mandelbrot.dir/D_/RaspberryPiPico/pico-sdk/src/rp2_common/hardware_timer/timer.c.obj
                0x10001128                hardware_alarm_set_callback
 .text.hardware_alarm_set_target
                0x100011b8       0xe8 CMakeFiles/mandelbrot.dir/D_/RaspberryPiPico/pico-sdk/src/rp2_common/hardware_timer/timer.c.obj
                0x100011b8                hardware_alarm_set_target
 .text.hardware_alarm_cancel
                0x100012a0       0x40 CMakeFiles/mandelbrot.dir/D_/RaspberryPiPico/pico-sdk/src/rp2_common/hardware_timer/timer.c.obj
                0x100012a0                hardware_alarm_cancel
 .text.lock_init
                0x100012e0       0x10 CMakeFiles/mandelbrot.dir/D_/RaspberryPiPico/pico-sdk/src/common/pico_sync/lock_core.c.obj
                0x100012e0                lock_init
 .text.mutex_init
                0x100012f0       0x1a CMakeFiles/mandelbrot.dir/D_/RaspberryPiPico/pico-sdk/src/common/pico_sync/mutex.c.obj
                0x100012f0                mutex_init
 .text.recursive_mutex_init
                0x1000130a       0x1e CMakeFiles/mandelbrot.dir/D_/RaspberryPiPico/pico-sdk/src/common/pico_sync/mutex.c.obj
                0x1000130a                recursive_mutex_init
 .text.critical_section_init_with_lock_num
                0x10001328       0x14 CMakeFiles/mandelbrot.dir/D_/RaspberryPiPico/pico-sdk/src/common/pico_sync/critical_section.c.obj
                0x10001328                critical_section_init_with_lock_num
 .text.critical_section_init
                0x1000133c       0x14 CMakeFiles/mandelbrot.dir/D_/RaspberryPiPico/pico-sdk/src/common/pico_sync/critical_section.c.obj
                0x1000133c                critical_section_init
 .text.ph_add_child_node
                0x10001350       0xa4 CMakeFiles/mandelbrot.dir/D_/RaspberryPiPico/pico-sdk/src/common/pico_util/pheap.c.obj
 .text.ph_merge_nodes
                0x100013f4       0x3e CMakeFiles/mandelbrot.dir/D_/RaspberryPiPico/pico-sdk/src/common/pico_util/pheap.c.obj
 *fill*         0x10001432        0x2 
 .text.ph_clear
                0x10001434       0x70 CMakeFiles/mandelbrot.dir/D_/RaspberryPiPico/pico-sdk/src/common/pico_util/pheap.c.obj
                0x10001434                ph_clear
 .text.ph_post_alloc_init
                0x100014a4        0xe CMakeFiles/mandelbrot.dir/D_/RaspberryPiPico/pico-sdk/src/common/pico_util/pheap.c.obj
                0x100014a4                ph_post_alloc_init
 *fill*         0x100014b2        0x2 
 .text.ph_merge_two_pass
                0x100014b4       0xa8 CMakeFiles/mandelbrot.dir/D_/RaspberryPiPico/pico-sdk/src/common/pico_util/pheap.c.obj
                0x100014b4                ph_merge_two_pass
 .text.ph_remove_any_head
                0x1000155c      0x108 CMakeFiles/mandelbrot.dir/D_/RaspberryPiPico/pico-sdk/src/common/pico_util/pheap.c.obj
 .text.ph_remove_head
                0x10001664       0x14 CMakeFiles/mandelbrot.dir/D_/RaspberryPiPico/pico-sdk/src/common/pico_util/pheap.c.obj
                0x10001664                ph_remove_head
 .text.ph_remove_and_free_node
                0x10001678       0xf8 CMakeFiles/mandelbrot.dir/D_/RaspberryPiPico/pico-sdk/src/common/pico_util/pheap.c.obj
                0x10001678                ph_remove_and_free_node
 .text._exit    0x10001770        0x4 CMakeFiles/mandelbrot.dir/D_/RaspberryPiPico/pico-sdk/src/rp2_common/pico_runtime/runtime.c.obj
                0x10001770                _exit
 .text._sbrk    0x10001774       0x38 CMakeFiles/mandelbrot.dir/D_/RaspberryPiPico/pico-sdk/src/rp2_common/pico_runtime/runtime.c.obj
                0x10001774                _sbrk
 .text.exit     0x100017ac        0x6 CMakeFiles/mandelbrot.dir/D_/RaspberryPiPico/pico-sdk/src/rp2_common/pico_runtime/runtime.c.obj
                0x100017ac                exit
 *fill*         0x100017b2        0x2 
 .text.__assert_func
                0x100017b4       0x3c CMakeFiles/mandelbrot.dir/D_/RaspberryPiPico/pico-sdk/src/rp2_common/pico_runtime/runtime.c.obj
                0x100017b4                __assert_func
 .text.runtime_init
                0x100017f0       0xf8 CMakeFiles/mandelbrot.dir/D_/RaspberryPiPico/pico-sdk/src/rp2_common/pico_runtime/runtime.c.obj
                0x100017f0                runtime_init
 .text.panic    0x100018e8       0x30 CMakeFiles/mandelbrot.dir/D_/RaspberryPiPico/pico-sdk/src/rp2_common/pico_runtime/runtime.c.obj
                0x100018e8                panic
 .text.clock_configure
                0x10001918      0x104 CMakeFiles/mandelbrot.dir/D_/RaspberryPiPico/pico-sdk/src/rp2_common/hardware_clocks/clocks.c.obj
                0x10001918                clock_configure
 .text.clocks_init
                0x10001a1c      0x100 CMakeFiles/mandelbrot.dir/D_/RaspberryPiPico/pico-sdk/src/rp2_common/hardware_clocks/clocks.c.obj
                0x10001a1c                clocks_init
 .text.set_raw_irq_handler_and_unlock
                0x10001b1c       0x28 CMakeFiles/mandelbrot.dir/D_/RaspberryPiPico/pico-sdk/src/rp2_common/hardware_irq/irq.c.obj
 .text.make_branch
                0x10001b44       0x34 CMakeFiles/mandelbrot.dir/D_/RaspberryPiPico/pico-sdk/src/rp2_common/hardware_irq/irq.c.obj
 .text.insert_branch_and_link
                0x10001b78       0x40 CMakeFiles/mandelbrot.dir/D_/RaspberryPiPico/pico-sdk/src/rp2_common/hardware_irq/irq.c.obj
 .text.irq_is_enabled
                0x10001bb8       0x18 CMakeFiles/mandelbrot.dir/D_/RaspberryPiPico/pico-sdk/src/rp2_common/hardware_irq/irq.c.obj
                0x10001bb8                irq_is_enabled
 .text.irq_set_mask_enabled
                0x10001bd0       0x20 CMakeFiles/mandelbrot.dir/D_/RaspberryPiPico/pico-sdk/src/rp2_common/hardware_irq/irq.c.obj
                0x10001bd0                irq_set_mask_enabled
 .text.irq_set_enabled
                0x10001bf0        0xe CMakeFiles/mandelbrot.dir/D_/RaspberryPiPico/pico-sdk/src/rp2_common/hardware_irq/irq.c.obj
                0x10001bf0                irq_set_enabled
 *fill*         0x10001bfe        0x2 
 .text.irq_set_pending
                0x10001c00       0x10 CMakeFiles/mandelbrot.dir/D_/RaspberryPiPico/pico-sdk/src/rp2_common/hardware_irq/irq.c.obj
                0x10001c00                irq_set_pending
 .text.irq_get_vtable_handler
                0x10001c10       0x10 CMakeFiles/mandelbrot.dir/D_/RaspberryPiPico/pico-sdk/src/rp2_common/hardware_irq/irq.c.obj
                0x10001c10                irq_get_vtable_handler
 .text.irq_set_exclusive_handler
                0x10001c20       0x54 CMakeFiles/mandelbrot.dir/D_/RaspberryPiPico/pico-sdk/src/rp2_common/hardware_irq/irq.c.obj
                0x10001c20                irq_set_exclusive_handler
 .text.irq_remove_handler
                0x10001c74      0x1ac CMakeFiles/mandelbrot.dir/D_/RaspberryPiPico/pico-sdk/src/rp2_common/hardware_irq/irq.c.obj
                0x10001c74                irq_remove_handler
 .text.irq_add_tail_to_free_list
                0x10001e20       0xf0 CMakeFiles/mandelbrot.dir/D_/RaspberryPiPico/pico-sdk/src/rp2_common/hardware_irq/irq.c.obj
                0x10001e20                irq_add_tail_to_free_list
 .text.irq_init_priorities
                0x10001f10       0x1c CMakeFiles/mandelbrot.dir/D_/RaspberryPiPico/pico-sdk/src/rp2_common/hardware_irq/irq.c.obj
                0x10001f10                irq_init_priorities
 .text.pll_init
                0x10001f2c      0x118 CMakeFiles/mandelbrot.dir/D_/RaspberryPiPico/pico-sdk/src/rp2_common/hardware_pll/pll.c.obj
                0x10001f2c                pll_init
 .text.watchdog_start_tick
                0x10002044       0x10 CMakeFiles/mandelbrot.dir/D_/RaspberryPiPico/pico-sdk/src/rp2_common/hardware_watchdog/watchdog.c.obj
                0x10002044                watchdog_start_tick
 .text.watchdog_update
                0x10002054       0x14 CMakeFiles/mandelbrot.dir/D_/RaspberryPiPico/pico-sdk/src/rp2_common/hardware_watchdog/watchdog.c.obj
                0x10002054                watchdog_update
 .text._watchdog_enable
                0x10002068       0x78 CMakeFiles/mandelbrot.dir/D_/RaspberryPiPico/pico-sdk/src/rp2_common/hardware_watchdog/watchdog.c.obj
                0x10002068                _watchdog_enable
 .text.watchdog_reboot
                0x100020e0       0x48 CMakeFiles/mandelbrot.dir/D_/RaspberryPiPico/pico-sdk/src/rp2_common/hardware_watchdog/watchdog.c.obj
                0x100020e0                watchdog_reboot
 .text.xosc_init
                0x10002128       0x28 CMakeFiles/mandelbrot.dir/D_/RaspberryPiPico/pico-sdk/src/rp2_common/hardware_xosc/xosc.c.obj
                0x10002128                xosc_init
 .text._out_null
                0x10002150        0x2 CMakeFiles/mandelbrot.dir/D_/RaspberryPiPico/pico-sdk/src/rp2_common/pico_printf/printf.c.obj
 .text._out_fct
                0x10002152        0xe CMakeFiles/mandelbrot.dir/D_/RaspberryPiPico/pico-sdk/src/rp2_common/pico_printf/printf.c.obj
 .text._atoi    0x10002160       0x24 CMakeFiles/mandelbrot.dir/D_/RaspberryPiPico/pico-sdk/src/rp2_common/pico_printf/printf.c.obj
 .text._out_rev
                0x10002184       0xae CMakeFiles/mandelbrot.dir/D_/RaspberryPiPico/pico-sdk/src/rp2_common/pico_printf/printf.c.obj
 .text._ntoa_format
                0x10002232      0x112 CMakeFiles/mandelbrot.dir/D_/RaspberryPiPico/pico-sdk/src/rp2_common/pico_printf/printf.c.obj
 .text._ntoa_long
                0x10002344       0xbc CMakeFiles/mandelbrot.dir/D_/RaspberryPiPico/pico-sdk/src/rp2_common/pico_printf/printf.c.obj
 .text._ntoa_long_long
                0x10002400       0xe2 CMakeFiles/mandelbrot.dir/D_/RaspberryPiPico/pico-sdk/src/rp2_common/pico_printf/printf.c.obj
 *fill*         0x100024e2        0x2 
 .text._etoa    0x100024e4      0x414 CMakeFiles/mandelbrot.dir/D_/RaspberryPiPico/pico-sdk/src/rp2_common/pico_printf/printf.c.obj
 .text._ftoa    0x100028f8      0x354 CMakeFiles/mandelbrot.dir/D_/RaspberryPiPico/pico-sdk/src/rp2_common/pico_printf/printf.c.obj
 .text._vsnprintf
                0x10002c4c      0x624 CMakeFiles/mandelbrot.dir/D_/RaspberryPiPico/pico-sdk/src/rp2_common/pico_printf/printf.c.obj
 .text.vfctprintf
                0x10003270       0x20 CMakeFiles/mandelbrot.dir/D_/RaspberryPiPico/pico-sdk/src/rp2_common/pico_printf/printf.c.obj
                0x10003270                vfctprintf
 .text          0x10003290       0x10 CMakeFiles/mandelbrot.dir/D_/RaspberryPiPico/pico-sdk/src/rp2_common/pico_bit_ops/bit_ops_aeabi.S.obj
 .text.rom_func_lookup
                0x100032a0       0x10 CMakeFiles/mandelbrot.dir/D_/RaspberryPiPico/pico-sdk/src/rp2_common/pico_bootrom/bootrom.c.obj
                0x100032a0                rom_func_lookup
 .text.rom_data_lookup
                0x100032b0       0x10 CMakeFiles/mandelbrot.dir/D_/RaspberryPiPico/pico-sdk/src/rp2_common/pico_bootrom/bootrom.c.obj
                0x100032b0                rom_data_lookup
 .text.rom_funcs_lookup
                0x100032c0       0x36 CMakeFiles/mandelbrot.dir/D_/RaspberryPiPico/pico-sdk/src/rp2_common/pico_bootrom/bootrom.c.obj
                0x100032c0                rom_funcs_lookup
 *fill*         0x100032f6        0x2 
 .text.__wrap___aeabi_idiv
                0x100032f8       0x50 CMakeFiles/mandelbrot.dir/D_/RaspberryPiPico/pico-sdk/src/rp2_common/pico_divider/divider.S.obj
                0x100032f8                __wrap___aeabi_idivmod
                0x100032f8                divmod_s32s32
                0x100032f8                div_s32s32
                0x100032f8                __wrap___aeabi_idiv
                0x10003300                divmod_s32s32_unsafe
                0x1000332c                divmod_s32s32_savestate
 .text.__wrap___aeabi_uidiv
                0x10003348       0x4c CMakeFiles/mandelbrot.dir/D_/RaspberryPiPico/pico-sdk/src/rp2_common/pico_divider/divider.S.obj
                0x10003348                __wrap___aeabi_uidiv
                0x10003348                __wrap___aeabi_uidivmod
                0x10003348                div_u32u32
                0x10003348                divmod_u32u32
                0x10003350                divmod_u32u32_unsafe
                0x10003378                divmod_u32u32_savestate
 .text.__wrap___aeabi_ldiv
                0x10003394      0x434 CMakeFiles/mandelbrot.dir/D_/RaspberryPiPico/pico-sdk/src/rp2_common/pico_divider/divider.S.obj
                0x10003394                div_s64s64
                0x10003394                divmod_s64s64
                0x10003394                __wrap___aeabi_ldivmod
                0x100033cc                divmod_u64u64
                0x100033cc                div_u64u64
                0x100033cc                __wrap___aeabi_uldivmod
                0x100033dc                divmod_u64u64_savestate
                0x10003404                divmod_s64s64_unsafe
                0x1000348c                divmod_u64u64_unsafe
 .text.__wrap___aeabi_darithmetic
                0x100037c8       0x80 CMakeFiles/mandelbrot.dir/D_/RaspberryPiPico/pico-sdk/src/rp2_common/pico_double/double_aeabi.S.obj
                0x100037c8                __wrap___aeabi_drsub
                0x100037ce                __wrap___aeabi_dsub
                0x100037e0                __wrap___aeabi_dadd
                0x100037f2                __wrap___aeabi_ddiv
                0x1000382e                __wrap___aeabi_dmul
 .text.__wrap___aeabi_cdcmple
                0x10003848       0x6c CMakeFiles/mandelbrot.dir/D_/RaspberryPiPico/pico-sdk/src/rp2_common/pico_double/double_aeabi.S.obj
                0x10003848                __wrap___aeabi_cdrcmple
                0x10003858                __wrap___aeabi_cdcmpeq
                0x10003858                __wrap___aeabi_cdcmple
 .text.__wrap___aeabi_dcmplt
                0x100038b4        0xc CMakeFiles/mandelbrot.dir/D_/RaspberryPiPico/pico-sdk/src/rp2_common/pico_double/double_aeabi.S.obj
                0x100038b4                __wrap___aeabi_dcmplt
 .text.__wrap___aeabi_dcmple
                0x100038c0       0x10 CMakeFiles/mandelbrot.dir/D_/RaspberryPiPico/pico-sdk/src/rp2_common/pico_double/double_aeabi.S.obj
                0x100038c0                __wrap___aeabi_dcmple
 .text.__wrap___aeabi_dcmpge
                0x100038d0       0x10 CMakeFiles/mandelbrot.dir/D_/RaspberryPiPico/pico-sdk/src/rp2_common/pico_double/double_aeabi.S.obj
                0x100038d0                __wrap___aeabi_dcmpge
 .text.__wrap___aeabi_dcmpgt
                0x100038e0        0xa CMakeFiles/mandelbrot.dir/D_/RaspberryPiPico/pico-sdk/src/rp2_common/pico_double/double_aeabi.S.obj
                0x100038e0                __wrap___aeabi_dcmpgt
 .text.__wrap___aeabi_dcmpun
                0x100038ea       0x1c CMakeFiles/mandelbrot.dir/D_/RaspberryPiPico/pico-sdk/src/rp2_common/pico_double/double_aeabi.S.obj
                0x100038ea                __wrap___aeabi_dcmpun
 *fill*         0x10003906        0x2 
 .text.__wrap___aeabi_i2d
                0x10003908       0x38 CMakeFiles/mandelbrot.dir/D_/RaspberryPiPico/pico-sdk/src/rp2_common/pico_double/double_aeabi.S.obj
                0x10003908                __wrap___aeabi_ui2d
                0x10003910                __wrap___aeabi_i2d
 .text.__wrap___aeabi_d2iz
                0x10003940       0x48 CMakeFiles/mandelbrot.dir/D_/RaspberryPiPico/pico-sdk/src/rp2_common/pico_double/double_aeabi.S.obj
                0x10003940                double2int_z
                0x10003940                __wrap___aeabi_d2iz
 .text.__wrap___aeabi_d2uiz
                0x10003988       0x18 CMakeFiles/mandelbrot.dir/D_/RaspberryPiPico/pico-sdk/src/rp2_common/pico_double/double_aeabi.S.obj
                0x10003988                __wrap___aeabi_d2uiz
                0x10003988                double2uint
 .text.__aeabi_double_init
                0x100039a0       0xc8 CMakeFiles/mandelbrot.dir/D_/RaspberryPiPico/pico-sdk/src/rp2_common/pico_double/double_init_rom.c.obj
                0x100039a0                __aeabi_double_init
 .text.double_table_shim_on_use_helper
                0x10003a68       0x34 CMakeFiles/mandelbrot.dir/D_/RaspberryPiPico/pico-sdk/src/rp2_common/pico_double/double_v1_rom_shim.S.obj
                0x10003a68                double_table_shim_on_use_helper
 .text.__wrap___aeabi_dsub
                0x10003a9c       0x10 CMakeFiles/mandelbrot.dir/D_/RaspberryPiPico/pico-sdk/src/rp2_common/pico_double/double_v1_rom_shim.S.obj
                0x10003a9c                drsub_shim
                0x10003aa2                dsub_shim
 .text.dadd_shim
                0x10003aac      0x15c CMakeFiles/mandelbrot.dir/D_/RaspberryPiPico/pico-sdk/src/rp2_common/pico_double/double_v1_rom_shim.S.obj
                0x10003aac                dadd_shim
 .text.dmul_shim
                0x10003c08      0x15c CMakeFiles/mandelbrot.dir/D_/RaspberryPiPico/pico-sdk/src/rp2_common/pico_double/double_v1_rom_shim.S.obj
                0x10003c08                dmul_shim
 .text.ddiv_shim
                0x10003d64      0x1b0 CMakeFiles/mandelbrot.dir/D_/RaspberryPiPico/pico-sdk/src/rp2_common/pico_double/double_v1_rom_shim.S.obj
                0x10003d64                ddiv_shim
 .text.double2uint_shim
                0x10003f14        0xe CMakeFiles/mandelbrot.dir/D_/RaspberryPiPico/pico-sdk/src/rp2_common/pico_double/double_v1_rom_shim.S.obj
                0x10003f14                double2uint_shim
                0x10003f16                double2ufix_shim
 *fill*         0x10003f22        0x2 
 .text.double2uint64_shim
                0x10003f24       0x70 CMakeFiles/mandelbrot.dir/D_/RaspberryPiPico/pico-sdk/src/rp2_common/pico_double/double_v1_rom_shim.S.obj
                0x10003f24                double2uint64_shim
                0x10003f26                double2ufix64_shim
                0x10003f46                d2fix_a
 .text.dunpacks
                0x10003f94       0x3c CMakeFiles/mandelbrot.dir/D_/RaspberryPiPico/pico-sdk/src/rp2_common/pico_double/double_v1_rom_shim.S.obj
                0x10003f94                dunpacks
 .text.__aeabi_lmul
                0x10003fd0       0x32 CMakeFiles/mandelbrot.dir/D_/RaspberryPiPico/pico-sdk/src/rp2_common/pico_int64_ops/pico_int64_ops_aeabi.S.obj
                0x10003fd0                __wrap___aeabi_lmul
 *fill*         0x10004002        0x2 
 .text.__aeabi_float_init
                0x10004004       0xfc CMakeFiles/mandelbrot.dir/D_/RaspberryPiPico/pico-sdk/src/rp2_common/pico_float/float_init_rom.c.obj
                0x10004004                __aeabi_float_init
 .text.float_table_shim_on_use_helper
                0x10004100       0x34 CMakeFiles/mandelbrot.dir/D_/RaspberryPiPico/pico-sdk/src/rp2_common/pico_float/float_v1_rom_shim.S.obj
                0x10004100                float_table_shim_on_use_helper
 .text.__wrap_malloc
                0x10004134       0x24 CMakeFiles/mandelbrot.dir/D_/RaspberryPiPico/pico-sdk/src/rp2_common/pico_malloc/pico_malloc.c.obj
                0x10004134                __wrap_malloc
 .text          0x10004158       0x10 CMakeFiles/mandelbrot.dir/D_/RaspberryPiPico/pico-sdk/src/rp2_common/pico_mem_ops/mem_ops_aeabi.S.obj
                0x10004158                __aeabi_mem_init
 .text.memset   0x10004168        0xc CMakeFiles/mandelbrot.dir/D_/RaspberryPiPico/pico-sdk/src/rp2_common/pico_mem_ops/mem_ops_aeabi.S.obj
                0x10004168                __wrap_memset
 .text.memcpy   0x10004174        0xc CMakeFiles/mandelbrot.dir/D_/RaspberryPiPico/pico-sdk/src/rp2_common/pico_mem_ops/mem_ops_aeabi.S.obj
                0x10004174                __wrap_memcpy
                0x10004174                __wrap___aeabi_memcpy
 .text._Znaj    0x10004180        0x8 CMakeFiles/mandelbrot.dir/D_/RaspberryPiPico/pico-sdk/src/rp2_common/pico_standard_link/new_delete.cpp.obj
                0x10004180                operator new[](unsigned int)
 .text.stdio_out_chars_no_crlf
                0x10004188        0xe CMakeFiles/mandelbrot.dir/D_/RaspberryPiPico/pico-sdk/src/rp2_common/pico_stdio/stdio.c.obj
 *fill*         0x10004196        0x2 
 .text.stdio_out_chars_crlf
                0x10004198       0x80 CMakeFiles/mandelbrot.dir/D_/RaspberryPiPico/pico-sdk/src/rp2_common/pico_stdio/stdio.c.obj
 .text.stdio_stack_buffer_flush
                0x10004218       0x44 CMakeFiles/mandelbrot.dir/D_/RaspberryPiPico/pico-sdk/src/rp2_common/pico_stdio/stdio.c.obj
 .text.stdio_buffered_printer
                0x1000425c       0x20 CMakeFiles/mandelbrot.dir/D_/RaspberryPiPico/pico-sdk/src/rp2_common/pico_stdio/stdio.c.obj
 .text.stdout_serialize_begin
                0x1000427c       0x30 CMakeFiles/mandelbrot.dir/D_/RaspberryPiPico/pico-sdk/src/rp2_common/pico_stdio/stdio.c.obj
                0x1000427c                stdout_serialize_begin
 .text.stdout_serialize_end
                0x100042ac       0x10 CMakeFiles/mandelbrot.dir/D_/RaspberryPiPico/pico-sdk/src/rp2_common/pico_stdio/stdio.c.obj
                0x100042ac                stdout_serialize_end
 .text.stdio_put_string
                0x100042bc       0x98 CMakeFiles/mandelbrot.dir/D_/RaspberryPiPico/pico-sdk/src/rp2_common/pico_stdio/stdio.c.obj
 .text.stdio_set_driver_enabled
                0x10004354       0x38 CMakeFiles/mandelbrot.dir/D_/RaspberryPiPico/pico-sdk/src/rp2_common/pico_stdio/stdio.c.obj
                0x10004354                stdio_set_driver_enabled
 .text.stdio_flush
                0x1000438c       0x20 CMakeFiles/mandelbrot.dir/D_/RaspberryPiPico/pico-sdk/src/rp2_common/pico_stdio/stdio.c.obj
                0x1000438c                stdio_flush
 .text.__wrap_puts
                0x100043ac       0x1e CMakeFiles/mandelbrot.dir/D_/RaspberryPiPico/pico-sdk/src/rp2_common/pico_stdio/stdio.c.obj
                0x100043ac                __wrap_puts
 *fill*         0x100043ca        0x2 
 .text.__wrap_vprintf
                0x100043cc       0x44 CMakeFiles/mandelbrot.dir/D_/RaspberryPiPico/pico-sdk/src/rp2_common/pico_stdio/stdio.c.obj
                0x100043cc                __wrap_vprintf
 .text.__wrap_printf
                0x10004410       0x18 CMakeFiles/mandelbrot.dir/D_/RaspberryPiPico/pico-sdk/src/rp2_common/pico_stdio/stdio.c.obj
                0x10004410                __wrap_printf
 .text.stdio_init_all
                0x10004428        0x8 CMakeFiles/mandelbrot.dir/D_/RaspberryPiPico/pico-sdk/src/rp2_common/pico_stdio/stdio.c.obj
                0x10004428                stdio_init_all
 .text.resetd_init
                0x10004430        0x2 CMakeFiles/mandelbrot.dir/D_/RaspberryPiPico/pico-sdk/src/rp2_common/pico_stdio_usb/reset_interface.c.obj
 *fill*         0x10004432        0x2 
 .text.resetd_reset
                0x10004434        0xc CMakeFiles/mandelbrot.dir/D_/RaspberryPiPico/pico-sdk/src/rp2_common/pico_stdio_usb/reset_interface.c.obj
 .text.resetd_open
                0x10004440       0x34 CMakeFiles/mandelbrot.dir/D_/RaspberryPiPico/pico-sdk/src/rp2_common/pico_stdio_usb/reset_interface.c.obj
 .text.resetd_xfer_cb
                0x10004474        0x4 CMakeFiles/mandelbrot.dir/D_/RaspberryPiPico/pico-sdk/src/rp2_common/pico_stdio_usb/reset_interface.c.obj
 .text.reset_usb_boot
                0x10004478       0x18 CMakeFiles/mandelbrot.dir/D_/RaspberryPiPico/pico-sdk/src/rp2_common/pico_stdio_usb/reset_interface.c.obj
 .text.resetd_control_xfer_cb
                0x10004490       0x5c CMakeFiles/mandelbrot.dir/D_/RaspberryPiPico/pico-sdk/src/rp2_common/pico_stdio_usb/reset_interface.c.obj
 .text.usbd_app_driver_get_cb
                0x100044ec        0xc CMakeFiles/mandelbrot.dir/D_/RaspberryPiPico/pico-sdk/src/rp2_common/pico_stdio_usb/reset_interface.c.obj
                0x100044ec                usbd_app_driver_get_cb
 .text.tud_cdc_line_coding_cb
                0x100044f8       0x28 CMakeFiles/mandelbrot.dir/D_/RaspberryPiPico/pico-sdk/src/rp2_common/pico_stdio_usb/reset_interface.c.obj
                0x100044f8                tud_cdc_line_coding_cb
 .text.stdio_usb_in_chars
                0x10004520       0x70 CMakeFiles/mandelbrot.dir/D_/RaspberryPiPico/pico-sdk/src/rp2_common/pico_stdio_usb/stdio_usb.c.obj
                0x10004520                stdio_usb_in_chars
 .text.low_priority_worker_irq
                0x10004590       0x20 CMakeFiles/mandelbrot.dir/D_/RaspberryPiPico/pico-sdk/src/rp2_common/pico_stdio_usb/stdio_usb.c.obj
 .text.stdio_usb_out_chars
                0x100045b0       0xd4 CMakeFiles/mandelbrot.dir/D_/RaspberryPiPico/pico-sdk/src/rp2_common/pico_stdio_usb/stdio_usb.c.obj
 .text.timer_task
                0x10004684       0x10 CMakeFiles/mandelbrot.dir/D_/RaspberryPiPico/pico-sdk/src/rp2_common/pico_stdio_usb/stdio_usb.c.obj
 .text.stdio_usb_init
                0x10004694       0xb8 CMakeFiles/mandelbrot.dir/D_/RaspberryPiPico/pico-sdk/src/rp2_common/pico_stdio_usb/stdio_usb.c.obj
                0x10004694                stdio_usb_init
 .text.tud_descriptor_device_cb
                0x1000474c        0x8 CMakeFiles/mandelbrot.dir/D_/RaspberryPiPico/pico-sdk/src/rp2_common/pico_stdio_usb/stdio_usb_descriptors.c.obj
                0x1000474c                tud_descriptor_device_cb
 .text.tud_descriptor_configuration_cb
                0x10004754        0x8 CMakeFiles/mandelbrot.dir/D_/RaspberryPiPico/pico-sdk/src/rp2_common/pico_stdio_usb/stdio_usb_descriptors.c.obj
                0x10004754                tud_descriptor_configuration_cb
 .text.tud_descriptor_string_cb
                0x1000475c       0x6c CMakeFiles/mandelbrot.dir/D_/RaspberryPiPico/pico-sdk/src/rp2_common/pico_stdio_usb/stdio_usb_descriptors.c.obj
                0x1000475c                tud_descriptor_string_cb
 .text.hw_endpoint_get_by_addr
                0x100047c8       0x18 CMakeFiles/mandelbrot.dir/D_/RaspberryPiPico/pico-sdk/lib/tinyusb/src/portable/raspberrypi/rp2040/dcd_rp2040.c.obj
 .text.reset_ep0_pid
                0x100047e0       0x28 CMakeFiles/mandelbrot.dir/D_/RaspberryPiPico/pico-sdk/lib/tinyusb/src/portable/raspberrypi/rp2040/dcd_rp2040.c.obj
 .text._hw_endpoint_alloc
                0x10004808       0x70 CMakeFiles/mandelbrot.dir/D_/RaspberryPiPico/pico-sdk/lib/tinyusb/src/portable/raspberrypi/rp2040/dcd_rp2040.c.obj
 .text.hw_endpoint_init
                0x10004878       0x88 CMakeFiles/mandelbrot.dir/D_/RaspberryPiPico/pico-sdk/lib/tinyusb/src/portable/raspberrypi/rp2040/dcd_rp2040.c.obj
 .text.reset_non_control_endpoints
                0x10004900       0x40 CMakeFiles/mandelbrot.dir/D_/RaspberryPiPico/pico-sdk/lib/tinyusb/src/portable/raspberrypi/rp2040/dcd_rp2040.c.obj
 .text.hw_handle_buff_status
                0x10004940       0x8c CMakeFiles/mandelbrot.dir/D_/RaspberryPiPico/pico-sdk/lib/tinyusb/src/portable/raspberrypi/rp2040/dcd_rp2040.c.obj
 .text.dcd_rp2040_irq
                0x100049cc       0xc0 CMakeFiles/mandelbrot.dir/D_/RaspberryPiPico/pico-sdk/lib/tinyusb/src/portable/raspberrypi/rp2040/dcd_rp2040.c.obj
 .text.hw_endpoint_xfer
                0x10004a8c       0x14 CMakeFiles/mandelbrot.dir/D_/RaspberryPiPico/pico-sdk/lib/tinyusb/src/portable/raspberrypi/rp2040/dcd_rp2040.c.obj
 .text.dcd_int_enable
                0x10004aa0       0x2c CMakeFiles/mandelbrot.dir/D_/RaspberryPiPico/pico-sdk/lib/tinyusb/src/portable/raspberrypi/rp2040/dcd_rp2040.c.obj
                0x10004aa0                dcd_int_enable
 .text.dcd_set_address
                0x10004acc       0x2c CMakeFiles/mandelbrot.dir/D_/RaspberryPiPico/pico-sdk/lib/tinyusb/src/portable/raspberrypi/rp2040/dcd_rp2040.c.obj
                0x10004acc                dcd_set_address
 .text.dcd_connect
                0x10004af8       0x10 CMakeFiles/mandelbrot.dir/D_/RaspberryPiPico/pico-sdk/lib/tinyusb/src/portable/raspberrypi/rp2040/dcd_rp2040.c.obj
                0x10004af8                dcd_connect
 .text.dcd_init
                0x10004b08       0x7c CMakeFiles/mandelbrot.dir/D_/RaspberryPiPico/pico-sdk/lib/tinyusb/src/portable/raspberrypi/rp2040/dcd_rp2040.c.obj
                0x10004b08                dcd_init
 .text.dcd_edpt0_status_complete
                0x10004b84       0x1c CMakeFiles/mandelbrot.dir/D_/RaspberryPiPico/pico-sdk/lib/tinyusb/src/portable/raspberrypi/rp2040/dcd_rp2040.c.obj
                0x10004b84                dcd_edpt0_status_complete
 .text.dcd_edpt_open
                0x10004ba0       0x40 CMakeFiles/mandelbrot.dir/D_/RaspberryPiPico/pico-sdk/lib/tinyusb/src/portable/raspberrypi/rp2040/dcd_rp2040.c.obj
                0x10004ba0                dcd_edpt_open
 .text.dcd_edpt_close_all
                0x10004be0        0x8 CMakeFiles/mandelbrot.dir/D_/RaspberryPiPico/pico-sdk/lib/tinyusb/src/portable/raspberrypi/rp2040/dcd_rp2040.c.obj
                0x10004be0                dcd_edpt_close_all
 .text.dcd_edpt_xfer
                0x10004be8       0x30 CMakeFiles/mandelbrot.dir/D_/RaspberryPiPico/pico-sdk/lib/tinyusb/src/portable/raspberrypi/rp2040/dcd_rp2040.c.obj
                0x10004be8                dcd_edpt_xfer
 .text.dcd_edpt_stall
                0x10004c18       0x2c CMakeFiles/mandelbrot.dir/D_/RaspberryPiPico/pico-sdk/lib/tinyusb/src/portable/raspberrypi/rp2040/dcd_rp2040.c.obj
                0x10004c18                dcd_edpt_stall
 .text.dcd_edpt_clear_stall
                0x10004c44       0x20 CMakeFiles/mandelbrot.dir/D_/RaspberryPiPico/pico-sdk/lib/tinyusb/src/portable/raspberrypi/rp2040/dcd_rp2040.c.obj
                0x10004c44                dcd_edpt_clear_stall
 .text.prepare_ep_buffer
                0x10004c64       0x70 CMakeFiles/mandelbrot.dir/D_/RaspberryPiPico/pico-sdk/lib/tinyusb/src/portable/raspberrypi/rp2040/rp2040_usb.c.obj
 .text.sync_ep_buffer
                0x10004cd4       0x7c CMakeFiles/mandelbrot.dir/D_/RaspberryPiPico/pico-sdk/lib/tinyusb/src/portable/raspberrypi/rp2040/rp2040_usb.c.obj
 .text._hw_endpoint_xfer_sync
                0x10004d50       0x28 CMakeFiles/mandelbrot.dir/D_/RaspberryPiPico/pico-sdk/lib/tinyusb/src/portable/raspberrypi/rp2040/rp2040_usb.c.obj
 .text.rp2040_usb_init
                0x10004d78       0x4c CMakeFiles/mandelbrot.dir/D_/RaspberryPiPico/pico-sdk/lib/tinyusb/src/portable/raspberrypi/rp2040/rp2040_usb.c.obj
                0x10004d78                rp2040_usb_init
 .text.hw_endpoint_reset_transfer
                0x10004dc4        0xc CMakeFiles/mandelbrot.dir/D_/RaspberryPiPico/pico-sdk/lib/tinyusb/src/portable/raspberrypi/rp2040/rp2040_usb.c.obj
                0x10004dc4                hw_endpoint_reset_transfer
 .text._hw_endpoint_buffer_control_update32
                0x10004dd0       0x58 CMakeFiles/mandelbrot.dir/D_/RaspberryPiPico/pico-sdk/lib/tinyusb/src/portable/raspberrypi/rp2040/rp2040_usb.c.obj
                0x10004dd0                _hw_endpoint_buffer_control_update32
 .text._hw_endpoint_start_next_buffer
                0x10004e28       0x74 CMakeFiles/mandelbrot.dir/D_/RaspberryPiPico/pico-sdk/lib/tinyusb/src/portable/raspberrypi/rp2040/rp2040_usb.c.obj
 .text.hw_endpoint_xfer_start
                0x10004e9c       0x48 CMakeFiles/mandelbrot.dir/D_/RaspberryPiPico/pico-sdk/lib/tinyusb/src/portable/raspberrypi/rp2040/rp2040_usb.c.obj
                0x10004e9c                hw_endpoint_xfer_start
 .text.hw_endpoint_xfer_continue
                0x10004ee4       0x38 CMakeFiles/mandelbrot.dir/D_/RaspberryPiPico/pico-sdk/lib/tinyusb/src/portable/raspberrypi/rp2040/rp2040_usb.c.obj
                0x10004ee4                hw_endpoint_xfer_continue
 .text.configuration_reset
                0x10004f1c       0x84 CMakeFiles/mandelbrot.dir/D_/RaspberryPiPico/pico-sdk/lib/tinyusb/src/device/usbd.c.obj
 .text.usbd_reset
                0x10004fa0        0xc CMakeFiles/mandelbrot.dir/D_/RaspberryPiPico/pico-sdk/lib/tinyusb/src/device/usbd.c.obj
 .text.invoke_class_control
                0x10004fac       0x1a CMakeFiles/mandelbrot.dir/D_/RaspberryPiPico/pico-sdk/lib/tinyusb/src/device/usbd.c.obj
 *fill*         0x10004fc6        0x2 
 .text.process_set_config
                0x10004fc8      0x1b0 CMakeFiles/mandelbrot.dir/D_/RaspberryPiPico/pico-sdk/lib/tinyusb/src/device/usbd.c.obj
 .text.process_get_descriptor
                0x10005178       0xec CMakeFiles/mandelbrot.dir/D_/RaspberryPiPico/pico-sdk/lib/tinyusb/src/device/usbd.c.obj
 .text.tud_mounted
                0x10005264       0x10 CMakeFiles/mandelbrot.dir/D_/RaspberryPiPico/pico-sdk/lib/tinyusb/src/device/usbd.c.obj
                0x10005264                tud_mounted
 .text.tud_suspended
                0x10005274       0x10 CMakeFiles/mandelbrot.dir/D_/RaspberryPiPico/pico-sdk/lib/tinyusb/src/device/usbd.c.obj
                0x10005274                tud_suspended
 .text.tud_inited
                0x10005284        0xc CMakeFiles/mandelbrot.dir/D_/RaspberryPiPico/pico-sdk/lib/tinyusb/src/device/usbd.c.obj
                0x10005284                tud_inited
 .text.tud_init
                0x10005290       0xcc CMakeFiles/mandelbrot.dir/D_/RaspberryPiPico/pico-sdk/lib/tinyusb/src/device/usbd.c.obj
                0x10005290                tud_init
 .text.dcd_event_handler
                0x1000535c      0x1e0 CMakeFiles/mandelbrot.dir/D_/RaspberryPiPico/pico-sdk/lib/tinyusb/src/device/usbd.c.obj
                0x1000535c                dcd_event_handler
 .text.dcd_event_bus_signal
                0x1000553c       0x26 CMakeFiles/mandelbrot.dir/D_/RaspberryPiPico/pico-sdk/lib/tinyusb/src/device/usbd.c.obj
                0x1000553c                dcd_event_bus_signal
 .text.dcd_event_bus_reset
                0x10005562       0x2a CMakeFiles/mandelbrot.dir/D_/RaspberryPiPico/pico-sdk/lib/tinyusb/src/device/usbd.c.obj
                0x10005562                dcd_event_bus_reset
 .text.dcd_event_setup_received
                0x1000558c       0x34 CMakeFiles/mandelbrot.dir/D_/RaspberryPiPico/pico-sdk/lib/tinyusb/src/device/usbd.c.obj
                0x1000558c                dcd_event_setup_received
 .text.dcd_event_xfer_complete
                0x100055c0       0x44 CMakeFiles/mandelbrot.dir/D_/RaspberryPiPico/pico-sdk/lib/tinyusb/src/device/usbd.c.obj
                0x100055c0                dcd_event_xfer_complete
 .text.usbd_edpt_open
                0x10005604       0x58 CMakeFiles/mandelbrot.dir/D_/RaspberryPiPico/pico-sdk/lib/tinyusb/src/device/usbd.c.obj
                0x10005604                usbd_edpt_open
 .text.usbd_open_edpt_pair
                0x1000565c       0x8c CMakeFiles/mandelbrot.dir/D_/RaspberryPiPico/pico-sdk/lib/tinyusb/src/device/usbd.c.obj
                0x1000565c                usbd_open_edpt_pair
 .text.usbd_edpt_claim
                0x100056e8       0x8c CMakeFiles/mandelbrot.dir/D_/RaspberryPiPico/pico-sdk/lib/tinyusb/src/device/usbd.c.obj
                0x100056e8                usbd_edpt_claim
 .text.usbd_edpt_release
                0x10005774       0x68 CMakeFiles/mandelbrot.dir/D_/RaspberryPiPico/pico-sdk/lib/tinyusb/src/device/usbd.c.obj
                0x10005774                usbd_edpt_release
 .text.usbd_edpt_xfer
                0x100057dc       0x80 CMakeFiles/mandelbrot.dir/D_/RaspberryPiPico/pico-sdk/lib/tinyusb/src/device/usbd.c.obj
                0x100057dc                usbd_edpt_xfer
 .text.usbd_edpt_stall
                0x1000585c       0x40 CMakeFiles/mandelbrot.dir/D_/RaspberryPiPico/pico-sdk/lib/tinyusb/src/device/usbd.c.obj
                0x1000585c                usbd_edpt_stall
 .text.usbd_edpt_clear_stall
                0x1000589c       0x40 CMakeFiles/mandelbrot.dir/D_/RaspberryPiPico/pico-sdk/lib/tinyusb/src/device/usbd.c.obj
                0x1000589c                usbd_edpt_clear_stall
 .text.usbd_edpt_stalled
                0x100058dc       0x1c CMakeFiles/mandelbrot.dir/D_/RaspberryPiPico/pico-sdk/lib/tinyusb/src/device/usbd.c.obj
                0x100058dc                usbd_edpt_stalled
 .text.process_control_request
                0x100058f8      0x3b8 CMakeFiles/mandelbrot.dir/D_/RaspberryPiPico/pico-sdk/lib/tinyusb/src/device/usbd.c.obj
 .text.tud_task
                0x10005cb0      0x218 CMakeFiles/mandelbrot.dir/D_/RaspberryPiPico/pico-sdk/lib/tinyusb/src/device/usbd.c.obj
                0x10005cb0                tud_task
 .text._data_stage_xact
                0x10005ec8       0x58 CMakeFiles/mandelbrot.dir/D_/RaspberryPiPico/pico-sdk/lib/tinyusb/src/device/usbd_control.c.obj
 .text.tud_control_status
                0x10005f20       0x38 CMakeFiles/mandelbrot.dir/D_/RaspberryPiPico/pico-sdk/lib/tinyusb/src/device/usbd_control.c.obj
                0x10005f20                tud_control_status
 .text.tud_control_xfer
                0x10005f58       0xa8 CMakeFiles/mandelbrot.dir/D_/RaspberryPiPico/pico-sdk/lib/tinyusb/src/device/usbd_control.c.obj
                0x10005f58                tud_control_xfer
 .text.usbd_control_reset
                0x10006000       0x14 CMakeFiles/mandelbrot.dir/D_/RaspberryPiPico/pico-sdk/lib/tinyusb/src/device/usbd_control.c.obj
                0x10006000                usbd_control_reset
 .text.usbd_control_set_complete_callback
                0x10006014        0xc CMakeFiles/mandelbrot.dir/D_/RaspberryPiPico/pico-sdk/lib/tinyusb/src/device/usbd_control.c.obj
                0x10006014                usbd_control_set_complete_callback
 .text.usbd_control_set_request
                0x10006020       0x1c CMakeFiles/mandelbrot.dir/D_/RaspberryPiPico/pico-sdk/lib/tinyusb/src/device/usbd_control.c.obj
                0x10006020                usbd_control_set_request
 .text.usbd_control_xfer_cb
                0x1000603c       0xfc CMakeFiles/mandelbrot.dir/D_/RaspberryPiPico/pico-sdk/lib/tinyusb/src/device/usbd_control.c.obj
                0x1000603c                usbd_control_xfer_cb
 .text._prep_out_transaction
                0x10006138       0x46 CMakeFiles/mandelbrot.dir/D_/RaspberryPiPico/pico-sdk/lib/tinyusb/src/class/cdc/cdc_device.c.obj
 *fill*         0x1000617e        0x2 
 .text.tud_cdc_n_connected
                0x10006180       0x44 CMakeFiles/mandelbrot.dir/D_/RaspberryPiPico/pico-sdk/lib/tinyusb/src/class/cdc/cdc_device.c.obj
                0x10006180                tud_cdc_n_connected
 .text.tud_cdc_n_available
                0x100061c4       0x18 CMakeFiles/mandelbrot.dir/D_/RaspberryPiPico/pico-sdk/lib/tinyusb/src/class/cdc/cdc_device.c.obj
                0x100061c4                tud_cdc_n_available
 .text.tud_cdc_n_read
                0x100061dc       0x28 CMakeFiles/mandelbrot.dir/D_/RaspberryPiPico/pico-sdk/lib/tinyusb/src/class/cdc/cdc_device.c.obj
                0x100061dc                tud_cdc_n_read
 .text.tud_cdc_n_write_flush
                0x10006204       0xcc CMakeFiles/mandelbrot.dir/D_/RaspberryPiPico/pico-sdk/lib/tinyusb/src/class/cdc/cdc_device.c.obj
                0x10006204                tud_cdc_n_write_flush
 .text.tud_cdc_n_write
                0x100062d0       0x38 CMakeFiles/mandelbrot.dir/D_/RaspberryPiPico/pico-sdk/lib/tinyusb/src/class/cdc/cdc_device.c.obj
                0x100062d0                tud_cdc_n_write
 .text.tud_cdc_n_write_available
                0x10006308       0x1c CMakeFiles/mandelbrot.dir/D_/RaspberryPiPico/pico-sdk/lib/tinyusb/src/class/cdc/cdc_device.c.obj
                0x10006308                tud_cdc_n_write_available
 .text.cdcd_init
                0x10006324       0xbc CMakeFiles/mandelbrot.dir/D_/RaspberryPiPico/pico-sdk/lib/tinyusb/src/class/cdc/cdc_device.c.obj
                0x10006324                cdcd_init
 .text.cdcd_reset
                0x100063e0       0x44 CMakeFiles/mandelbrot.dir/D_/RaspberryPiPico/pico-sdk/lib/tinyusb/src/class/cdc/cdc_device.c.obj
                0x100063e0                cdcd_reset
 .text.cdcd_open
                0x10006424       0xf8 CMakeFiles/mandelbrot.dir/D_/RaspberryPiPico/pico-sdk/lib/tinyusb/src/class/cdc/cdc_device.c.obj
                0x10006424                cdcd_open
 .text.cdcd_control_xfer_cb
                0x1000651c      0x134 CMakeFiles/mandelbrot.dir/D_/RaspberryPiPico/pico-sdk/lib/tinyusb/src/class/cdc/cdc_device.c.obj
                0x1000651c                cdcd_control_xfer_cb
 .text.cdcd_xfer_cb
                0x10006650      0x144 CMakeFiles/mandelbrot.dir/D_/RaspberryPiPico/pico-sdk/lib/tinyusb/src/class/cdc/cdc_device.c.obj
                0x10006650                cdcd_xfer_cb
 .text.tusb_init
                0x10006794       0x24 CMakeFiles/mandelbrot.dir/D_/RaspberryPiPico/pico-sdk/lib/tinyusb/src/tusb.c.obj
                0x10006794                tusb_init
 .text.tusb_inited
                0x100067b8        0xe CMakeFiles/mandelbrot.dir/D_/RaspberryPiPico/pico-sdk/lib/tinyusb/src/tusb.c.obj
                0x100067b8                tusb_inited
 *fill*         0x100067c6        0x2 
 .text.tu_edpt_validate
                0x100067c8       0xa8 CMakeFiles/mandelbrot.dir/D_/RaspberryPiPico/pico-sdk/lib/tinyusb/src/tusb.c.obj
                0x100067c8                tu_edpt_validate
 .text.tu_edpt_bind_driver
                0x10006870       0x2a CMakeFiles/mandelbrot.dir/D_/RaspberryPiPico/pico-sdk/lib/tinyusb/src/tusb.c.obj
                0x10006870                tu_edpt_bind_driver
 .text.advance_pointer
                0x1000689a       0x18 CMakeFiles/mandelbrot.dir/D_/RaspberryPiPico/pico-sdk/lib/tinyusb/src/common/tusb_fifo.c.obj
 .text.backward_pointer
                0x100068b2       0x1e CMakeFiles/mandelbrot.dir/D_/RaspberryPiPico/pico-sdk/lib/tinyusb/src/common/tusb_fifo.c.obj
 .text.get_relative_pointer
                0x100068d0       0x10 CMakeFiles/mandelbrot.dir/D_/RaspberryPiPico/pico-sdk/lib/tinyusb/src/common/tusb_fifo.c.obj
 .text._tu_fifo_peek
                0x100068e0       0x50 CMakeFiles/mandelbrot.dir/D_/RaspberryPiPico/pico-sdk/lib/tinyusb/src/common/tusb_fifo.c.obj
 .text._ff_pull_const_addr
                0x10006930       0x4c CMakeFiles/mandelbrot.dir/D_/RaspberryPiPico/pico-sdk/lib/tinyusb/src/common/tusb_fifo.c.obj
 .text._ff_pull_n
                0x1000697c      0x10c CMakeFiles/mandelbrot.dir/D_/RaspberryPiPico/pico-sdk/lib/tinyusb/src/common/tusb_fifo.c.obj
 .text._tu_fifo_peek_n
                0x10006a88       0x5e CMakeFiles/mandelbrot.dir/D_/RaspberryPiPico/pico-sdk/lib/tinyusb/src/common/tusb_fifo.c.obj
 .text._tu_fifo_read_n
                0x10006ae6       0x4e CMakeFiles/mandelbrot.dir/D_/RaspberryPiPico/pico-sdk/lib/tinyusb/src/common/tusb_fifo.c.obj
 .text._ff_push_const_addr
                0x10006b34       0x40 CMakeFiles/mandelbrot.dir/D_/RaspberryPiPico/pico-sdk/lib/tinyusb/src/common/tusb_fifo.c.obj
 .text._ff_push_n
                0x10006b74      0x108 CMakeFiles/mandelbrot.dir/D_/RaspberryPiPico/pico-sdk/lib/tinyusb/src/common/tusb_fifo.c.obj
 .text._tu_fifo_write_n
                0x10006c7c       0x9e CMakeFiles/mandelbrot.dir/D_/RaspberryPiPico/pico-sdk/lib/tinyusb/src/common/tusb_fifo.c.obj
 .text.tu_fifo_config
                0x10006d1a       0x72 CMakeFiles/mandelbrot.dir/D_/RaspberryPiPico/pico-sdk/lib/tinyusb/src/common/tusb_fifo.c.obj
                0x10006d1a                tu_fifo_config
 .text.tu_fifo_count
                0x10006d8c       0x26 CMakeFiles/mandelbrot.dir/D_/RaspberryPiPico/pico-sdk/lib/tinyusb/src/common/tusb_fifo.c.obj
                0x10006d8c                tu_fifo_count
 .text.tu_fifo_empty
                0x10006db2       0x10 CMakeFiles/mandelbrot.dir/D_/RaspberryPiPico/pico-sdk/lib/tinyusb/src/common/tusb_fifo.c.obj
                0x10006db2                tu_fifo_empty
 .text.tu_fifo_remaining
                0x10006dc2       0x20 CMakeFiles/mandelbrot.dir/D_/RaspberryPiPico/pico-sdk/lib/tinyusb/src/common/tusb_fifo.c.obj
                0x10006dc2                tu_fifo_remaining
 .text.tu_fifo_read
                0x10006de2       0x42 CMakeFiles/mandelbrot.dir/D_/RaspberryPiPico/pico-sdk/lib/tinyusb/src/common/tusb_fifo.c.obj
                0x10006de2                tu_fifo_read
 .text.tu_fifo_read_n
                0x10006e24        0xa CMakeFiles/mandelbrot.dir/D_/RaspberryPiPico/pico-sdk/lib/tinyusb/src/common/tusb_fifo.c.obj
                0x10006e24                tu_fifo_read_n
 .text.tu_fifo_write
                0x10006e2e       0x6c CMakeFiles/mandelbrot.dir/D_/RaspberryPiPico/pico-sdk/lib/tinyusb/src/common/tusb_fifo.c.obj
                0x10006e2e                tu_fifo_write
 .text.tu_fifo_write_n
                0x10006e9a        0xa CMakeFiles/mandelbrot.dir/D_/RaspberryPiPico/pico-sdk/lib/tinyusb/src/common/tusb_fifo.c.obj
                0x10006e9a                tu_fifo_write_n
 .text.tu_fifo_clear
                0x10006ea4       0x4c CMakeFiles/mandelbrot.dir/D_/RaspberryPiPico/pico-sdk/lib/tinyusb/src/common/tusb_fifo.c.obj
                0x10006ea4                tu_fifo_clear
 .text.tu_fifo_set_overwritable
                0x10006ef0       0x3c CMakeFiles/mandelbrot.dir/D_/RaspberryPiPico/pico-sdk/lib/tinyusb/src/common/tusb_fifo.c.obj
                0x10006ef0                tu_fifo_set_overwritable
 .text._retrieve_unique_id_on_boot
                0x10006f2c       0x10 CMakeFiles/mandelbrot.dir/D_/RaspberryPiPico/pico-sdk/src/rp2_common/pico_unique_id/unique_id.c.obj
 .text.pico_get_unique_board_id_string
                0x10006f3c       0x60 CMakeFiles/mandelbrot.dir/D_/RaspberryPiPico/pico-sdk/src/rp2_common/pico_unique_id/unique_id.c.obj
                0x10006f3c                pico_get_unique_board_id_string
 .text.flash_get_unique_id
                0x10006f9c       0x46 CMakeFiles/mandelbrot.dir/D_/RaspberryPiPico/pico-sdk/src/rp2_common/hardware_flash/flash.c.obj
                0x10006f9c                flash_get_unique_id
 *fill*         0x10006fe2        0x2 
 .text.boot_double_tap_check
                0x10006fe4       0x64 CMakeFiles/mandelbrot.dir/D_/RaspberryPiPico/pico-sdk/src/rp2_common/pico_bootsel_via_double_reset/pico_bootsel_via_double_reset.c.obj
 .text._ZN11FrameBuffer6byteOREih
                0x10007048       0x10 FrameBuffer\libframebuffer.a(FrameBuffer.cpp.obj)
                0x10007048                FrameBuffer::byteOR(int, unsigned char)
 .text._ZN11FrameBuffer7byteANDEih
                0x10007058       0x10 FrameBuffer\libframebuffer.a(FrameBuffer.cpp.obj)
                0x10007058                FrameBuffer::byteAND(int, unsigned char)
 .text._ZN11FrameBuffer7byteXOREih
                0x10007068       0x10 FrameBuffer\libframebuffer.a(FrameBuffer.cpp.obj)
                0x10007068                FrameBuffer::byteXOR(int, unsigned char)
 .text._ZN11FrameBuffer5clearEv
                0x10007078       0x10 FrameBuffer\libframebuffer.a(FrameBuffer.cpp.obj)
                0x10007078                FrameBuffer::clear()
 .text._ZN11FrameBufferC2Eii10BufferType
                0x10007088       0x70 FrameBuffer\libframebuffer.a(FrameBuffer.cpp.obj)
                0x10007088                FrameBuffer::FrameBuffer(int, int, BufferType)
                0x10007088                FrameBuffer::FrameBuffer(int, int, BufferType)
 .text._ZN11FrameBuffer8getPixelEii
                0x100070f8       0x5a FrameBuffer\libframebuffer.a(FrameBuffer.cpp.obj)
                0x100070f8                FrameBuffer::getPixel(int, int)
 .text._ZN11FrameBuffer8setPixelEss6Colors4Mode
                0x10007152       0xd8 FrameBuffer\libframebuffer.a(FrameBuffer.cpp.obj)
                0x10007152                FrameBuffer::setPixel(short, short, Colors, Mode)
 *fill*         0x1000722a        0x2 
 .text._ZN3gofC2EiiP11FrameBufferi
                0x1000722c       0x4c GameOfLife\libgof.a(gof.cpp.obj)
                0x1000722c                gof::gof(int, int, FrameBuffer*, int)
                0x1000722c                gof::gof(int, int, FrameBuffer*, int)
 .text._ZN3gof6gliderEiii
                0x10007278       0xaa GameOfLife\libgof.a(gof.cpp.obj)
                0x10007278                gof::glider(int, int, int)
 .text._ZN3gof6updateEv
                0x10007322      0x190 GameOfLife\libgof.a(gof.cpp.obj)
                0x10007322                gof::update()
 *fill*         0x100074b2        0x2 
 .text.malloc   0x100074b4       0x14 c:/progra~2/gnuarm~1/102021~1.10/bin/../lib/gcc/arm-none-eabi/10.3.1/../../../../arm-none-eabi/lib/thumb/v6-m/nofp\libg.a(lib_a-malloc.o)
                0x100074b4                malloc
 .text._malloc_r
                0x100074c8      0x584 c:/progra~2/gnuarm~1/102021~1.10/bin/../lib/gcc/arm-none-eabi/10.3.1/../../../../arm-none-eabi/lib/thumb/v6-m/nofp\libg.a(lib_a-mallocr.o)
                0x100074c8                _malloc_r
 .text.__malloc_lock
                0x10007a4c       0x10 c:/progra~2/gnuarm~1/102021~1.10/bin/../lib/gcc/arm-none-eabi/10.3.1/../../../../arm-none-eabi/lib/thumb/v6-m/nofp\libg.a(lib_a-mlock.o)
                0x10007a4c                __malloc_lock
 .text.__malloc_unlock
                0x10007a5c       0x10 c:/progra~2/gnuarm~1/102021~1.10/bin/../lib/gcc/arm-none-eabi/10.3.1/../../../../arm-none-eabi/lib/thumb/v6-m/nofp\libg.a(lib_a-mlock.o)
                0x10007a5c                __malloc_unlock
 .text.rand     0x10007a6c       0x34 c:/progra~2/gnuarm~1/102021~1.10/bin/../lib/gcc/arm-none-eabi/10.3.1/../../../../arm-none-eabi/lib/thumb/v6-m/nofp\libg.a(lib_a-rand.o)
                0x10007a6c                rand
 .text._sbrk_r  0x10007aa0       0x24 c:/progra~2/gnuarm~1/102021~1.10/bin/../lib/gcc/arm-none-eabi/10.3.1/../../../../arm-none-eabi/lib/thumb/v6-m/nofp\libg.a(lib_a-sbrkr.o)
                0x10007aa0                _sbrk_r
 .text.strlen   0x10007ac4       0x5c c:/progra~2/gnuarm~1/102021~1.10/bin/../lib/gcc/arm-none-eabi/10.3.1/../../../../arm-none-eabi/lib/thumb/v6-m/nofp\libg.a(lib_a-strlen-stub.o)
                0x10007ac4                strlen
 .text._malloc_trim_r
                0x10007b20       0x9c c:/progra~2/gnuarm~1/102021~1.10/bin/../lib/gcc/arm-none-eabi/10.3.1/../../../../arm-none-eabi/lib/thumb/v6-m/nofp\libg.a(lib_a-freer.o)
                0x10007b20                _malloc_trim_r
 .text._free_r  0x10007bbc      0x1c4 c:/progra~2/gnuarm~1/102021~1.10/bin/../lib/gcc/arm-none-eabi/10.3.1/../../../../arm-none-eabi/lib/thumb/v6-m/nofp\libg.a(lib_a-freer.o)
                0x10007bbc                _free_r
 .text.__retarget_lock_acquire_recursive
                0x10007d80        0x4 c:/progra~2/gnuarm~1/102021~1.10/bin/../lib/gcc/arm-none-eabi/10.3.1/../../../../arm-none-eabi/lib/thumb/v6-m/nofp\libg.a(lib_a-lock.o)
                0x10007d80                __retarget_lock_acquire_recursive
 .text.__retarget_lock_release_recursive
                0x10007d84        0x4 c:/progra~2/gnuarm~1/102021~1.10/bin/../lib/gcc/arm-none-eabi/10.3.1/../../../../arm-none-eabi/lib/thumb/v6-m/nofp\libg.a(lib_a-lock.o)
                0x10007d84                __retarget_lock_release_recursive
 *(.fini)
 .fini          0x10007d88        0x4 c:/progra~2/gnuarm~1/102021~1.10/bin/../lib/gcc/arm-none-eabi/10.3.1/thumb/v6-m/nofp/crti.o
                0x10007d88                _fini
 *fill*         0x10007d8c        0x4 
 .fini.__stub   0x10007d90       0x70 linker stubs
 *crtbegin.o(.ctors)
 *crtbegin?.o(.ctors)
 *(EXCLUDE_FILE(*crtend.o *crtend?.o) .ctors)
 *(SORT_BY_NAME(.ctors.*))
 *(.ctors)
 *crtbegin.o(.dtors)
 *crtbegin?.o(.dtors)
 *(EXCLUDE_FILE(*crtend.o *crtend?.o) .dtors)
 *(SORT_BY_NAME(.dtors.*))
 *(.dtors)
 *(.eh_frame*)
 .eh_frame      0x10007e00        0x0 c:/progra~2/gnuarm~1/102021~1.10/bin/../lib/gcc/arm-none-eabi/10.3.1/thumb/v6-m/nofp/crtbegin.o
                0x10007e00                . = ALIGN (0x4)

.glue_7         0x10007e00        0x0
 .glue_7        0x10007e00        0x0 linker stubs

.glue_7t        0x10007e00        0x0
 .glue_7t       0x10007e00        0x0 linker stubs

.vfp11_veneer   0x10007e00        0x0
 .vfp11_veneer  0x10007e00        0x0 linker stubs

.v4_bx          0x10007e00        0x0
 .v4_bx         0x10007e00        0x0 linker stubs

.iplt           0x10007e00        0x0
 .iplt          0x10007e00        0x0 c:/progra~2/gnuarm~1/102021~1.10/bin/../lib/gcc/arm-none-eabi/10.3.1/thumb/v6-m/nofp/crtbegin.o

.rodata         0x10007e00     0x1908
 *(EXCLUDE_FILE(*libm.a: *libc.a:*lib_a-mem*.o *libgcc.a:) .rodata*)
 .rodata.spin_lock_claim_unused.str1.4
                0x10007e00       0x1b CMakeFiles/mandelbrot.dir/D_/RaspberryPiPico/pico-sdk/src/rp2_common/hardware_sync/sync.c.obj
 *fill*         0x10007e1b        0x1 
 .rodata.repeating_timer_callback.str1.4
                0x10007e1c       0x4c CMakeFiles/mandelbrot.dir/D_/RaspberryPiPico/pico-sdk/src/common/pico_time/time.c.obj
 .rodata.alarm_pool_dump_key.str1.4
                0x10007e68       0x33 CMakeFiles/mandelbrot.dir/D_/RaspberryPiPico/pico-sdk/src/common/pico_time/time.c.obj
 *fill*         0x10007e9b        0x1 
 .rodata.ph_add_child_node.str1.4
                0x10007e9c       0x96 CMakeFiles/mandelbrot.dir/D_/RaspberryPiPico/pico-sdk/src/common/pico_time/time.c.obj
 *fill*         0x10007f32        0x2 
 .rodata.add_alarm_under_lock.str1.4
                0x10007f34       0x28 CMakeFiles/mandelbrot.dir/D_/RaspberryPiPico/pico-sdk/src/common/pico_time/time.c.obj
                                 0x2b (size before relaxing)
 .rodata.alarm_pool_alarm_callback.str1.4
                0x10007f5c       0xe6 CMakeFiles/mandelbrot.dir/D_/RaspberryPiPico/pico-sdk/src/common/pico_time/time.c.obj
 *fill*         0x10008042        0x2 
 .rodata.alarm_pool_get_default.str1.4
                0x10008044       0x21 CMakeFiles/mandelbrot.dir/D_/RaspberryPiPico/pico-sdk/src/common/pico_time/time.c.obj
 *fill*         0x10008065        0x3 
 .rodata.alarm_pool_cancel_alarm.str1.4
                0x10008068       0x27 CMakeFiles/mandelbrot.dir/D_/RaspberryPiPico/pico-sdk/src/common/pico_time/time.c.obj
 *fill*         0x1000808f        0x1 
 .rodata.sleep_until.str1.4
                0x10008090       0x4d CMakeFiles/mandelbrot.dir/D_/RaspberryPiPico/pico-sdk/src/common/pico_time/time.c.obj
 *fill*         0x100080dd        0x3 
 .rodata.__func__.1
                0x100080e0       0x18 CMakeFiles/mandelbrot.dir/D_/RaspberryPiPico/pico-sdk/src/common/pico_time/time.c.obj
 .rodata.__func__.10
                0x100080f8       0x15 CMakeFiles/mandelbrot.dir/D_/RaspberryPiPico/pico-sdk/src/common/pico_time/time.c.obj
 *fill*         0x1000810d        0x3 
 .rodata.__func__.11
                0x10008110       0x1a CMakeFiles/mandelbrot.dir/D_/RaspberryPiPico/pico-sdk/src/common/pico_time/time.c.obj
 *fill*         0x1000812a        0x2 
 .rodata.__func__.12
                0x1000812c        0xa CMakeFiles/mandelbrot.dir/D_/RaspberryPiPico/pico-sdk/src/common/pico_time/time.c.obj
 *fill*         0x10008136        0x2 
 .rodata.__func__.3
                0x10008138       0x17 CMakeFiles/mandelbrot.dir/D_/RaspberryPiPico/pico-sdk/src/common/pico_time/time.c.obj
 *fill*         0x1000814f        0x1 
 .rodata.__func__.4
                0x10008150       0x12 CMakeFiles/mandelbrot.dir/D_/RaspberryPiPico/pico-sdk/src/common/pico_time/time.c.obj
 *fill*         0x10008162        0x2 
 .rodata.__func__.5
                0x10008164        0xd CMakeFiles/mandelbrot.dir/D_/RaspberryPiPico/pico-sdk/src/common/pico_time/time.c.obj
 *fill*         0x10008171        0x3 
 .rodata.__func__.6
                0x10008174       0x12 CMakeFiles/mandelbrot.dir/D_/RaspberryPiPico/pico-sdk/src/common/pico_time/time.c.obj
 *fill*         0x10008186        0x2 
 .rodata.__func__.7
                0x10008188        0xf CMakeFiles/mandelbrot.dir/D_/RaspberryPiPico/pico-sdk/src/common/pico_time/time.c.obj
 *fill*         0x10008197        0x1 
 .rodata.__func__.8
                0x10008198        0xc CMakeFiles/mandelbrot.dir/D_/RaspberryPiPico/pico-sdk/src/common/pico_time/time.c.obj
 .rodata.__func__.9
                0x100081a4       0x15 CMakeFiles/mandelbrot.dir/D_/RaspberryPiPico/pico-sdk/src/common/pico_time/time.c.obj
 *fill*         0x100081b9        0x3 
 .rodata.hardware_alarm_claim.str1.4
                0x100081bc       0x22 CMakeFiles/mandelbrot.dir/D_/RaspberryPiPico/pico-sdk/src/rp2_common/hardware_timer/timer.c.obj
 .rodata.busy_wait_us.str1.4
                0x100081de       0x62 CMakeFiles/mandelbrot.dir/D_/RaspberryPiPico/pico-sdk/src/rp2_common/hardware_timer/timer.c.obj
 *fill*         0x100081de        0x2 
 .rodata.hardware_alarm_set_target.str1.4
                0x100081e0       0x66 CMakeFiles/mandelbrot.dir/D_/RaspberryPiPico/pico-sdk/src/rp2_common/hardware_timer/timer.c.obj
 *fill*         0x10008246        0x2 
 .rodata.__func__.0
                0x10008248       0x1a CMakeFiles/mandelbrot.dir/D_/RaspberryPiPico/pico-sdk/src/rp2_common/hardware_timer/timer.c.obj
 *fill*         0x10008262        0x2 
 .rodata.__func__.1
                0x10008264       0x15 CMakeFiles/mandelbrot.dir/D_/RaspberryPiPico/pico-sdk/src/rp2_common/hardware_timer/timer.c.obj
 *fill*         0x10008279        0x3 
 .rodata.str1.4
                0x1000827c       0x8d CMakeFiles/mandelbrot.dir/D_/RaspberryPiPico/pico-sdk/src/common/pico_sync/mutex.c.obj
                                 0xf1 (size before relaxing)
 *fill*         0x10008309        0x3 
 .rodata.__func__.1
                0x1000830c        0xb CMakeFiles/mandelbrot.dir/D_/RaspberryPiPico/pico-sdk/src/common/pico_sync/mutex.c.obj
 *fill*         0x10008317        0x1 
 .rodata.__func__.3
                0x10008318       0x18 CMakeFiles/mandelbrot.dir/D_/RaspberryPiPico/pico-sdk/src/common/pico_sync/mutex.c.obj
 .rodata.__func__.4
                0x10008330       0x15 CMakeFiles/mandelbrot.dir/D_/RaspberryPiPico/pico-sdk/src/common/pico_sync/mutex.c.obj
 .rodata.ph_add_child_node.str1.4
                0x10008345       0x96 CMakeFiles/mandelbrot.dir/D_/RaspberryPiPico/pico-sdk/src/common/pico_util/pheap.c.obj
 *fill*         0x10008345        0x3 
 .rodata.ph_remove_any_head.str1.4
                0x10008348       0x90 CMakeFiles/mandelbrot.dir/D_/RaspberryPiPico/pico-sdk/src/common/pico_util/pheap.c.obj
 .rodata.ph_remove_and_free_node.str1.4
                0x100083d8       0x26 CMakeFiles/mandelbrot.dir/D_/RaspberryPiPico/pico-sdk/src/common/pico_util/pheap.c.obj
 *fill*         0x100083fe        0x2 
 .rodata.__func__.0
                0x10008400       0x18 CMakeFiles/mandelbrot.dir/D_/RaspberryPiPico/pico-sdk/src/common/pico_util/pheap.c.obj
 .rodata.__func__.1
                0x10008418       0x13 CMakeFiles/mandelbrot.dir/D_/RaspberryPiPico/pico-sdk/src/common/pico_util/pheap.c.obj
 *fill*         0x1000842b        0x1 
 .rodata.__func__.2
                0x1000842c       0x12 CMakeFiles/mandelbrot.dir/D_/RaspberryPiPico/pico-sdk/src/common/pico_util/pheap.c.obj
 *fill*         0x1000843e        0x2 
 .rodata.__func__.3
                0x10008440        0xc CMakeFiles/mandelbrot.dir/D_/RaspberryPiPico/pico-sdk/src/common/pico_util/pheap.c.obj
 .rodata.__assert_func.str1.4
                0x1000844c       0x3f CMakeFiles/mandelbrot.dir/D_/RaspberryPiPico/pico-sdk/src/rp2_common/pico_runtime/runtime.c.obj
                                 0x43 (size before relaxing)
 *fill*         0x1000848b        0x1 
 .rodata.runtime_init.str1.4
                0x1000848c       0x62 CMakeFiles/mandelbrot.dir/D_/RaspberryPiPico/pico-sdk/src/rp2_common/pico_runtime/runtime.c.obj
 *fill*         0x100084ee        0x2 
 .rodata.panic.str1.4
                0x100084f0       0x12 CMakeFiles/mandelbrot.dir/D_/RaspberryPiPico/pico-sdk/src/rp2_common/pico_runtime/runtime.c.obj
 *fill*         0x10008502        0x2 
 .rodata.__func__.1
                0x10008504        0xd CMakeFiles/mandelbrot.dir/D_/RaspberryPiPico/pico-sdk/src/rp2_common/pico_runtime/runtime.c.obj
 *fill*         0x10008511        0x3 
 .rodata.clock_configure.str1.4
                0x10008514       0x58 CMakeFiles/mandelbrot.dir/D_/RaspberryPiPico/pico-sdk/src/rp2_common/hardware_clocks/clocks.c.obj
 .rodata.__func__.1
                0x1000856c       0x10 CMakeFiles/mandelbrot.dir/D_/RaspberryPiPico/pico-sdk/src/rp2_common/hardware_clocks/clocks.c.obj
 .rodata.make_branch.str1.4
                0x1000857c       0x4e CMakeFiles/mandelbrot.dir/D_/RaspberryPiPico/pico-sdk/src/rp2_common/hardware_irq/irq.c.obj
 *fill*         0x100085ca        0x2 
 .rodata.irq_set_exclusive_handler.str1.4
                0x100085cc       0x36 CMakeFiles/mandelbrot.dir/D_/RaspberryPiPico/pico-sdk/src/rp2_common/hardware_irq/irq.c.obj
 *fill*         0x10008602        0x2 
 .rodata.irq_add_shared_handler.str1.4
                0x10008604       0xd9 CMakeFiles/mandelbrot.dir/D_/RaspberryPiPico/pico-sdk/src/rp2_common/hardware_irq/irq.c.obj
 *fill*         0x100086dd        0x3 
 .rodata.irq_remove_handler.str1.4
                0x100086e0       0x2a CMakeFiles/mandelbrot.dir/D_/RaspberryPiPico/pico-sdk/src/rp2_common/hardware_irq/irq.c.obj
 *fill*         0x1000870a        0x2 
 .rodata.irq_add_tail_to_free_list.str1.4
                0x1000870c       0x32 CMakeFiles/mandelbrot.dir/D_/RaspberryPiPico/pico-sdk/src/rp2_common/hardware_irq/irq.c.obj
                                 0x3a (size before relaxing)
 *fill*         0x1000873e        0x2 
 .rodata.__func__.0
                0x10008740       0x1a CMakeFiles/mandelbrot.dir/D_/RaspberryPiPico/pico-sdk/src/rp2_common/hardware_irq/irq.c.obj
 *fill*         0x1000875a        0x2 
 .rodata.__func__.1
                0x1000875c       0x17 CMakeFiles/mandelbrot.dir/D_/RaspberryPiPico/pico-sdk/src/rp2_common/hardware_irq/irq.c.obj
 *fill*         0x10008773        0x1 
 .rodata.__func__.2
                0x10008774       0x13 CMakeFiles/mandelbrot.dir/D_/RaspberryPiPico/pico-sdk/src/rp2_common/hardware_irq/irq.c.obj
 *fill*         0x10008787        0x1 
 .rodata.__func__.3
                0x10008788        0xc CMakeFiles/mandelbrot.dir/D_/RaspberryPiPico/pico-sdk/src/rp2_common/hardware_irq/irq.c.obj
 .rodata.__func__.4
                0x10008794        0xf CMakeFiles/mandelbrot.dir/D_/RaspberryPiPico/pico-sdk/src/rp2_common/hardware_irq/irq.c.obj
 *fill*         0x100087a3        0x1 
 .rodata.__func__.6
                0x100087a4       0x1a CMakeFiles/mandelbrot.dir/D_/RaspberryPiPico/pico-sdk/src/rp2_common/hardware_irq/irq.c.obj
 *fill*         0x100087be        0x2 
 .rodata.pll_init.str1.4
                0x100087c0       0xdb CMakeFiles/mandelbrot.dir/D_/RaspberryPiPico/pico-sdk/src/rp2_common/hardware_pll/pll.c.obj
 *fill*         0x1000889b        0x1 
 .rodata.__func__.0
                0x1000889c        0x9 CMakeFiles/mandelbrot.dir/D_/RaspberryPiPico/pico-sdk/src/rp2_common/hardware_pll/pll.c.obj
 *fill*         0x100088a5        0x3 
 .rodata._ftoa.str1.4
                0x100088a8       0x15 CMakeFiles/mandelbrot.dir/D_/RaspberryPiPico/pico-sdk/src/rp2_common/pico_printf/printf.c.obj
 *fill*         0x100088bd        0x3 
 .rodata._vsnprintf
                0x100088c0      0x1e0 CMakeFiles/mandelbrot.dir/D_/RaspberryPiPico/pico-sdk/src/rp2_common/pico_printf/printf.c.obj
 .rodata.pow10.0
                0x10008aa0       0x50 CMakeFiles/mandelbrot.dir/D_/RaspberryPiPico/pico-sdk/src/rp2_common/pico_printf/printf.c.obj
 .rodata.__aeabi_double_init.str1.4
                0x10008af0       0xa9 CMakeFiles/mandelbrot.dir/D_/RaspberryPiPico/pico-sdk/src/rp2_common/pico_double/double_init_rom.c.obj
 *fill*         0x10008b99        0x3 
 .rodata.__func__.0
                0x10008b9c       0x14 CMakeFiles/mandelbrot.dir/D_/RaspberryPiPico/pico-sdk/src/rp2_common/pico_double/double_init_rom.c.obj
 .rodata.__aeabi_float_init.str1.4
                0x10008bb0       0x7b CMakeFiles/mandelbrot.dir/D_/RaspberryPiPico/pico-sdk/src/rp2_common/pico_float/float_init_rom.c.obj
                                 0x7f (size before relaxing)
 *fill*         0x10008c2b        0x1 
 .rodata.__func__.0
                0x10008c2c       0x13 CMakeFiles/mandelbrot.dir/D_/RaspberryPiPico/pico-sdk/src/rp2_common/pico_float/float_init_rom.c.obj
 *fill*         0x10008c3f        0x1 
 .rodata.__wrap_malloc.str1.4
                0x10008c40        0xe CMakeFiles/mandelbrot.dir/D_/RaspberryPiPico/pico-sdk/src/rp2_common/pico_malloc/pico_malloc.c.obj
 *fill*         0x10008c4e        0x2 
 .rodata.str1.4
                0x10008c50       0x40 CMakeFiles/mandelbrot.dir/D_/RaspberryPiPico/pico-sdk/src/rp2_common/pico_standard_link/binary_info.c.obj
 .rodata.__bi_44
                0x10008c90        0xc CMakeFiles/mandelbrot.dir/D_/RaspberryPiPico/pico-sdk/src/rp2_common/pico_standard_link/binary_info.c.obj
 .rodata.__bi_75
                0x10008c9c        0xc CMakeFiles/mandelbrot.dir/D_/RaspberryPiPico/pico-sdk/src/rp2_common/pico_standard_link/binary_info.c.obj
 .rodata.__bi_81
                0x10008ca8        0xc CMakeFiles/mandelbrot.dir/D_/RaspberryPiPico/pico-sdk/src/rp2_common/pico_standard_link/binary_info.c.obj
 .rodata.crlf_str.3
                0x10008cb4        0x2 CMakeFiles/mandelbrot.dir/D_/RaspberryPiPico/pico-sdk/src/rp2_common/pico_stdio/stdio.c.obj
 *fill*         0x10008cb6        0x2 
 .rodata._resetd_driver
                0x10008cb8       0x18 CMakeFiles/mandelbrot.dir/D_/RaspberryPiPico/pico-sdk/src/rp2_common/pico_stdio_usb/reset_interface.c.obj
 .rodata.stdio_usb_init.str1.4
                0x10008cd0       0x62 CMakeFiles/mandelbrot.dir/D_/RaspberryPiPico/pico-sdk/src/rp2_common/pico_stdio_usb/stdio_usb.c.obj
 .rodata.str1.4
                0x10008cd0       0x13 CMakeFiles/mandelbrot.dir/D_/RaspberryPiPico/pico-sdk/src/rp2_common/pico_stdio_usb/stdio_usb.c.obj
 *fill*         0x10008ce3        0x1 
 .rodata.__bi_93.1
                0x10008ce4        0xc CMakeFiles/mandelbrot.dir/D_/RaspberryPiPico/pico-sdk/src/rp2_common/pico_stdio_usb/stdio_usb.c.obj
 .rodata.__func__.0
                0x10008cf0       0x15 CMakeFiles/mandelbrot.dir/D_/RaspberryPiPico/pico-sdk/src/rp2_common/pico_stdio_usb/stdio_usb.c.obj
 *fill*         0x10008d05        0x3 
 .rodata.str1.4
                0x10008d08       0x2a CMakeFiles/mandelbrot.dir/D_/RaspberryPiPico/pico-sdk/src/rp2_common/pico_stdio_usb/stdio_usb_descriptors.c.obj
 *fill*         0x10008d32        0x2 
 .rodata.usbd_desc_cfg
                0x10008d34       0x54 CMakeFiles/mandelbrot.dir/D_/RaspberryPiPico/pico-sdk/src/rp2_common/pico_stdio_usb/stdio_usb_descriptors.c.obj
 .rodata.usbd_desc_device
                0x10008d88       0x12 CMakeFiles/mandelbrot.dir/D_/RaspberryPiPico/pico-sdk/src/rp2_common/pico_stdio_usb/stdio_usb_descriptors.c.obj
 *fill*         0x10008d9a        0x2 
 .rodata.usbd_desc_str
                0x10008d9c       0x18 CMakeFiles/mandelbrot.dir/D_/RaspberryPiPico/pico-sdk/src/rp2_common/pico_stdio_usb/stdio_usb_descriptors.c.obj
 .rodata._hw_endpoint_alloc.str1.4
                0x10008db4       0xb9 CMakeFiles/mandelbrot.dir/D_/RaspberryPiPico/pico-sdk/lib/tinyusb/src/portable/raspberrypi/rp2040/dcd_rp2040.c.obj
 *fill*         0x10008e6d        0x3 
 .rodata.dcd_rp2040_irq.str1.4
                0x10008e70       0x14 CMakeFiles/mandelbrot.dir/D_/RaspberryPiPico/pico-sdk/lib/tinyusb/src/portable/raspberrypi/rp2040/dcd_rp2040.c.obj
 .rodata.dcd_int_enable.str1.4
                0x10008e84        0xc CMakeFiles/mandelbrot.dir/D_/RaspberryPiPico/pico-sdk/lib/tinyusb/src/portable/raspberrypi/rp2040/dcd_rp2040.c.obj
 .rodata.__func__.0
                0x10008e90        0xe CMakeFiles/mandelbrot.dir/D_/RaspberryPiPico/pico-sdk/lib/tinyusb/src/portable/raspberrypi/rp2040/dcd_rp2040.c.obj
 *fill*         0x10008e9e        0x2 
 .rodata.__func__.1
                0x10008ea0        0xe CMakeFiles/mandelbrot.dir/D_/RaspberryPiPico/pico-sdk/lib/tinyusb/src/portable/raspberrypi/rp2040/dcd_rp2040.c.obj
 *fill*         0x10008eae        0x2 
 .rodata.__func__.3
                0x10008eb0       0x10 CMakeFiles/mandelbrot.dir/D_/RaspberryPiPico/pico-sdk/lib/tinyusb/src/portable/raspberrypi/rp2040/dcd_rp2040.c.obj
 .rodata.__func__.5
                0x10008ec0        0xf CMakeFiles/mandelbrot.dir/D_/RaspberryPiPico/pico-sdk/lib/tinyusb/src/portable/raspberrypi/rp2040/dcd_rp2040.c.obj
 *fill*         0x10008ecf        0x1 
 .rodata.__func__.6
                0x10008ed0       0x13 CMakeFiles/mandelbrot.dir/D_/RaspberryPiPico/pico-sdk/lib/tinyusb/src/portable/raspberrypi/rp2040/dcd_rp2040.c.obj
 *fill*         0x10008ee3        0x1 
 .rodata.__func__.7
                0x10008ee4        0x9 CMakeFiles/mandelbrot.dir/D_/RaspberryPiPico/pico-sdk/lib/tinyusb/src/portable/raspberrypi/rp2040/dcd_rp2040.c.obj
 *fill*         0x10008eed        0x3 
 .rodata.sync_ep_buffer.str1.4
                0x10008ef0       0x95 CMakeFiles/mandelbrot.dir/D_/RaspberryPiPico/pico-sdk/lib/tinyusb/src/portable/raspberrypi/rp2040/rp2040_usb.c.obj
 *fill*         0x10008f85        0x3 
 .rodata._hw_endpoint_buffer_control_update32.str1.4
                0x10008f88       0x1f CMakeFiles/mandelbrot.dir/D_/RaspberryPiPico/pico-sdk/lib/tinyusb/src/portable/raspberrypi/rp2040/rp2040_usb.c.obj
 *fill*         0x10008fa7        0x1 
 .rodata.hw_endpoint_xfer_start.str1.4
                0x10008fa8       0x38 CMakeFiles/mandelbrot.dir/D_/RaspberryPiPico/pico-sdk/lib/tinyusb/src/portable/raspberrypi/rp2040/rp2040_usb.c.obj
 .rodata.hw_endpoint_xfer_continue.str1.4
                0x10008fe0       0x29 CMakeFiles/mandelbrot.dir/D_/RaspberryPiPico/pico-sdk/lib/tinyusb/src/portable/raspberrypi/rp2040/rp2040_usb.c.obj
 *fill*         0x10009009        0x3 
 .rodata.str1.4
                0x1000900c        0x7 CMakeFiles/mandelbrot.dir/D_/RaspberryPiPico/pico-sdk/lib/tinyusb/src/portable/raspberrypi/rp2040/rp2040_usb.c.obj
 *fill*         0x10009013        0x1 
 .rodata.__func__.0
                0x10009014        0xf CMakeFiles/mandelbrot.dir/D_/RaspberryPiPico/pico-sdk/lib/tinyusb/src/portable/raspberrypi/rp2040/rp2040_usb.c.obj
 *fill*         0x10009023        0x1 
 .rodata.process_set_config.str1.4
                0x10009024       0x17 CMakeFiles/mandelbrot.dir/D_/RaspberryPiPico/pico-sdk/lib/tinyusb/src/device/usbd.c.obj
 *fill*         0x1000903b        0x1 
 .rodata.process_get_descriptor
                0x1000903c       0x40 CMakeFiles/mandelbrot.dir/D_/RaspberryPiPico/pico-sdk/lib/tinyusb/src/device/usbd.c.obj
 .rodata.process_control_request
                0x1000907c       0x28 CMakeFiles/mandelbrot.dir/D_/RaspberryPiPico/pico-sdk/lib/tinyusb/src/device/usbd.c.obj
 .rodata.tud_task
                0x100090a4       0x24 CMakeFiles/mandelbrot.dir/D_/RaspberryPiPico/pico-sdk/lib/tinyusb/src/device/usbd.c.obj
 .rodata.__func__.2
                0x100090c8        0xf CMakeFiles/mandelbrot.dir/D_/RaspberryPiPico/pico-sdk/lib/tinyusb/src/device/usbd.c.obj
 *fill*         0x100090d7        0x1 
 .rodata.__func__.3
                0x100090d8        0xf CMakeFiles/mandelbrot.dir/D_/RaspberryPiPico/pico-sdk/lib/tinyusb/src/device/usbd.c.obj
 *fill*         0x100090e7        0x1 
 .rodata.__func__.4
                0x100090e8       0x14 CMakeFiles/mandelbrot.dir/D_/RaspberryPiPico/pico-sdk/lib/tinyusb/src/device/usbd.c.obj
 .rodata.__func__.5
                0x100090fc       0x10 CMakeFiles/mandelbrot.dir/D_/RaspberryPiPico/pico-sdk/lib/tinyusb/src/device/usbd.c.obj
 .rodata.__func__.6
                0x1000910c       0x17 CMakeFiles/mandelbrot.dir/D_/RaspberryPiPico/pico-sdk/lib/tinyusb/src/device/usbd.c.obj
 *fill*         0x10009123        0x1 
 .rodata.__func__.7
                0x10009124       0x13 CMakeFiles/mandelbrot.dir/D_/RaspberryPiPico/pico-sdk/lib/tinyusb/src/device/usbd.c.obj
 *fill*         0x10009137        0x1 
 .rodata.__func__.8
                0x10009138       0x18 CMakeFiles/mandelbrot.dir/D_/RaspberryPiPico/pico-sdk/lib/tinyusb/src/device/usbd.c.obj
 .rodata.__func__.9
                0x10009150        0x9 CMakeFiles/mandelbrot.dir/D_/RaspberryPiPico/pico-sdk/lib/tinyusb/src/device/usbd.c.obj
 *fill*         0x10009159        0x3 
 .rodata._usbd_driver
                0x1000915c       0x18 CMakeFiles/mandelbrot.dir/D_/RaspberryPiPico/pico-sdk/lib/tinyusb/src/device/usbd.c.obj
 .rodata.tud_control_xfer.str1.4
                0x10009174       0x17 CMakeFiles/mandelbrot.dir/D_/RaspberryPiPico/pico-sdk/lib/tinyusb/src/device/usbd_control.c.obj
 .rodata.__func__.0
                0x10009174       0x15 CMakeFiles/mandelbrot.dir/D_/RaspberryPiPico/pico-sdk/lib/tinyusb/src/device/usbd_control.c.obj
 *fill*         0x10009189        0x3 
 .rodata.__func__.1
                0x1000918c       0x11 CMakeFiles/mandelbrot.dir/D_/RaspberryPiPico/pico-sdk/lib/tinyusb/src/device/usbd_control.c.obj
 .rodata.tud_cdc_n_write_flush.str1.4
                0x1000919d       0x17 CMakeFiles/mandelbrot.dir/D_/RaspberryPiPico/pico-sdk/lib/tinyusb/src/class/cdc/cdc_device.c.obj
 *fill*         0x1000919d        0x3 
 .rodata.__func__.0
                0x100091a0        0xd CMakeFiles/mandelbrot.dir/D_/RaspberryPiPico/pico-sdk/lib/tinyusb/src/class/cdc/cdc_device.c.obj
 *fill*         0x100091ad        0x3 
 .rodata.__func__.1
                0x100091b0        0xa CMakeFiles/mandelbrot.dir/D_/RaspberryPiPico/pico-sdk/lib/tinyusb/src/class/cdc/cdc_device.c.obj
 *fill*         0x100091ba        0x2 
 .rodata.__func__.2
                0x100091bc       0x16 CMakeFiles/mandelbrot.dir/D_/RaspberryPiPico/pico-sdk/lib/tinyusb/src/class/cdc/cdc_device.c.obj
 .rodata.tusb_init.str1.4
                0x100091d2       0x17 CMakeFiles/mandelbrot.dir/D_/RaspberryPiPico/pico-sdk/lib/tinyusb/src/tusb.c.obj
 *fill*         0x100091d2        0x2 
 .rodata.__func__.0
                0x100091d4       0x11 CMakeFiles/mandelbrot.dir/D_/RaspberryPiPico/pico-sdk/lib/tinyusb/src/tusb.c.obj
 *fill*         0x100091e5        0x3 
 .rodata.__func__.1
                0x100091e8        0xa CMakeFiles/mandelbrot.dir/D_/RaspberryPiPico/pico-sdk/lib/tinyusb/src/tusb.c.obj
 *fill*         0x100091f2        0x2 
 .rodata.pico_get_unique_board_id_string.str1.4
                0x100091f4       0x4e CMakeFiles/mandelbrot.dir/D_/RaspberryPiPico/pico-sdk/src/rp2_common/pico_unique_id/unique_id.c.obj
 *fill*         0x10009242        0x2 
 .rodata.__func__.0
                0x10009244       0x20 CMakeFiles/mandelbrot.dir/D_/RaspberryPiPico/pico-sdk/src/rp2_common/pico_unique_id/unique_id.c.obj
 .rodata.str1.4
                0x10009264      0x15a CMakeFiles/mandelbrot.dir/D_/RaspberryPiPico/pico-sdk/src/rp2_common/hardware_flash/flash.c.obj
 *fill*         0x100093be        0x2 
 .rodata.__func__.0
                0x100093c0        0xd CMakeFiles/mandelbrot.dir/D_/RaspberryPiPico/pico-sdk/src/rp2_common/hardware_flash/flash.c.obj
 *fill*         0x100093cd        0x3 
 .rodata.str1.4
                0x100093d0       0x18 CMakeFiles/mandelbrot.dir/D_/RaspberryPiPico/pico-sdk/src/rp2_common/pico_bootsel_via_double_reset/pico_bootsel_via_double_reset.c.obj
 .rodata.__bi_35
                0x100093e8        0xc CMakeFiles/mandelbrot.dir/D_/RaspberryPiPico/pico-sdk/src/rp2_common/pico_bootsel_via_double_reset/pico_bootsel_via_double_reset.c.obj
 .rodata.magic_token
                0x100093f4        0xc CMakeFiles/mandelbrot.dir/D_/RaspberryPiPico/pico-sdk/src/rp2_common/pico_bootsel_via_double_reset/pico_bootsel_via_double_reset.c.obj
 .rodata._ZL8font_8x8
                0x10009400      0x2fa FrameBuffer\libframebuffer.a(FrameBuffer.cpp.obj)
 *fill*         0x100096fa        0x2 
 .rodata        0x100096fc        0xc GameOfLife\libgof.a(gof.cpp.obj)
                0x10009708                . = ALIGN (0x4)
 *(SORT_BY_ALIGNMENT(SORT_BY_NAME(.flashdata*)))
                0x10009708                . = ALIGN (0x4)

.rel.dyn        0x10009708        0x0
 .rel.iplt      0x10009708        0x0 c:/progra~2/gnuarm~1/102021~1.10/bin/../lib/gcc/arm-none-eabi/10.3.1/thumb/v6-m/nofp/crtbegin.o

.ARM.extab
 *(.ARM.extab* .gnu.linkonce.armextab.*)
                0x10009708                __exidx_start = .

.ARM.exidx
 *(.ARM.exidx* .gnu.linkonce.armexidx.*)
                0x10009708                __exidx_end = .
                0x10009708                . = ALIGN (0x4)
                0x10009708                __binary_info_start = .

.binary_info    0x10009708       0x24
 *(.binary_info.keep.*)
 .binary_info.keep.__bi_ptr22
                0x10009708        0x4 CMakeFiles/mandelbrot.dir/D_/RaspberryPiPico/pico-sdk/src/rp2_common/pico_standard_link/binary_info.c.obj
 .binary_info.keep.__bi_ptr30
                0x1000970c        0x4 CMakeFiles/mandelbrot.dir/D_/RaspberryPiPico/pico-sdk/src/rp2_common/pico_standard_link/binary_info.c.obj
 .binary_info.keep.__bi_ptr38
                0x10009710        0x4 CMakeFiles/mandelbrot.dir/D_/RaspberryPiPico/pico-sdk/src/rp2_common/pico_standard_link/binary_info.c.obj
 .binary_info.keep.__bi_ptr44
                0x10009714        0x4 CMakeFiles/mandelbrot.dir/D_/RaspberryPiPico/pico-sdk/src/rp2_common/pico_standard_link/binary_info.c.obj
 .binary_info.keep.__bi_ptr50
                0x10009718        0x4 CMakeFiles/mandelbrot.dir/D_/RaspberryPiPico/pico-sdk/src/rp2_common/pico_standard_link/binary_info.c.obj
 .binary_info.keep.__bi_ptr75
                0x1000971c        0x4 CMakeFiles/mandelbrot.dir/D_/RaspberryPiPico/pico-sdk/src/rp2_common/pico_standard_link/binary_info.c.obj
 .binary_info.keep.__bi_ptr81
                0x10009720        0x4 CMakeFiles/mandelbrot.dir/D_/RaspberryPiPico/pico-sdk/src/rp2_common/pico_standard_link/binary_info.c.obj
 .binary_info.keep.__bi_ptr35
                0x10009724        0x4 CMakeFiles/mandelbrot.dir/D_/RaspberryPiPico/pico-sdk/src/rp2_common/pico_bootsel_via_double_reset/pico_bootsel_via_double_reset.c.obj
 *(.binary_info.*)
 .binary_info.__bi_ptr93
                0x10009728        0x4 CMakeFiles/mandelbrot.dir/D_/RaspberryPiPico/pico-sdk/src/rp2_common/pico_stdio_usb/stdio_usb.c.obj
                0x1000972c                __binary_info_end = .
                0x1000972c                . = ALIGN (0x4)
                0x1000972c                __etext = .

.ram_vector_table
                0x20000000       0xc0
 *(.ram_vector_table)
 .ram_vector_table
                0x20000000       0xc0 CMakeFiles/mandelbrot.dir/D_/RaspberryPiPico/pico-sdk/src/rp2_common/pico_runtime/runtime.c.obj
                0x20000000                ram_vector_table

.data           0x200000c0      0xca8 load address 0x1000972c
                0x200000c0                __data_start__ = .
 *(vtable)
 *(.time_critical*)
 .time_critical.mutex_enter_blocking
                0x200000c0       0x48 CMakeFiles/mandelbrot.dir/D_/RaspberryPiPico/pico-sdk/src/common/pico_sync/mutex.c.obj
                0x200000c0                mutex_enter_blocking
 .time_critical.mutex_try_enter
                0x20000108       0x46 CMakeFiles/mandelbrot.dir/D_/RaspberryPiPico/pico-sdk/src/common/pico_sync/mutex.c.obj
                0x20000108                mutex_try_enter
 *fill*         0x2000014e        0x2 
 .time_critical.mutex_enter_block_until
                0x20000150       0x8c CMakeFiles/mandelbrot.dir/D_/RaspberryPiPico/pico-sdk/src/common/pico_sync/mutex.c.obj
                0x20000150                mutex_enter_block_until
 .time_critical.mutex_enter_timeout_ms
                0x200001dc       0x74 CMakeFiles/mandelbrot.dir/D_/RaspberryPiPico/pico-sdk/src/common/pico_sync/mutex.c.obj
                0x200001dc                mutex_enter_timeout_ms
 .time_critical.mutex_exit
                0x20000250       0x4c CMakeFiles/mandelbrot.dir/D_/RaspberryPiPico/pico-sdk/src/common/pico_sync/mutex.c.obj
                0x20000250                mutex_exit
 .time_critical.flash_init_boot2_copyout
                0x2000029c       0x30 CMakeFiles/mandelbrot.dir/D_/RaspberryPiPico/pico-sdk/src/rp2_common/hardware_flash/flash.c.obj
 .time_critical.flash_enable_xip_via_boot2
                0x200002cc       0x10 CMakeFiles/mandelbrot.dir/D_/RaspberryPiPico/pico-sdk/src/rp2_common/hardware_flash/flash.c.obj
 .time_critical.flash_cs_force
                0x200002dc       0x28 CMakeFiles/mandelbrot.dir/D_/RaspberryPiPico/pico-sdk/src/rp2_common/hardware_flash/flash.c.obj
 .time_critical.flash_do_cmd
                0x20000304       0xd8 CMakeFiles/mandelbrot.dir/D_/RaspberryPiPico/pico-sdk/src/rp2_common/hardware_flash/flash.c.obj
                0x20000304                flash_do_cmd
 *(.text*)
 .text          0x200003dc        0x4 c:/progra~2/gnuarm~1/102021~1.10/bin/../lib/gcc/arm-none-eabi/10.3.1/thumb/v6-m/nofp\libgcc.a(_dvmd_tls.o)
                0x200003dc                __aeabi_idiv0
                0x200003dc                __aeabi_ldiv0
 .text.__stub   0x200003e0       0x40 linker stubs
                0x20000420                . = ALIGN (0x4)
 *(.rodata*)
                0x20000420                . = ALIGN (0x4)
 *(.data*)
 .data.striped_spin_lock_num
                0x20000420        0x1 CMakeFiles/mandelbrot.dir/D_/RaspberryPiPico/pico-sdk/src/rp2_common/hardware_sync/sync.c.obj
 *fill*         0x20000421        0x3 
 .data.default_alarm_pool
                0x20000424       0x18 CMakeFiles/mandelbrot.dir/D_/RaspberryPiPico/pico-sdk/src/common/pico_time/time.c.obj
 .data.default_alarm_pool_heap
                0x2000043c       0x10 CMakeFiles/mandelbrot.dir/D_/RaspberryPiPico/pico-sdk/src/common/pico_time/time.c.obj
 .data          0x2000044c       0x48 CMakeFiles/mandelbrot.dir/D_/RaspberryPiPico/pico-sdk/src/rp2_common/hardware_irq/irq_handler_chain.S.obj
                0x2000044c                irq_handler_chain_slots
                0x2000047c                irq_handler_chain_first_slot
                0x20000486                irq_handler_chain_remove_tail
 *fill*         0x20000494        0xc 
 .data.aeabi_bits_funcs
                0x200004a0       0x10 CMakeFiles/mandelbrot.dir/D_/RaspberryPiPico/pico-sdk/src/rp2_common/pico_bit_ops/bit_ops_aeabi.S.obj
                0x200004a0                aeabi_bits_funcs
                0x200004b0                aeabi_bits_funcs_end
 .data.aeabi_mem_funcs
                0x200004b0       0x10 CMakeFiles/mandelbrot.dir/D_/RaspberryPiPico/pico-sdk/src/rp2_common/pico_mem_ops/mem_ops_aeabi.S.obj
                0x200004b0                aeabi_mem_funcs
                0x200004c0                aeabi_mem_funcs_end
 .data.stdio_usb
                0x200004c0       0x14 CMakeFiles/mandelbrot.dir/D_/RaspberryPiPico/pico-sdk/src/rp2_common/pico_stdio_usb/stdio_usb.c.obj
                0x200004c0                stdio_usb
 .data.ep_dir_string
                0x200004d4        0x8 CMakeFiles/mandelbrot.dir/D_/RaspberryPiPico/pico-sdk/lib/tinyusb/src/portable/raspberrypi/rp2040/rp2040_usb.c.obj
                0x200004d4                ep_dir_string
 .data._usbd_qdef
                0x200004dc       0x24 CMakeFiles/mandelbrot.dir/D_/RaspberryPiPico/pico-sdk/lib/tinyusb/src/device/usbd.c.obj
                0x200004dc                _usbd_qdef
 .data._impure_ptr
                0x20000500        0x4 c:/progra~2/gnuarm~1/102021~1.10/bin/../lib/gcc/arm-none-eabi/10.3.1/../../../../arm-none-eabi/lib/thumb/v6-m/nofp\libg.a(lib_a-impure.o)
                0x20000500                _impure_ptr
 *fill*         0x20000504        0x4 
 .data.impure_data
                0x20000508      0x428 c:/progra~2/gnuarm~1/102021~1.10/bin/../lib/gcc/arm-none-eabi/10.3.1/../../../../arm-none-eabi/lib/thumb/v6-m/nofp\libg.a(lib_a-impure.o)
 .data.__malloc_av_
                0x20000930      0x408 c:/progra~2/gnuarm~1/102021~1.10/bin/../lib/gcc/arm-none-eabi/10.3.1/../../../../arm-none-eabi/lib/thumb/v6-m/nofp\libg.a(lib_a-mallocr.o)
                0x20000930                __malloc_av_
 .data.__malloc_sbrk_base
                0x20000d38        0x4 c:/progra~2/gnuarm~1/102021~1.10/bin/../lib/gcc/arm-none-eabi/10.3.1/../../../../arm-none-eabi/lib/thumb/v6-m/nofp\libg.a(lib_a-mallocr.o)
                0x20000d38                __malloc_sbrk_base
 .data.__malloc_trim_threshold
                0x20000d3c        0x4 c:/progra~2/gnuarm~1/102021~1.10/bin/../lib/gcc/arm-none-eabi/10.3.1/../../../../arm-none-eabi/lib/thumb/v6-m/nofp\libg.a(lib_a-mallocr.o)