Archive member included to satisfy reference by file (symbol)

FrameBuffer\libframebuffer.a(FrameBuffer.cpp.obj)
                              CMakeFiles/mandelbrot.dir/mandelbrot.cpp.obj (FrameBuffer::FrameBuffer(int, int, BufferType))
GameOfLife\libgof.a(gof.cpp.obj)
                              CMakeFiles/mandelbrot.dir/mandelbrot.cpp.obj (gof::gof(int, int, FrameBuffer*, int))
Vga\libvga.a(vga.cpp.obj)     CMakeFiles/mandelbrot.dir/mandelbrot.cpp.obj (vga::vga(unsigned char, unsigned char, unsigned char, unsigned char*))
c:/progra~2/gnuarm~1/102021~1.10/bin/../lib/gcc/arm-none-eabi/10.3.1/thumb/v6-m/nofp\libgcc.a(_dvmd_tls.o)
                              CMakeFiles/mandelbrot.dir/D_/RaspberryPiPico/pico-sdk/src/rp2_common/pico_divider/divider.S.obj (__aeabi_idiv0)
c:/progra~2/gnuarm~1/102021~1.10/bin/../lib/gcc/arm-none-eabi/10.3.1/../../../../arm-none-eabi/lib/thumb/v6-m/nofp\libg.a(lib_a-calloc.o)
                              CMakeFiles/mandelbrot.dir/D_/RaspberryPiPico/pico-sdk/src/rp2_common/pico_malloc/pico_malloc.c.obj (calloc)
c:/progra~2/gnuarm~1/102021~1.10/bin/../lib/gcc/arm-none-eabi/10.3.1/../../../../arm-none-eabi/lib/thumb/v6-m/nofp\libg.a(lib_a-callocr.o)
                              c:/progra~2/gnuarm~1/102021~1.10/bin/../lib/gcc/arm-none-eabi/10.3.1/../../../../arm-none-eabi/lib/thumb/v6-m/nofp\libg.a(lib_a-calloc.o) (_calloc_r)
c:/progra~2/gnuarm~1/102021~1.10/bin/../lib/gcc/arm-none-eabi/10.3.1/../../../../arm-none-eabi/lib/thumb/v6-m/nofp\libg.a(lib_a-ctype_.o)
                              CMakeFiles/mandelbrot.dir/D_/RaspberryPiPico/pico-sdk/lib/tinyusb/src/tusb.c.obj (_ctype_)
c:/progra~2/gnuarm~1/102021~1.10/bin/../lib/gcc/arm-none-eabi/10.3.1/../../../../arm-none-eabi/lib/thumb/v6-m/nofp\libg.a(lib_a-errno.o)
                              c:/progra~2/gnuarm~1/102021~1.10/bin/../lib/gcc/arm-none-eabi/10.3.1/../../../../arm-none-eabi/lib/thumb/v6-m/nofp\libg.a(lib_a-callocr.o) (__errno)
c:/progra~2/gnuarm~1/102021~1.10/bin/../lib/gcc/arm-none-eabi/10.3.1/../../../../arm-none-eabi/lib/thumb/v6-m/nofp\libg.a(lib_a-impure.o)
                              c:/progra~2/gnuarm~1/102021~1.10/bin/../lib/gcc/arm-none-eabi/10.3.1/../../../../arm-none-eabi/lib/thumb/v6-m/nofp\libg.a(lib_a-calloc.o) (_impure_ptr)
c:/progra~2/gnuarm~1/102021~1.10/bin/../lib/gcc/arm-none-eabi/10.3.1/../../../../arm-none-eabi/lib/thumb/v6-m/nofp\libg.a(lib_a-init.o)
                              c:/progra~2/gnuarm~1/102021~1.10/bin/../lib/gcc/arm-none-eabi/10.3.1/../../../../arm-none-eabi/lib/thumb/v6-m/nofp/crt0.o (__libc_init_array)
c:/progra~2/gnuarm~1/102021~1.10/bin/../lib/gcc/arm-none-eabi/10.3.1/../../../../arm-none-eabi/lib/thumb/v6-m/nofp\libg.a(lib_a-malloc.o)
                              CMakeFiles/mandelbrot.dir/D_/RaspberryPiPico/pico-sdk/src/rp2_common/pico_malloc/pico_malloc.c.obj (malloc)
c:/progra~2/gnuarm~1/102021~1.10/bin/../lib/gcc/arm-none-eabi/10.3.1/../../../../arm-none-eabi/lib/thumb/v6-m/nofp\libg.a(lib_a-mallocr.o)
                              c:/progra~2/gnuarm~1/102021~1.10/bin/../lib/gcc/arm-none-eabi/10.3.1/../../../../arm-none-eabi/lib/thumb/v6-m/nofp\libg.a(lib_a-callocr.o) (_malloc_r)
c:/progra~2/gnuarm~1/102021~1.10/bin/../lib/gcc/arm-none-eabi/10.3.1/../../../../arm-none-eabi/lib/thumb/v6-m/nofp\libg.a(lib_a-mlock.o)
                              c:/progra~2/gnuarm~1/102021~1.10/bin/../lib/gcc/arm-none-eabi/10.3.1/../../../../arm-none-eabi/lib/thumb/v6-m/nofp\libg.a(lib_a-mallocr.o) (__malloc_lock)
c:/progra~2/gnuarm~1/102021~1.10/bin/../lib/gcc/arm-none-eabi/10.3.1/../../../../arm-none-eabi/lib/thumb/v6-m/nofp\libg.a(lib_a-rand.o)
                              CMakeFiles/mandelbrot.dir/mandelbrot.cpp.obj (rand)
c:/progra~2/gnuarm~1/102021~1.10/bin/../lib/gcc/arm-none-eabi/10.3.1/../../../../arm-none-eabi/lib/thumb/v6-m/nofp\libg.a(lib_a-sbrkr.o)
                              c:/progra~2/gnuarm~1/102021~1.10/bin/../lib/gcc/arm-none-eabi/10.3.1/../../../../arm-none-eabi/lib/thumb/v6-m/nofp\libg.a(lib_a-mallocr.o) (_sbrk_r)
c:/progra~2/gnuarm~1/102021~1.10/bin/../lib/gcc/arm-none-eabi/10.3.1/../../../../arm-none-eabi/lib/thumb/v6-m/nofp\libg.a(lib_a-strlen-stub.o)
                              CMakeFiles/mandelbrot.dir/D_/RaspberryPiPico/pico-sdk/src/rp2_common/pico_stdio/stdio.c.obj (strlen)
c:/progra~2/gnuarm~1/102021~1.10/bin/../lib/gcc/arm-none-eabi/10.3.1/../../../../arm-none-eabi/lib/thumb/v6-m/nofp\libg.a(lib_a-freer.o)
                              c:/progra~2/gnuarm~1/102021~1.10/bin/../lib/gcc/arm-none-eabi/10.3.1/../../../../arm-none-eabi/lib/thumb/v6-m/nofp\libg.a(lib_a-malloc.o) (_free_r)
c:/progra~2/gnuarm~1/102021~1.10/bin/../lib/gcc/arm-none-eabi/10.3.1/../../../../arm-none-eabi/lib/thumb/v6-m/nofp\libg.a(lib_a-lock.o)
                              c:/progra~2/gnuarm~1/102021~1.10/bin/../lib/gcc/arm-none-eabi/10.3.1/../../../../arm-none-eabi/lib/thumb/v6-m/nofp\libg.a(lib_a-mlock.o) (__retarget_lock_acquire_recursive)
[...]
Memory Configuration

Name             Origin             Length             Attributes
FLASH            0x10000000         0x00200000         xr
RAM              0x20000000         0x00040000         xrw
SCRATCH_X        0x20040000         0x00001000         xrw
SCRATCH_Y        0x20041000         0x00001000         xrw
*default*        0x00000000         0xffffffff

Linker script and memory map

LOAD c:/progra~2/gnuarm~1/102021~1.10/bin/../lib/gcc/arm-none-eabi/10.3.1/thumb/v6-m/nofp/crti.o
LOAD c:/progra~2/gnuarm~1/102021~1.10/bin/../lib/gcc/arm-none-eabi/10.3.1/thumb/v6-m/nofp/crtbegin.o
LOAD c:/progra~2/gnuarm~1/102021~1.10/bin/../lib/gcc/arm-none-eabi/10.3.1/../../../../arm-none-eabi/lib/thumb/v6-m/nofp/crt0.o

.flash_begin    0x10000000        0x0
                0x10000000                __flash_binary_start = .

.boot2          0x10000000      0x100
                0x10000000                __boot2_start__ = .
 *(.boot2)
 .boot2         0x10000000      0x100 C:\Users\Aerkany\AppData\Local\Temp\cccB7D6m.o
                0x10000100                __boot2_end__ = .
                0x00000001                ASSERT (((__boot2_end__ - __boot2_start__) == 0x100), ERROR: Pico second stage bootloader must be 256 bytes in size)

.text           0x10000100     0x82a8
                0x10000100                __logical_binary_start = .
 *(.vectors)
 .vectors       0x10000100       0xd4 CMakeFiles/mandelbrot.dir/D_/RaspberryPiPico/pico-sdk/src/rp2_common/pico_standard_link/crt0.S.obj
                0x10000100                __VECTOR_TABLE
                0x10000100                __vectors
                0x100001c0                isr_invalid
                0x100001c0                __default_isrs_start
                0x100001c2                isr_nmi
                0x100001c4                isr_hardfault
                0x100001c6                isr_svcall
                0x100001c8                isr_pendsv
                0x100001ca                isr_systick
                0x100001cc                isr_irq23
                0x100001cc                isr_irq18
                0x100001cc                isr_irq11
                0x100001cc                isr_irq28
                0x100001cc                isr_irq19
                0x100001cc                isr_irq0
                0x100001cc                isr_irq6
                0x100001cc                isr_irq5
                0x100001cc                isr_irq12
                0x100001cc                isr_irq22
                0x100001cc                isr_irq31
                0x100001cc                isr_irq17
                0x100001cc                isr_irq27
                0x100001cc                isr_irq30
                0x100001cc                isr_irq2
                0x100001cc                isr_irq10
                0x100001cc                isr_irq8
                0x100001cc                isr_irq24
                0x100001cc                isr_irq1
                0x100001cc                isr_irq7
                0x100001cc                isr_irq21
                0x100001cc                isr_irq20
                0x100001cc                isr_irq15
                0x100001cc                isr_irq25
                0x100001cc                isr_irq13
                0x100001cc                __unhandled_user_irq
                0x100001cc                isr_irq4
                0x100001cc                isr_irq16
                0x100001cc                isr_irq29
                0x100001cc                isr_irq26
                0x100001cc                __default_isrs_end
                0x100001cc                isr_irq3
                0x100001cc                isr_irq14
                0x100001cc                isr_irq9
                0x100001d2                unhandled_user_irq_num_in_r0
 *(.binary_info_header)
 .binary_info_header
                0x100001d4       0x14 CMakeFiles/mandelbrot.dir/D_/RaspberryPiPico/pico-sdk/src/rp2_common/pico_standard_link/crt0.S.obj
                0x100001e8                __binary_info_header_end = .
 *(.reset)
 .reset         0x100001e8       0xa8 CMakeFiles/mandelbrot.dir/D_/RaspberryPiPico/pico-sdk/src/rp2_common/pico_standard_link/crt0.S.obj
                0x100001e8                _entry_point
                0x10000266                __get_current_exception
 .reset         0x10000290       0x30 CMakeFiles/mandelbrot.dir/D_/RaspberryPiPico/pico-sdk/src/rp2_common/pico_standard_link/binary_info.c.obj
 *(.init)
 .init          0x100002c0        0x4 c:/progra~2/gnuarm~1/102021~1.10/bin/../lib/gcc/arm-none-eabi/10.3.1/thumb/v6-m/nofp/crti.o
                0x100002c0                _init
 *(EXCLUDE_FILE(*libm.a: *libc.a:*lib_a-mem*.o *libgcc.a:) .text*)
 .text          0x100002c4       0x48 c:/progra~2/gnuarm~1/102021~1.10/bin/../lib/gcc/arm-none-eabi/10.3.1/thumb/v6-m/nofp/crtbegin.o
 .text._Z41__static_initialization_and_destruction_0ii
                0x1000030c       0x44 CMakeFiles/mandelbrot.dir/mandelbrot.cpp.obj
 .text.main     0x10000350       0x80 CMakeFiles/mandelbrot.dir/mandelbrot.cpp.obj
                0x10000350                main
 .text._GLOBAL__sub_I_Zre
                0x100003d0       0x10 CMakeFiles/mandelbrot.dir/mandelbrot.cpp.obj
 .text.gpio_set_function
                0x100003e0       0x30 CMakeFiles/mandelbrot.dir/D_/RaspberryPiPico/pico-sdk/src/rp2_common/hardware_gpio/gpio.c.obj
                0x100003e0                gpio_set_function
 .text.hw_claim_lock
                0x10000410       0x18 CMakeFiles/mandelbrot.dir/D_/RaspberryPiPico/pico-sdk/src/rp2_common/hardware_claim/claim.c.obj
                0x10000410                hw_claim_lock
 .text.hw_claim_unlock
                0x10000428       0x14 CMakeFiles/mandelbrot.dir/D_/RaspberryPiPico/pico-sdk/src/rp2_common/hardware_claim/claim.c.obj
                0x10000428                hw_claim_unlock
 .text.hw_claim_or_assert
                0x1000043c       0x32 CMakeFiles/mandelbrot.dir/D_/RaspberryPiPico/pico-sdk/src/rp2_common/hardware_claim/claim.c.obj
                0x1000043c                hw_claim_or_assert
 .text.hw_claim_unused_from_range
                0x1000046e       0x50 CMakeFiles/mandelbrot.dir/D_/RaspberryPiPico/pico-sdk/src/rp2_common/hardware_claim/claim.c.obj
                0x1000046e                hw_claim_unused_from_range
 *fill*         0x100004be        0x2 
 .text.running_on_fpga
                0x100004c0       0x14 CMakeFiles/mandelbrot.dir/D_/RaspberryPiPico/pico-sdk/src/rp2_common/pico_platform/platform.c.obj
                0x100004c0                running_on_fpga
 .text.spin_locks_reset
                0x100004d4       0x20 CMakeFiles/mandelbrot.dir/D_/RaspberryPiPico/pico-sdk/src/rp2_common/hardware_sync/sync.c.obj
                0x100004d4                spin_locks_reset
 .text.next_striped_spin_lock_num
                0x100004f4       0x1c CMakeFiles/mandelbrot.dir/D_/RaspberryPiPico/pico-sdk/src/rp2_common/hardware_sync/sync.c.obj
                0x100004f4                next_striped_spin_lock_num
 .text.spin_lock_claim_unused
                0x10000510       0x20 CMakeFiles/mandelbrot.dir/D_/RaspberryPiPico/pico-sdk/src/rp2_common/hardware_sync/sync.c.obj
                0x10000510                spin_lock_claim_unused
 .text.alarm_pool_post_alloc_init
                0x10000530       0x40 CMakeFiles/mandelbrot.dir/D_/RaspberryPiPico/pico-sdk/src/common/pico_time/time.c.obj
 .text.sleep_until_callback
                0x10000570       0x30 CMakeFiles/mandelbrot.dir/D_/RaspberryPiPico/pico-sdk/src/common/pico_time/time.c.obj
 .text.timer_pool_entry_comparator
                0x100005a0       0x7c CMakeFiles/mandelbrot.dir/D_/RaspberryPiPico/pico-sdk/src/common/pico_time/time.c.obj
                0x100005a0                timer_pool_entry_comparator
 .text.ph_add_child_node
                0x1000061c       0xa4 CMakeFiles/mandelbrot.dir/D_/RaspberryPiPico/pico-sdk/src/common/pico_time/time.c.obj
 .text.ph_merge_nodes
                0x100006c0       0x3e CMakeFiles/mandelbrot.dir/D_/RaspberryPiPico/pico-sdk/src/common/pico_time/time.c.obj
 *fill*         0x100006fe        0x2 
 .text.add_alarm_under_lock
                0x10000700      0x174 CMakeFiles/mandelbrot.dir/D_/RaspberryPiPico/pico-sdk/src/common/pico_time/time.c.obj
 .text.alarm_pool_alarm_callback
                0x10000874      0x328 CMakeFiles/mandelbrot.dir/D_/RaspberryPiPico/pico-sdk/src/common/pico_time/time.c.obj
 .text.alarm_pool_init_default
                0x10000b9c       0x38 CMakeFiles/mandelbrot.dir/D_/RaspberryPiPico/pico-sdk/src/common/pico_time/time.c.obj
                0x10000b9c                alarm_pool_init_default
 .text.alarm_pool_get_default
                0x10000bd4       0x2c CMakeFiles/mandelbrot.dir/D_/RaspberryPiPico/pico-sdk/src/common/pico_time/time.c.obj
                0x10000bd4                alarm_pool_get_default
 .text.alarm_pool_add_alarm_at
                0x10000c00      0x170 CMakeFiles/mandelbrot.dir/D_/RaspberryPiPico/pico-sdk/src/common/pico_time/time.c.obj
                0x10000c00                alarm_pool_add_alarm_at
 .text.alarm_pool_cancel_alarm
                0x10000d70       0xf0 CMakeFiles/mandelbrot.dir/D_/RaspberryPiPico/pico-sdk/src/common/pico_time/time.c.obj
                0x10000d70                alarm_pool_cancel_alarm
 .text.sleep_until
                0x10000e60       0xfc CMakeFiles/mandelbrot.dir/D_/RaspberryPiPico/pico-sdk/src/common/pico_time/time.c.obj
                0x10000e60                sleep_until
 .text.sleep_us
                0x10000f5c       0x58 CMakeFiles/mandelbrot.dir/D_/RaspberryPiPico/pico-sdk/src/common/pico_time/time.c.obj
                0x10000f5c                sleep_us
 .text.sleep_ms
                0x10000fb4       0x14 CMakeFiles/mandelbrot.dir/D_/RaspberryPiPico/pico-sdk/src/common/pico_time/time.c.obj
                0x10000fb4                sleep_ms
 .text.best_effort_wfe_or_timeout
                0x10000fc8       0x80 CMakeFiles/mandelbrot.dir/D_/RaspberryPiPico/pico-sdk/src/common/pico_time/time.c.obj
                0x10000fc8                best_effort_wfe_or_timeout
 .text.hardware_alarm_irq_handler
                0x10001048       0x8c CMakeFiles/mandelbrot.dir/D_/RaspberryPiPico/pico-sdk/src/rp2_common/hardware_timer/timer.c.obj
 .text.hardware_alarm_claim
                0x100010d4       0x18 CMakeFiles/mandelbrot.dir/D_/RaspberryPiPico/pico-sdk/src/rp2_common/hardware_timer/timer.c.obj
                0x100010d4                hardware_alarm_claim
 .text.time_us_64
                0x100010ec       0x18 CMakeFiles/mandelbrot.dir/D_/RaspberryPiPico/pico-sdk/src/rp2_common/hardware_timer/timer.c.obj
                0x100010ec                time_us_64
 .text.busy_wait_until
                0x10001104       0x28 CMakeFiles/mandelbrot.dir/D_/RaspberryPiPico/pico-sdk/src/rp2_common/hardware_timer/timer.c.obj
                0x10001104                busy_wait_until
 .text.busy_wait_us
                0x1000112c       0x48 CMakeFiles/mandelbrot.dir/D_/RaspberryPiPico/pico-sdk/src/rp2_common/hardware_timer/timer.c.obj
                0x1000112c                busy_wait_us
 .text.hardware_alarm_set_callback
                0x10001174       0x90 CMakeFiles/mandelbrot.dir/D_/RaspberryPiPico/pico-sdk/src/rp2_common/hardware_timer/timer.c.obj
                0x10001174                hardware_alarm_set_callback
 .text.hardware_alarm_set_target
                0x10001204       0xe8 CMakeFiles/mandelbrot.dir/D_/RaspberryPiPico/pico-sdk/src/rp2_common/hardware_timer/timer.c.obj
                0x10001204                hardware_alarm_set_target
 .text.hardware_alarm_cancel
                0x100012ec       0x40 CMakeFiles/mandelbrot.dir/D_/RaspberryPiPico/pico-sdk/src/rp2_common/hardware_timer/timer.c.obj
                0x100012ec                hardware_alarm_cancel
 .text.lock_init
                0x1000132c       0x10 CMakeFiles/mandelbrot.dir/D_/RaspberryPiPico/pico-sdk/src/common/pico_sync/lock_core.c.obj
                0x1000132c                lock_init
 .text.mutex_init
                0x1000133c       0x1a CMakeFiles/mandelbrot.dir/D_/RaspberryPiPico/pico-sdk/src/common/pico_sync/mutex.c.obj
                0x1000133c                mutex_init
 .text.recursive_mutex_init
                0x10001356       0x1e CMakeFiles/mandelbrot.dir/D_/RaspberryPiPico/pico-sdk/src/common/pico_sync/mutex.c.obj
                0x10001356                recursive_mutex_init
 .text.critical_section_init_with_lock_num
                0x10001374       0x14 CMakeFiles/mandelbrot.dir/D_/RaspberryPiPico/pico-sdk/src/common/pico_sync/critical_section.c.obj
                0x10001374                critical_section_init_with_lock_num
 .text.critical_section_init
                0x10001388       0x14 CMakeFiles/mandelbrot.dir/D_/RaspberryPiPico/pico-sdk/src/common/pico_sync/critical_section.c.obj
                0x10001388                critical_section_init
 .text.ph_add_child_node
                0x1000139c       0xa4 CMakeFiles/mandelbrot.dir/D_/RaspberryPiPico/pico-sdk/src/common/pico_util/pheap.c.obj
 .text.ph_merge_nodes
                0x10001440       0x3e CMakeFiles/mandelbrot.dir/D_/RaspberryPiPico/pico-sdk/src/common/pico_util/pheap.c.obj
 *fill*         0x1000147e        0x2 
 .text.ph_clear
                0x10001480       0x70 CMakeFiles/mandelbrot.dir/D_/RaspberryPiPico/pico-sdk/src/common/pico_util/pheap.c.obj
                0x10001480                ph_clear
 .text.ph_post_alloc_init
                0x100014f0        0xe CMakeFiles/mandelbrot.dir/D_/RaspberryPiPico/pico-sdk/src/common/pico_util/pheap.c.obj
                0x100014f0                ph_post_alloc_init
 *fill*         0x100014fe        0x2 
 .text.ph_merge_two_pass
                0x10001500       0xa8 CMakeFiles/mandelbrot.dir/D_/RaspberryPiPico/pico-sdk/src/common/pico_util/pheap.c.obj
                0x10001500                ph_merge_two_pass
 .text.ph_remove_any_head
                0x100015a8      0x108 CMakeFiles/mandelbrot.dir/D_/RaspberryPiPico/pico-sdk/src/common/pico_util/pheap.c.obj
 .text.ph_remove_head
                0x100016b0       0x14 CMakeFiles/mandelbrot.dir/D_/RaspberryPiPico/pico-sdk/src/common/pico_util/pheap.c.obj
                0x100016b0                ph_remove_head
 .text.ph_remove_and_free_node
                0x100016c4       0xf8 CMakeFiles/mandelbrot.dir/D_/RaspberryPiPico/pico-sdk/src/common/pico_util/pheap.c.obj
                0x100016c4                ph_remove_and_free_node
 .text._exit    0x100017bc        0x4 CMakeFiles/mandelbrot.dir/D_/RaspberryPiPico/pico-sdk/src/rp2_common/pico_runtime/runtime.c.obj
                0x100017bc                _exit
 .text._sbrk    0x100017c0       0x38 CMakeFiles/mandelbrot.dir/D_/RaspberryPiPico/pico-sdk/src/rp2_common/pico_runtime/runtime.c.obj
                0x100017c0                _sbrk
 .text.exit     0x100017f8        0x6 CMakeFiles/mandelbrot.dir/D_/RaspberryPiPico/pico-sdk/src/rp2_common/pico_runtime/runtime.c.obj
                0x100017f8                exit
 *fill*         0x100017fe        0x2 
 .text.__assert_func
                0x10001800       0x3c CMakeFiles/mandelbrot.dir/D_/RaspberryPiPico/pico-sdk/src/rp2_common/pico_runtime/runtime.c.obj
                0x10001800                __assert_func
 .text.runtime_init
                0x1000183c       0xf8 CMakeFiles/mandelbrot.dir/D_/RaspberryPiPico/pico-sdk/src/rp2_common/pico_runtime/runtime.c.obj
                0x1000183c                runtime_init
 .text.panic    0x10001934       0x30 CMakeFiles/mandelbrot.dir/D_/RaspberryPiPico/pico-sdk/src/rp2_common/pico_runtime/runtime.c.obj
                0x10001934                panic
 .text.clock_configure
                0x10001964      0x104 CMakeFiles/mandelbrot.dir/D_/RaspberryPiPico/pico-sdk/src/rp2_common/hardware_clocks/clocks.c.obj
                0x10001964                clock_configure
 .text.clocks_init
                0x10001a68      0x100 CMakeFiles/mandelbrot.dir/D_/RaspberryPiPico/pico-sdk/src/rp2_common/hardware_clocks/clocks.c.obj
                0x10001a68                clocks_init
 .text.set_raw_irq_handler_and_unlock
                0x10001b68       0x28 CMakeFiles/mandelbrot.dir/D_/RaspberryPiPico/pico-sdk/src/rp2_common/hardware_irq/irq.c.obj
 .text.make_branch
                0x10001b90       0x34 CMakeFiles/mandelbrot.dir/D_/RaspberryPiPico/pico-sdk/src/rp2_common/hardware_irq/irq.c.obj
 .text.insert_branch_and_link
                0x10001bc4       0x40 CMakeFiles/mandelbrot.dir/D_/RaspberryPiPico/pico-sdk/src/rp2_common/hardware_irq/irq.c.obj
 .text.irq_is_enabled
                0x10001c04       0x18 CMakeFiles/mandelbrot.dir/D_/RaspberryPiPico/pico-sdk/src/rp2_common/hardware_irq/irq.c.obj
                0x10001c04                irq_is_enabled
 .text.irq_set_mask_enabled
                0x10001c1c       0x20 CMakeFiles/mandelbrot.dir/D_/RaspberryPiPico/pico-sdk/src/rp2_common/hardware_irq/irq.c.obj
                0x10001c1c                irq_set_mask_enabled
 .text.irq_set_enabled
                0x10001c3c        0xe CMakeFiles/mandelbrot.dir/D_/RaspberryPiPico/pico-sdk/src/rp2_common/hardware_irq/irq.c.obj
                0x10001c3c                irq_set_enabled
 *fill*         0x10001c4a        0x2 
 .text.irq_set_pending
                0x10001c4c       0x10 CMakeFiles/mandelbrot.dir/D_/RaspberryPiPico/pico-sdk/src/rp2_common/hardware_irq/irq.c.obj
                0x10001c4c                irq_set_pending
 .text.irq_get_vtable_handler
                0x10001c5c       0x10 CMakeFiles/mandelbrot.dir/D_/RaspberryPiPico/pico-sdk/src/rp2_common/hardware_irq/irq.c.obj
                0x10001c5c                irq_get_vtable_handler
 .text.irq_set_exclusive_handler
                0x10001c6c       0x54 CMakeFiles/mandelbrot.dir/D_/RaspberryPiPico/pico-sdk/src/rp2_common/hardware_irq/irq.c.obj
                0x10001c6c                irq_set_exclusive_handler
 .text.irq_remove_handler
                0x10001cc0      0x1ac CMakeFiles/mandelbrot.dir/D_/RaspberryPiPico/pico-sdk/src/rp2_common/hardware_irq/irq.c.obj
                0x10001cc0                irq_remove_handler
 .text.irq_add_tail_to_free_list
                0x10001e6c       0xf0 CMakeFiles/mandelbrot.dir/D_/RaspberryPiPico/pico-sdk/src/rp2_common/hardware_irq/irq.c.obj
                0x10001e6c                irq_add_tail_to_free_list
 .text.irq_init_priorities
                0x10001f5c       0x1c CMakeFiles/mandelbrot.dir/D_/RaspberryPiPico/pico-sdk/src/rp2_common/hardware_irq/irq.c.obj
                0x10001f5c                irq_init_priorities
 .text.pll_init
                0x10001f78      0x118 CMakeFiles/mandelbrot.dir/D_/RaspberryPiPico/pico-sdk/src/rp2_common/hardware_pll/pll.c.obj
                0x10001f78                pll_init
 .text.watchdog_start_tick
                0x10002090       0x10 CMakeFiles/mandelbrot.dir/D_/RaspberryPiPico/pico-sdk/src/rp2_common/hardware_watchdog/watchdog.c.obj
                0x10002090                watchdog_start_tick
 .text.watchdog_update
                0x100020a0       0x14 CMakeFiles/mandelbrot.dir/D_/RaspberryPiPico/pico-sdk/src/rp2_common/hardware_watchdog/watchdog.c.obj
                0x100020a0                watchdog_update
 .text._watchdog_enable
                0x100020b4       0x78 CMakeFiles/mandelbrot.dir/D_/RaspberryPiPico/pico-sdk/src/rp2_common/hardware_watchdog/watchdog.c.obj
                0x100020b4                _watchdog_enable
 .text.watchdog_reboot
                0x1000212c       0x48 CMakeFiles/mandelbrot.dir/D_/RaspberryPiPico/pico-sdk/src/rp2_common/hardware_watchdog/watchdog.c.obj
                0x1000212c                watchdog_reboot
 .text.xosc_init
                0x10002174       0x28 CMakeFiles/mandelbrot.dir/D_/RaspberryPiPico/pico-sdk/src/rp2_common/hardware_xosc/xosc.c.obj
                0x10002174                xosc_init
 .text._out_null
                0x1000219c        0x2 CMakeFiles/mandelbrot.dir/D_/RaspberryPiPico/pico-sdk/src/rp2_common/pico_printf/printf.c.obj
 .text._out_fct
                0x1000219e        0xe CMakeFiles/mandelbrot.dir/D_/RaspberryPiPico/pico-sdk/src/rp2_common/pico_printf/printf.c.obj
 .text._atoi    0x100021ac       0x24 CMakeFiles/mandelbrot.dir/D_/RaspberryPiPico/pico-sdk/src/rp2_common/pico_printf/printf.c.obj
 .text._out_rev
                0x100021d0       0xae CMakeFiles/mandelbrot.dir/D_/RaspberryPiPico/pico-sdk/src/rp2_common/pico_printf/printf.c.obj
 .text._ntoa_format
                0x1000227e      0x112 CMakeFiles/mandelbrot.dir/D_/RaspberryPiPico/pico-sdk/src/rp2_common/pico_printf/printf.c.obj
 .text._ntoa_long
                0x10002390       0xbc CMakeFiles/mandelbrot.dir/D_/RaspberryPiPico/pico-sdk/src/rp2_common/pico_printf/printf.c.obj
 .text._ntoa_long_long
                0x1000244c       0xe2 CMakeFiles/mandelbrot.dir/D_/RaspberryPiPico/pico-sdk/src/rp2_common/pico_printf/printf.c.obj
 *fill*         0x1000252e        0x2 
 .text._etoa    0x10002530      0x414 CMakeFiles/mandelbrot.dir/D_/RaspberryPiPico/pico-sdk/src/rp2_common/pico_printf/printf.c.obj
 .text._ftoa    0x10002944      0x354 CMakeFiles/mandelbrot.dir/D_/RaspberryPiPico/pico-sdk/src/rp2_common/pico_printf/printf.c.obj
 .text._vsnprintf
                0x10002c98      0x624 CMakeFiles/mandelbrot.dir/D_/RaspberryPiPico/pico-sdk/src/rp2_common/pico_printf/printf.c.obj
 .text.vfctprintf
                0x100032bc       0x20 CMakeFiles/mandelbrot.dir/D_/RaspberryPiPico/pico-sdk/src/rp2_common/pico_printf/printf.c.obj
                0x100032bc                vfctprintf
 .text          0x100032dc       0x10 CMakeFiles/mandelbrot.dir/D_/RaspberryPiPico/pico-sdk/src/rp2_common/pico_bit_ops/bit_ops_aeabi.S.obj
 .text.rom_func_lookup
                0x100032ec       0x10 CMakeFiles/mandelbrot.dir/D_/RaspberryPiPico/pico-sdk/src/rp2_common/pico_bootrom/bootrom.c.obj
                0x100032ec                rom_func_lookup
 .text.rom_data_lookup
                0x100032fc       0x10 CMakeFiles/mandelbrot.dir/D_/RaspberryPiPico/pico-sdk/src/rp2_common/pico_bootrom/bootrom.c.obj
                0x100032fc                rom_data_lookup
 .text.rom_funcs_lookup
                0x1000330c       0x36 CMakeFiles/mandelbrot.dir/D_/RaspberryPiPico/pico-sdk/src/rp2_common/pico_bootrom/bootrom.c.obj
                0x1000330c                rom_funcs_lookup
 *fill*         0x10003342        0x2 
 .text.__wrap___aeabi_idiv
                0x10003344       0x50 CMakeFiles/mandelbrot.dir/D_/RaspberryPiPico/pico-sdk/src/rp2_common/pico_divider/divider.S.obj
                0x10003344                __wrap___aeabi_idivmod
                0x10003344                divmod_s32s32
                0x10003344                div_s32s32
                0x10003344                __wrap___aeabi_idiv
                0x1000334c                divmod_s32s32_unsafe
                0x10003378                divmod_s32s32_savestate
 .text.__wrap___aeabi_uidiv
                0x10003394       0x4c CMakeFiles/mandelbrot.dir/D_/RaspberryPiPico/pico-sdk/src/rp2_common/pico_divider/divider.S.obj
                0x10003394                __wrap___aeabi_uidiv
                0x10003394                __wrap___aeabi_uidivmod
                0x10003394                div_u32u32
                0x10003394                divmod_u32u32
                0x1000339c                divmod_u32u32_unsafe
                0x100033c4                divmod_u32u32_savestate
 .text.__wrap___aeabi_ldiv
                0x100033e0      0x434 CMakeFiles/mandelbrot.dir/D_/RaspberryPiPico/pico-sdk/src/rp2_common/pico_divider/divider.S.obj
                0x100033e0                div_s64s64
                0x100033e0                divmod_s64s64
                0x100033e0                __wrap___aeabi_ldivmod
                0x10003418                divmod_u64u64
                0x10003418                div_u64u64
                0x10003418                __wrap___aeabi_uldivmod
                0x10003428                divmod_u64u64_savestate
                0x10003450                divmod_s64s64_unsafe
                0x100034d8                divmod_u64u64_unsafe
 .text.__wrap___aeabi_darithmetic
                0x10003814       0x80 CMakeFiles/mandelbrot.dir/D_/RaspberryPiPico/pico-sdk/src/rp2_common/pico_double/double_aeabi.S.obj
                0x10003814                __wrap___aeabi_drsub
                0x1000381a                __wrap___aeabi_dsub
                0x1000382c                __wrap___aeabi_dadd
                0x1000383e                __wrap___aeabi_ddiv
                0x1000387a                __wrap___aeabi_dmul
 .text.__wrap___aeabi_cdcmple
                0x10003894       0x6c CMakeFiles/mandelbrot.dir/D_/RaspberryPiPico/pico-sdk/src/rp2_common/pico_double/double_aeabi.S.obj
                0x10003894                __wrap___aeabi_cdrcmple
                0x100038a4                __wrap___aeabi_cdcmpeq
                0x100038a4                __wrap___aeabi_cdcmple
 .text.__wrap___aeabi_dcmplt
                0x10003900        0xc CMakeFiles/mandelbrot.dir/D_/RaspberryPiPico/pico-sdk/src/rp2_common/pico_double/double_aeabi.S.obj
                0x10003900                __wrap___aeabi_dcmplt
 .text.__wrap___aeabi_dcmple
                0x1000390c       0x10 CMakeFiles/mandelbrot.dir/D_/RaspberryPiPico/pico-sdk/src/rp2_common/pico_double/double_aeabi.S.obj
                0x1000390c                __wrap___aeabi_dcmple
 .text.__wrap___aeabi_dcmpge
                0x1000391c       0x10 CMakeFiles/mandelbrot.dir/D_/RaspberryPiPico/pico-sdk/src/rp2_common/pico_double/double_aeabi.S.obj
                0x1000391c                __wrap___aeabi_dcmpge
 .text.__wrap___aeabi_dcmpgt
                0x1000392c        0xa CMakeFiles/mandelbrot.dir/D_/RaspberryPiPico/pico-sdk/src/rp2_common/pico_double/double_aeabi.S.obj
                0x1000392c                __wrap___aeabi_dcmpgt
 .text.__wrap___aeabi_dcmpun
                0x10003936       0x1c CMakeFiles/mandelbrot.dir/D_/RaspberryPiPico/pico-sdk/src/rp2_common/pico_double/double_aeabi.S.obj
                0x10003936                __wrap___aeabi_dcmpun
 *fill*         0x10003952        0x2 
 .text.__wrap___aeabi_i2d
                0x10003954       0x38 CMakeFiles/mandelbrot.dir/D_/RaspberryPiPico/pico-sdk/src/rp2_common/pico_double/double_aeabi.S.obj
                0x10003954                __wrap___aeabi_ui2d
                0x1000395c                __wrap___aeabi_i2d
 .text.__wrap___aeabi_d2iz
                0x1000398c       0x48 CMakeFiles/mandelbrot.dir/D_/RaspberryPiPico/pico-sdk/src/rp2_common/pico_double/double_aeabi.S.obj
                0x1000398c                double2int_z
                0x1000398c                __wrap___aeabi_d2iz
 .text.__wrap___aeabi_d2uiz
                0x100039d4       0x18 CMakeFiles/mandelbrot.dir/D_/RaspberryPiPico/pico-sdk/src/rp2_common/pico_double/double_aeabi.S.obj
                0x100039d4                __wrap___aeabi_d2uiz
                0x100039d4                double2uint
 .text.__aeabi_double_init
                0x100039ec       0xc8 CMakeFiles/mandelbrot.dir/D_/RaspberryPiPico/pico-sdk/src/rp2_common/pico_double/double_init_rom.c.obj
                0x100039ec                __aeabi_double_init
 .text.double_table_shim_on_use_helper
                0x10003ab4       0x34 CMakeFiles/mandelbrot.dir/D_/RaspberryPiPico/pico-sdk/src/rp2_common/pico_double/double_v1_rom_shim.S.obj
                0x10003ab4                double_table_shim_on_use_helper
 .text.__wrap___aeabi_dsub
                0x10003ae8       0x10 CMakeFiles/mandelbrot.dir/D_/RaspberryPiPico/pico-sdk/src/rp2_common/pico_double/double_v1_rom_shim.S.obj
                0x10003ae8                drsub_shim
                0x10003aee                dsub_shim
 .text.dadd_shim
                0x10003af8      0x15c CMakeFiles/mandelbrot.dir/D_/RaspberryPiPico/pico-sdk/src/rp2_common/pico_double/double_v1_rom_shim.S.obj
                0x10003af8                dadd_shim
 .text.dmul_shim
                0x10003c54      0x15c CMakeFiles/mandelbrot.dir/D_/RaspberryPiPico/pico-sdk/src/rp2_common/pico_double/double_v1_rom_shim.S.obj
                0x10003c54                dmul_shim
 .text.ddiv_shim
                0x10003db0      0x1b0 CMakeFiles/mandelbrot.dir/D_/RaspberryPiPico/pico-sdk/src/rp2_common/pico_double/double_v1_rom_shim.S.obj
                0x10003db0                ddiv_shim
 .text.double2uint_shim
                0x10003f60        0xe CMakeFiles/mandelbrot.dir/D_/RaspberryPiPico/pico-sdk/src/rp2_common/pico_double/double_v1_rom_shim.S.obj
                0x10003f60                double2uint_shim
                0x10003f62                double2ufix_shim
 *fill*         0x10003f6e        0x2 
 .text.double2uint64_shim
                0x10003f70       0x70 CMakeFiles/mandelbrot.dir/D_/RaspberryPiPico/pico-sdk/src/rp2_common/pico_double/double_v1_rom_shim.S.obj
                0x10003f70                double2uint64_shim
                0x10003f72                double2ufix64_shim
                0x10003f92                d2fix_a
 .text.dunpacks
                0x10003fe0       0x3c CMakeFiles/mandelbrot.dir/D_/RaspberryPiPico/pico-sdk/src/rp2_common/pico_double/double_v1_rom_shim.S.obj
                0x10003fe0                dunpacks
 .text.__aeabi_lmul
                0x1000401c       0x32 CMakeFiles/mandelbrot.dir/D_/RaspberryPiPico/pico-sdk/src/rp2_common/pico_int64_ops/pico_int64_ops_aeabi.S.obj
                0x1000401c                __wrap___aeabi_lmul
 *fill*         0x1000404e        0x2 
 .text.__aeabi_float_init
                0x10004050       0xfc CMakeFiles/mandelbrot.dir/D_/RaspberryPiPico/pico-sdk/src/rp2_common/pico_float/float_init_rom.c.obj
                0x10004050                __aeabi_float_init
 .text.float_table_shim_on_use_helper
                0x1000414c       0x34 CMakeFiles/mandelbrot.dir/D_/RaspberryPiPico/pico-sdk/src/rp2_common/pico_float/float_v1_rom_shim.S.obj
                0x1000414c                float_table_shim_on_use_helper
 .text.__wrap_malloc
                0x10004180       0x24 CMakeFiles/mandelbrot.dir/D_/RaspberryPiPico/pico-sdk/src/rp2_common/pico_malloc/pico_malloc.c.obj
                0x10004180                __wrap_malloc
 .text          0x100041a4       0x10 CMakeFiles/mandelbrot.dir/D_/RaspberryPiPico/pico-sdk/src/rp2_common/pico_mem_ops/mem_ops_aeabi.S.obj
                0x100041a4                __aeabi_mem_init
 .text.memset   0x100041b4        0xc CMakeFiles/mandelbrot.dir/D_/RaspberryPiPico/pico-sdk/src/rp2_common/pico_mem_ops/mem_ops_aeabi.S.obj
                0x100041b4                __wrap_memset
 .text.memcpy   0x100041c0        0xc CMakeFiles/mandelbrot.dir/D_/RaspberryPiPico/pico-sdk/src/rp2_common/pico_mem_ops/mem_ops_aeabi.S.obj
                0x100041c0                __wrap_memcpy
                0x100041c0                __wrap___aeabi_memcpy
 .text._Znaj    0x100041cc        0x8 CMakeFiles/mandelbrot.dir/D_/RaspberryPiPico/pico-sdk/src/rp2_common/pico_standard_link/new_delete.cpp.obj
                0x100041cc                operator new[](unsigned int)
 .text.stdio_out_chars_no_crlf
                0x100041d4        0xe CMakeFiles/mandelbrot.dir/D_/RaspberryPiPico/pico-sdk/src/rp2_common/pico_stdio/stdio.c.obj
 *fill*         0x100041e2        0x2 
 .text.stdio_out_chars_crlf
                0x100041e4       0x80 CMakeFiles/mandelbrot.dir/D_/RaspberryPiPico/pico-sdk/src/rp2_common/pico_stdio/stdio.c.obj
 .text.stdio_stack_buffer_flush
                0x10004264       0x44 CMakeFiles/mandelbrot.dir/D_/RaspberryPiPico/pico-sdk/src/rp2_common/pico_stdio/stdio.c.obj
 .text.stdio_buffered_printer
                0x100042a8       0x20 CMakeFiles/mandelbrot.dir/D_/RaspberryPiPico/pico-sdk/src/rp2_common/pico_stdio/stdio.c.obj
 .text.stdout_serialize_begin
                0x100042c8       0x30 CMakeFiles/mandelbrot.dir/D_/RaspberryPiPico/pico-sdk/src/rp2_common/pico_stdio/stdio.c.obj
                0x100042c8                stdout_serialize_begin
 .text.stdout_serialize_end
                0x100042f8       0x10 CMakeFiles/mandelbrot.dir/D_/RaspberryPiPico/pico-sdk/src/rp2_common/pico_stdio/stdio.c.obj
                0x100042f8                stdout_serialize_end
 .text.stdio_put_string
                0x10004308       0x98 CMakeFiles/mandelbrot.dir/D_/RaspberryPiPico/pico-sdk/src/rp2_common/pico_stdio/stdio.c.obj
 .text.stdio_set_driver_enabled
                0x100043a0       0x38 CMakeFiles/mandelbrot.dir/D_/RaspberryPiPico/pico-sdk/src/rp2_common/pico_stdio/stdio.c.obj
                0x100043a0                stdio_set_driver_enabled
 .text.stdio_flush
                0x100043d8       0x20 CMakeFiles/mandelbrot.dir/D_/RaspberryPiPico/pico-sdk/src/rp2_common/pico_stdio/stdio.c.obj
                0x100043d8                stdio_flush
 .text.__wrap_puts
                0x100043f8       0x1e CMakeFiles/mandelbrot.dir/D_/RaspberryPiPico/pico-sdk/src/rp2_common/pico_stdio/stdio.c.obj
                0x100043f8                __wrap_puts
 *fill*         0x10004416        0x2 
 .text.__wrap_vprintf
                0x10004418       0x44 CMakeFiles/mandelbrot.dir/D_/RaspberryPiPico/pico-sdk/src/rp2_common/pico_stdio/stdio.c.obj
                0x10004418                __wrap_vprintf
 .text.__wrap_printf
                0x1000445c       0x18 CMakeFiles/mandelbrot.dir/D_/RaspberryPiPico/pico-sdk/src/rp2_common/pico_stdio/stdio.c.obj
                0x1000445c                __wrap_printf
 .text.stdio_init_all
                0x10004474        0x8 CMakeFiles/mandelbrot.dir/D_/RaspberryPiPico/pico-sdk/src/rp2_common/pico_stdio/stdio.c.obj
                0x10004474                stdio_init_all
 .text.resetd_init
                0x1000447c        0x2 CMakeFiles/mandelbrot.dir/D_/RaspberryPiPico/pico-sdk/src/rp2_common/pico_stdio_usb/reset_interface.c.obj
 *fill*         0x1000447e        0x2 
 .text.resetd_reset
                0x10004480        0xc CMakeFiles/mandelbrot.dir/D_/RaspberryPiPico/pico-sdk/src/rp2_common/pico_stdio_usb/reset_interface.c.obj
 .text.resetd_open
                0x1000448c       0x34 CMakeFiles/mandelbrot.dir/D_/RaspberryPiPico/pico-sdk/src/rp2_common/pico_stdio_usb/reset_interface.c.obj
 .text.resetd_xfer_cb
                0x100044c0        0x4 CMakeFiles/mandelbrot.dir/D_/RaspberryPiPico/pico-sdk/src/rp2_common/pico_stdio_usb/reset_interface.c.obj
 .text.reset_usb_boot
                0x100044c4       0x18 CMakeFiles/mandelbrot.dir/D_/RaspberryPiPico/pico-sdk/src/rp2_common/pico_stdio_usb/reset_interface.c.obj
 .text.resetd_control_xfer_cb
                0x100044dc       0x5c CMakeFiles/mandelbrot.dir/D_/RaspberryPiPico/pico-sdk/src/rp2_common/pico_stdio_usb/reset_interface.c.obj
 .text.usbd_app_driver_get_cb
                0x10004538        0xc CMakeFiles/mandelbrot.dir/D_/RaspberryPiPico/pico-sdk/src/rp2_common/pico_stdio_usb/reset_interface.c.obj
                0x10004538                usbd_app_driver_get_cb
 .text.tud_cdc_line_coding_cb
                0x10004544       0x28 CMakeFiles/mandelbrot.dir/D_/RaspberryPiPico/pico-sdk/src/rp2_common/pico_stdio_usb/reset_interface.c.obj
                0x10004544                tud_cdc_line_coding_cb
 .text.stdio_usb_in_chars
                0x1000456c       0x70 CMakeFiles/mandelbrot.dir/D_/RaspberryPiPico/pico-sdk/src/rp2_common/pico_stdio_usb/stdio_usb.c.obj
                0x1000456c                stdio_usb_in_chars
 .text.low_priority_worker_irq
                0x100045dc       0x20 CMakeFiles/mandelbrot.dir/D_/RaspberryPiPico/pico-sdk/src/rp2_common/pico_stdio_usb/stdio_usb.c.obj
 .text.stdio_usb_out_chars
                0x100045fc       0xd4 CMakeFiles/mandelbrot.dir/D_/RaspberryPiPico/pico-sdk/src/rp2_common/pico_stdio_usb/stdio_usb.c.obj
 .text.timer_task
                0x100046d0       0x10 CMakeFiles/mandelbrot.dir/D_/RaspberryPiPico/pico-sdk/src/rp2_common/pico_stdio_usb/stdio_usb.c.obj
 .text.stdio_usb_init
                0x100046e0       0xb8 CMakeFiles/mandelbrot.dir/D_/RaspberryPiPico/pico-sdk/src/rp2_common/pico_stdio_usb/stdio_usb.c.obj
                0x100046e0                stdio_usb_init
 .text.tud_descriptor_device_cb
                0x10004798        0x8 CMakeFiles/mandelbrot.dir/D_/RaspberryPiPico/pico-sdk/src/rp2_common/pico_stdio_usb/stdio_usb_descriptors.c.obj
                0x10004798                tud_descriptor_device_cb
 .text.tud_descriptor_configuration_cb
                0x100047a0        0x8 CMakeFiles/mandelbrot.dir/D_/RaspberryPiPico/pico-sdk/src/rp2_common/pico_stdio_usb/stdio_usb_descriptors.c.obj
                0x100047a0                tud_descriptor_configuration_cb
 .text.tud_descriptor_string_cb
                0x100047a8       0x6c CMakeFiles/mandelbrot.dir/D_/RaspberryPiPico/pico-sdk/src/rp2_common/pico_stdio_usb/stdio_usb_descriptors.c.obj
                0x100047a8                tud_descriptor_string_cb
 .text.hw_endpoint_get_by_addr
                0x10004814       0x18 CMakeFiles/mandelbrot.dir/D_/RaspberryPiPico/pico-sdk/lib/tinyusb/src/portable/raspberrypi/rp2040/dcd_rp2040.c.obj
 .text.reset_ep0_pid
                0x1000482c       0x28 CMakeFiles/mandelbrot.dir/D_/RaspberryPiPico/pico-sdk/lib/tinyusb/src/portable/raspberrypi/rp2040/dcd_rp2040.c.obj
 .text._hw_endpoint_alloc
                0x10004854       0x70 CMakeFiles/mandelbrot.dir/D_/RaspberryPiPico/pico-sdk/lib/tinyusb/src/portable/raspberrypi/rp2040/dcd_rp2040.c.obj
 .text.hw_endpoint_init
                0x100048c4       0x88 CMakeFiles/mandelbrot.dir/D_/RaspberryPiPico/pico-sdk/lib/tinyusb/src/portable/raspberrypi/rp2040/dcd_rp2040.c.obj
 .text.reset_non_control_endpoints
                0x1000494c       0x40 CMakeFiles/mandelbrot.dir/D_/RaspberryPiPico/pico-sdk/lib/tinyusb/src/portable/raspberrypi/rp2040/dcd_rp2040.c.obj
 .text.hw_handle_buff_status
                0x1000498c       0x8c CMakeFiles/mandelbrot.dir/D_/RaspberryPiPico/pico-sdk/lib/tinyusb/src/portable/raspberrypi/rp2040/dcd_rp2040.c.obj
 .text.dcd_rp2040_irq
                0x10004a18       0xc0 CMakeFiles/mandelbrot.dir/D_/RaspberryPiPico/pico-sdk/lib/tinyusb/src/portable/raspberrypi/rp2040/dcd_rp2040.c.obj
 .text.hw_endpoint_xfer
                0x10004ad8       0x14 CMakeFiles/mandelbrot.dir/D_/RaspberryPiPico/pico-sdk/lib/tinyusb/src/portable/raspberrypi/rp2040/dcd_rp2040.c.obj
 .text.dcd_int_enable
                0x10004aec       0x2c CMakeFiles/mandelbrot.dir/D_/RaspberryPiPico/pico-sdk/lib/tinyusb/src/portable/raspberrypi/rp2040/dcd_rp2040.c.obj
                0x10004aec                dcd_int_enable
 .text.dcd_set_address
                0x10004b18       0x2c CMakeFiles/mandelbrot.dir/D_/RaspberryPiPico/pico-sdk/lib/tinyusb/src/portable/raspberrypi/rp2040/dcd_rp2040.c.obj
                0x10004b18                dcd_set_address
 .text.dcd_connect
                0x10004b44       0x10 CMakeFiles/mandelbrot.dir/D_/RaspberryPiPico/pico-sdk/lib/tinyusb/src/portable/raspberrypi/rp2040/dcd_rp2040.c.obj
                0x10004b44                dcd_connect
 .text.dcd_init
                0x10004b54       0x7c CMakeFiles/mandelbrot.dir/D_/RaspberryPiPico/pico-sdk/lib/tinyusb/src/portable/raspberrypi/rp2040/dcd_rp2040.c.obj
                0x10004b54                dcd_init
 .text.dcd_edpt0_status_complete
                0x10004bd0       0x1c CMakeFiles/mandelbrot.dir/D_/RaspberryPiPico/pico-sdk/lib/tinyusb/src/portable/raspberrypi/rp2040/dcd_rp2040.c.obj
                0x10004bd0                dcd_edpt0_status_complete
 .text.dcd_edpt_open
                0x10004bec       0x40 CMakeFiles/mandelbrot.dir/D_/RaspberryPiPico/pico-sdk/lib/tinyusb/src/portable/raspberrypi/rp2040/dcd_rp2040.c.obj
                0x10004bec                dcd_edpt_open
 .text.dcd_edpt_close_all
                0x10004c2c        0x8 CMakeFiles/mandelbrot.dir/D_/RaspberryPiPico/pico-sdk/lib/tinyusb/src/portable/raspberrypi/rp2040/dcd_rp2040.c.obj
                0x10004c2c                dcd_edpt_close_all
 .text.dcd_edpt_xfer
                0x10004c34       0x30 CMakeFiles/mandelbrot.dir/D_/RaspberryPiPico/pico-sdk/lib/tinyusb/src/portable/raspberrypi/rp2040/dcd_rp2040.c.obj
                0x10004c34                dcd_edpt_xfer
 .text.dcd_edpt_stall
                0x10004c64       0x2c CMakeFiles/mandelbrot.dir/D_/RaspberryPiPico/pico-sdk/lib/tinyusb/src/portable/raspberrypi/rp2040/dcd_rp2040.c.obj
                0x10004c64                dcd_edpt_stall
 .text.dcd_edpt_clear_stall
                0x10004c90       0x20 CMakeFiles/mandelbrot.dir/D_/RaspberryPiPico/pico-sdk/lib/tinyusb/src/portable/raspberrypi/rp2040/dcd_rp2040.c.obj
                0x10004c90                dcd_edpt_clear_stall
 .text.prepare_ep_buffer
                0x10004cb0       0x70 CMakeFiles/mandelbrot.dir/D_/RaspberryPiPico/pico-sdk/lib/tinyusb/src/portable/raspberrypi/rp2040/rp2040_usb.c.obj
 .text.sync_ep_buffer
                0x10004d20       0x7c CMakeFiles/mandelbrot.dir/D_/RaspberryPiPico/pico-sdk/lib/tinyusb/src/portable/raspberrypi/rp2040/rp2040_usb.c.obj
 .text._hw_endpoint_xfer_sync
                0x10004d9c       0x28 CMakeFiles/mandelbrot.dir/D_/RaspberryPiPico/pico-sdk/lib/tinyusb/src/portable/raspberrypi/rp2040/rp2040_usb.c.obj
 .text.rp2040_usb_init
                0x10004dc4       0x4c CMakeFiles/mandelbrot.dir/D_/RaspberryPiPico/pico-sdk/lib/tinyusb/src/portable/raspberrypi/rp2040/rp2040_usb.c.obj
                0x10004dc4                rp2040_usb_init
 .text.hw_endpoint_reset_transfer
                0x10004e10        0xc CMakeFiles/mandelbrot.dir/D_/RaspberryPiPico/pico-sdk/lib/tinyusb/src/portable/raspberrypi/rp2040/rp2040_usb.c.obj
                0x10004e10                hw_endpoint_reset_transfer
 .text._hw_endpoint_buffer_control_update32
                0x10004e1c       0x58 CMakeFiles/mandelbrot.dir/D_/RaspberryPiPico/pico-sdk/lib/tinyusb/src/portable/raspberrypi/rp2040/rp2040_usb.c.obj
                0x10004e1c                _hw_endpoint_buffer_control_update32
 .text._hw_endpoint_start_next_buffer
                0x10004e74       0x74 CMakeFiles/mandelbrot.dir/D_/RaspberryPiPico/pico-sdk/lib/tinyusb/src/portable/raspberrypi/rp2040/rp2040_usb.c.obj
 .text.hw_endpoint_xfer_start
                0x10004ee8       0x48 CMakeFiles/mandelbrot.dir/D_/RaspberryPiPico/pico-sdk/lib/tinyusb/src/portable/raspberrypi/rp2040/rp2040_usb.c.obj
                0x10004ee8                hw_endpoint_xfer_start
 .text.hw_endpoint_xfer_continue
                0x10004f30       0x38 CMakeFiles/mandelbrot.dir/D_/RaspberryPiPico/pico-sdk/lib/tinyusb/src/portable/raspberrypi/rp2040/rp2040_usb.c.obj
                0x10004f30                hw_endpoint_xfer_continue
 .text.configuration_reset
                0x10004f68       0x84 CMakeFiles/mandelbrot.dir/D_/RaspberryPiPico/pico-sdk/lib/tinyusb/src/device/usbd.c.obj
 .text.usbd_reset
                0x10004fec        0xc CMakeFiles/mandelbrot.dir/D_/RaspberryPiPico/pico-sdk/lib/tinyusb/src/device/usbd.c.obj
 .text.invoke_class_control
                0x10004ff8       0x1a CMakeFiles/mandelbrot.dir/D_/RaspberryPiPico/pico-sdk/lib/tinyusb/src/device/usbd.c.obj
 *fill*         0x10005012        0x2 
 .text.process_set_config
                0x10005014      0x1b0 CMakeFiles/mandelbrot.dir/D_/RaspberryPiPico/pico-sdk/lib/tinyusb/src/device/usbd.c.obj
 .text.process_get_descriptor
                0x100051c4       0xec CMakeFiles/mandelbrot.dir/D_/RaspberryPiPico/pico-sdk/lib/tinyusb/src/device/usbd.c.obj
 .text.tud_mounted
                0x100052b0       0x10 CMakeFiles/mandelbrot.dir/D_/RaspberryPiPico/pico-sdk/lib/tinyusb/src/device/usbd.c.obj
                0x100052b0                tud_mounted
 .text.tud_suspended
                0x100052c0       0x10 CMakeFiles/mandelbrot.dir/D_/RaspberryPiPico/pico-sdk/lib/tinyusb/src/device/usbd.c.obj
                0x100052c0                tud_suspended
 .text.tud_inited
                0x100052d0        0xc CMakeFiles/mandelbrot.dir/D_/RaspberryPiPico/pico-sdk/lib/tinyusb/src/device/usbd.c.obj
                0x100052d0                tud_inited
 .text.tud_init
                0x100052dc       0xcc CMakeFiles/mandelbrot.dir/D_/RaspberryPiPico/pico-sdk/lib/tinyusb/src/device/usbd.c.obj
                0x100052dc                tud_init
 .text.dcd_event_handler
                0x100053a8      0x1e0 CMakeFiles/mandelbrot.dir/D_/RaspberryPiPico/pico-sdk/lib/tinyusb/src/device/usbd.c.obj
                0x100053a8                dcd_event_handler
 .text.dcd_event_bus_signal
                0x10005588       0x26 CMakeFiles/mandelbrot.dir/D_/RaspberryPiPico/pico-sdk/lib/tinyusb/src/device/usbd.c.obj
                0x10005588                dcd_event_bus_signal
 .text.dcd_event_bus_reset
                0x100055ae       0x2a CMakeFiles/mandelbrot.dir/D_/RaspberryPiPico/pico-sdk/lib/tinyusb/src/device/usbd.c.obj
                0x100055ae                dcd_event_bus_reset
 .text.dcd_event_setup_received
                0x100055d8       0x34 CMakeFiles/mandelbrot.dir/D_/RaspberryPiPico/pico-sdk/lib/tinyusb/src/device/usbd.c.obj
                0x100055d8                dcd_event_setup_received
 .text.dcd_event_xfer_complete
                0x1000560c       0x44 CMakeFiles/mandelbrot.dir/D_/RaspberryPiPico/pico-sdk/lib/tinyusb/src/device/usbd.c.obj
                0x1000560c                dcd_event_xfer_complete
 .text.usbd_edpt_open
                0x10005650       0x58 CMakeFiles/mandelbrot.dir/D_/RaspberryPiPico/pico-sdk/lib/tinyusb/src/device/usbd.c.obj
                0x10005650                usbd_edpt_open
 .text.usbd_open_edpt_pair
                0x100056a8       0x8c CMakeFiles/mandelbrot.dir/D_/RaspberryPiPico/pico-sdk/lib/tinyusb/src/device/usbd.c.obj
                0x100056a8                usbd_open_edpt_pair
 .text.usbd_edpt_claim
                0x10005734       0x8c CMakeFiles/mandelbrot.dir/D_/RaspberryPiPico/pico-sdk/lib/tinyusb/src/device/usbd.c.obj
                0x10005734                usbd_edpt_claim
 .text.usbd_edpt_release
                0x100057c0       0x68 CMakeFiles/mandelbrot.dir/D_/RaspberryPiPico/pico-sdk/lib/tinyusb/src/device/usbd.c.obj
                0x100057c0                usbd_edpt_release
 .text.usbd_edpt_xfer
                0x10005828       0x80 CMakeFiles/mandelbrot.dir/D_/RaspberryPiPico/pico-sdk/lib/tinyusb/src/device/usbd.c.obj
                0x10005828                usbd_edpt_xfer
 .text.usbd_edpt_stall
                0x100058a8       0x40 CMakeFiles/mandelbrot.dir/D_/RaspberryPiPico/pico-sdk/lib/tinyusb/src/device/usbd.c.obj
                0x100058a8                usbd_edpt_stall
 .text.usbd_edpt_clear_stall
                0x100058e8       0x40 CMakeFiles/mandelbrot.dir/D_/RaspberryPiPico/pico-sdk/lib/tinyusb/src/device/usbd.c.obj
                0x100058e8                usbd_edpt_clear_stall
 .text.usbd_edpt_stalled
                0x10005928       0x1c CMakeFiles/mandelbrot.dir/D_/RaspberryPiPico/pico-sdk/lib/tinyusb/src/device/usbd.c.obj
                0x10005928                usbd_edpt_stalled
 .text.process_control_request
                0x10005944      0x3b8 CMakeFiles/mandelbrot.dir/D_/RaspberryPiPico/pico-sdk/lib/tinyusb/src/device/usbd.c.obj
 .text.tud_task
                0x10005cfc      0x218 CMakeFiles/mandelbrot.dir/D_/RaspberryPiPico/pico-sdk/lib/tinyusb/src/device/usbd.c.obj
                0x10005cfc                tud_task
 .text._data_stage_xact
                0x10005f14       0x58 CMakeFiles/mandelbrot.dir/D_/RaspberryPiPico/pico-sdk/lib/tinyusb/src/device/usbd_control.c.obj
 .text.tud_control_status
                0x10005f6c       0x38 CMakeFiles/mandelbrot.dir/D_/RaspberryPiPico/pico-sdk/lib/tinyusb/src/device/usbd_control.c.obj
                0x10005f6c                tud_control_status
 .text.tud_control_xfer
                0x10005fa4       0xa8 CMakeFiles/mandelbrot.dir/D_/RaspberryPiPico/pico-sdk/lib/tinyusb/src/device/usbd_control.c.obj
                0x10005fa4                tud_control_xfer
 .text.usbd_control_reset
                0x1000604c       0x14 CMakeFiles/mandelbrot.dir/D_/RaspberryPiPico/pico-sdk/lib/tinyusb/src/device/usbd_control.c.obj
                0x1000604c                usbd_control_reset
 .text.usbd_control_set_complete_callback
                0x10006060        0xc CMakeFiles/mandelbrot.dir/D_/RaspberryPiPico/pico-sdk/lib/tinyusb/src/device/usbd_control.c.obj
                0x10006060                usbd_control_set_complete_callback
 .text.usbd_control_set_request
                0x1000606c       0x1c CMakeFiles/mandelbrot.dir/D_/RaspberryPiPico/pico-sdk/lib/tinyusb/src/device/usbd_control.c.obj
                0x1000606c                usbd_control_set_request
 .text.usbd_control_xfer_cb
                0x10006088       0xfc CMakeFiles/mandelbrot.dir/D_/RaspberryPiPico/pico-sdk/lib/tinyusb/src/device/usbd_control.c.obj
                0x10006088                usbd_control_xfer_cb
 .text._prep_out_transaction
                0x10006184       0x46 CMakeFiles/mandelbrot.dir/D_/RaspberryPiPico/pico-sdk/lib/tinyusb/src/class/cdc/cdc_device.c.obj
 *fill*         0x100061ca        0x2 
 .text.tud_cdc_n_connected
                0x100061cc       0x44 CMakeFiles/mandelbrot.dir/D_/RaspberryPiPico/pico-sdk/lib/tinyusb/src/class/cdc/cdc_device.c.obj
                0x100061cc                tud_cdc_n_connected
 .text.tud_cdc_n_available
                0x10006210       0x18 CMakeFiles/mandelbrot.dir/D_/RaspberryPiPico/pico-sdk/lib/tinyusb/src/class/cdc/cdc_device.c.obj
                0x10006210                tud_cdc_n_available
 .text.tud_cdc_n_read
                0x10006228       0x28 CMakeFiles/mandelbrot.dir/D_/RaspberryPiPico/pico-sdk/lib/tinyusb/src/class/cdc/cdc_device.c.obj
                0x10006228                tud_cdc_n_read
 .text.tud_cdc_n_write_flush
                0x10006250       0xcc CMakeFiles/mandelbrot.dir/D_/RaspberryPiPico/pico-sdk/lib/tinyusb/src/class/cdc/cdc_device.c.obj
                0x10006250                tud_cdc_n_write_flush
 .text.tud_cdc_n_write
                0x1000631c       0x38 CMakeFiles/mandelbrot.dir/D_/RaspberryPiPico/pico-sdk/lib/tinyusb/src/class/cdc/cdc_device.c.obj
                0x1000631c                tud_cdc_n_write
 .text.tud_cdc_n_write_available
                0x10006354       0x1c CMakeFiles/mandelbrot.dir/D_/RaspberryPiPico/pico-sdk/lib/tinyusb/src/class/cdc/cdc_device.c.obj
                0x10006354                tud_cdc_n_write_available
 .text.cdcd_init
                0x10006370       0xbc CMakeFiles/mandelbrot.dir/D_/RaspberryPiPico/pico-sdk/lib/tinyusb/src/class/cdc/cdc_device.c.obj
                0x10006370                cdcd_init
 .text.cdcd_reset
                0x1000642c       0x44 CMakeFiles/mandelbrot.dir/D_/RaspberryPiPico/pico-sdk/lib/tinyusb/src/class/cdc/cdc_device.c.obj
                0x1000642c                cdcd_reset
 .text.cdcd_open
                0x10006470       0xf8 CMakeFiles/mandelbrot.dir/D_/RaspberryPiPico/pico-sdk/lib/tinyusb/src/class/cdc/cdc_device.c.obj
                0x10006470                cdcd_open
 .text.cdcd_control_xfer_cb
                0x10006568      0x134 CMakeFiles/mandelbrot.dir/D_/RaspberryPiPico/pico-sdk/lib/tinyusb/src/class/cdc/cdc_device.c.obj
                0x10006568                cdcd_control_xfer_cb
 .text.cdcd_xfer_cb
                0x1000669c      0x144 CMakeFiles/mandelbrot.dir/D_/RaspberryPiPico/pico-sdk/lib/tinyusb/src/class/cdc/cdc_device.c.obj
                0x1000669c                cdcd_xfer_cb
 .text.tusb_init
                0x100067e0       0x24 CMakeFiles/mandelbrot.dir/D_/RaspberryPiPico/pico-sdk/lib/tinyusb/src/tusb.c.obj
                0x100067e0                tusb_init
 .text.tusb_inited
                0x10006804        0xe CMakeFiles/mandelbrot.dir/D_/RaspberryPiPico/pico-sdk/lib/tinyusb/src/tusb.c.obj
                0x10006804                tusb_inited
 *fill*         0x10006812        0x2 
 .text.tu_edpt_validate
                0x10006814       0xa8 CMakeFiles/mandelbrot.dir/D_/RaspberryPiPico/pico-sdk/lib/tinyusb/src/tusb.c.obj
                0x10006814                tu_edpt_validate
 .text.tu_edpt_bind_driver
                0x100068bc       0x2a CMakeFiles/mandelbrot.dir/D_/RaspberryPiPico/pico-sdk/lib/tinyusb/src/tusb.c.obj
                0x100068bc                tu_edpt_bind_driver
 .text.advance_pointer
                0x100068e6       0x18 CMakeFiles/mandelbrot.dir/D_/RaspberryPiPico/pico-sdk/lib/tinyusb/src/common/tusb_fifo.c.obj
 .text.backward_pointer
                0x100068fe       0x1e CMakeFiles/mandelbrot.dir/D_/RaspberryPiPico/pico-sdk/lib/tinyusb/src/common/tusb_fifo.c.obj
 .text.get_relative_pointer
                0x1000691c       0x10 CMakeFiles/mandelbrot.dir/D_/RaspberryPiPico/pico-sdk/lib/tinyusb/src/common/tusb_fifo.c.obj
 .text._tu_fifo_peek
                0x1000692c       0x50 CMakeFiles/mandelbrot.dir/D_/RaspberryPiPico/pico-sdk/lib/tinyusb/src/common/tusb_fifo.c.obj
 .text._ff_pull_const_addr
                0x1000697c       0x4c CMakeFiles/mandelbrot.dir/D_/RaspberryPiPico/pico-sdk/lib/tinyusb/src/common/tusb_fifo.c.obj
 .text._ff_pull_n
                0x100069c8      0x10c CMakeFiles/mandelbrot.dir/D_/RaspberryPiPico/pico-sdk/lib/tinyusb/src/common/tusb_fifo.c.obj
 .text._tu_fifo_peek_n
                0x10006ad4       0x5e CMakeFiles/mandelbrot.dir/D_/RaspberryPiPico/pico-sdk/lib/tinyusb/src/common/tusb_fifo.c.obj
 .text._tu_fifo_read_n
                0x10006b32       0x4e CMakeFiles/mandelbrot.dir/D_/RaspberryPiPico/pico-sdk/lib/tinyusb/src/common/tusb_fifo.c.obj
 .text._ff_push_const_addr
                0x10006b80       0x40 CMakeFiles/mandelbrot.dir/D_/RaspberryPiPico/pico-sdk/lib/tinyusb/src/common/tusb_fifo.c.obj
 .text._ff_push_n
                0x10006bc0      0x108 CMakeFiles/mandelbrot.dir/D_/RaspberryPiPico/pico-sdk/lib/tinyusb/src/common/tusb_fifo.c.obj
 .text._tu_fifo_write_n
                0x10006cc8       0x9e CMakeFiles/mandelbrot.dir/D_/RaspberryPiPico/pico-sdk/lib/tinyusb/src/common/tusb_fifo.c.obj
 .text.tu_fifo_config
                0x10006d66       0x72 CMakeFiles/mandelbrot.dir/D_/RaspberryPiPico/pico-sdk/lib/tinyusb/src/common/tusb_fifo.c.obj
                0x10006d66                tu_fifo_config
 .text.tu_fifo_count
                0x10006dd8       0x26 CMakeFiles/mandelbrot.dir/D_/RaspberryPiPico/pico-sdk/lib/tinyusb/src/common/tusb_fifo.c.obj
                0x10006dd8                tu_fifo_count
 .text.tu_fifo_empty
                0x10006dfe       0x10 CMakeFiles/mandelbrot.dir/D_/RaspberryPiPico/pico-sdk/lib/tinyusb/src/common/tusb_fifo.c.obj
                0x10006dfe                tu_fifo_empty
 .text.tu_fifo_remaining
                0x10006e0e       0x20 CMakeFiles/mandelbrot.dir/D_/RaspberryPiPico/pico-sdk/lib/tinyusb/src/common/tusb_fifo.c.obj
                0x10006e0e                tu_fifo_remaining
 .text.tu_fifo_read
                0x10006e2e       0x42 CMakeFiles/mandelbrot.dir/D_/RaspberryPiPico/pico-sdk/lib/tinyusb/src/common/tusb_fifo.c.obj
                0x10006e2e                tu_fifo_read
 .text.tu_fifo_read_n
                0x10006e70        0xa CMakeFiles/mandelbrot.dir/D_/RaspberryPiPico/pico-sdk/lib/tinyusb/src/common/tusb_fifo.c.obj
                0x10006e70                tu_fifo_read_n
 .text.tu_fifo_write
                0x10006e7a       0x6c CMakeFiles/mandelbrot.dir/D_/RaspberryPiPico/pico-sdk/lib/tinyusb/src/common/tusb_fifo.c.obj
                0x10006e7a                tu_fifo_write
 .text.tu_fifo_write_n
                0x10006ee6        0xa CMakeFiles/mandelbrot.dir/D_/RaspberryPiPico/pico-sdk/lib/tinyusb/src/common/tusb_fifo.c.obj
                0x10006ee6                tu_fifo_write_n
 .text.tu_fifo_clear
                0x10006ef0       0x4c CMakeFiles/mandelbrot.dir/D_/RaspberryPiPico/pico-sdk/lib/tinyusb/src/common/tusb_fifo.c.obj
                0x10006ef0                tu_fifo_clear
 .text.tu_fifo_set_overwritable
                0x10006f3c       0x3c CMakeFiles/mandelbrot.dir/D_/RaspberryPiPico/pico-sdk/lib/tinyusb/src/common/tusb_fifo.c.obj
                0x10006f3c                tu_fifo_set_overwritable
 .text._retrieve_unique_id_on_boot
                0x10006f78       0x10 CMakeFiles/mandelbrot.dir/D_/RaspberryPiPico/pico-sdk/src/rp2_common/pico_unique_id/unique_id.c.obj
 .text.pico_get_unique_board_id_string
                0x10006f88       0x60 CMakeFiles/mandelbrot.dir/D_/RaspberryPiPico/pico-sdk/src/rp2_common/pico_unique_id/unique_id.c.obj
                0x10006f88                pico_get_unique_board_id_string
 .text.flash_get_unique_id
                0x10006fe8       0x46 CMakeFiles/mandelbrot.dir/D_/RaspberryPiPico/pico-sdk/src/rp2_common/hardware_flash/flash.c.obj
                0x10006fe8                flash_get_unique_id
 *fill*         0x1000702e        0x2 
 .text._pio_can_add_program_at_offset
                0x10007030       0x3c CMakeFiles/mandelbrot.dir/D_/RaspberryPiPico/pico-sdk/src/rp2_common/hardware_pio/pio.c.obj
 .text._pio_find_offset_for_program
                0x1000706c       0x7c CMakeFiles/mandelbrot.dir/D_/RaspberryPiPico/pico-sdk/src/rp2_common/hardware_pio/pio.c.obj
 .text._pio_add_program_at_offset
                0x100070e8       0x78 CMakeFiles/mandelbrot.dir/D_/RaspberryPiPico/pico-sdk/src/rp2_common/hardware_pio/pio.c.obj
 .text.pio_add_program
                0x10007160       0x38 CMakeFiles/mandelbrot.dir/D_/RaspberryPiPico/pico-sdk/src/rp2_common/hardware_pio/pio.c.obj
                0x10007160                pio_add_program
 .text.pio_sm_set_consecutive_pindirs
                0x10007198       0x70 CMakeFiles/mandelbrot.dir/D_/RaspberryPiPico/pico-sdk/src/rp2_common/hardware_pio/pio.c.obj
                0x10007198                pio_sm_set_consecutive_pindirs
 .text.pio_sm_init
                0x10007208       0xe4 CMakeFiles/mandelbrot.dir/D_/RaspberryPiPico/pico-sdk/src/rp2_common/hardware_pio/pio.c.obj
                0x10007208                pio_sm_init
 .text.boot_double_tap_check
                0x100072ec       0x64 CMakeFiles/mandelbrot.dir/D_/RaspberryPiPico/pico-sdk/src/rp2_common/pico_bootsel_via_double_reset/pico_bootsel_via_double_reset.c.obj
 .text._ZN11FrameBuffer6byteOREih
                0x10007350       0x10 FrameBuffer\libframebuffer.a(FrameBuffer.cpp.obj)
                0x10007350                FrameBuffer::byteOR(int, unsigned char)
 .text._ZN11FrameBuffer7byteANDEih
                0x10007360       0x10 FrameBuffer\libframebuffer.a(FrameBuffer.cpp.obj)
                0x10007360                FrameBuffer::byteAND(int, unsigned char)
 .text._ZN11FrameBuffer7byteXOREih
                0x10007370       0x10 FrameBuffer\libframebuffer.a(FrameBuffer.cpp.obj)
                0x10007370                FrameBuffer::byteXOR(int, unsigned char)
 .text._ZN11FrameBuffer5clearEv
                0x10007380       0x10 FrameBuffer\libframebuffer.a(FrameBuffer.cpp.obj)
                0x10007380                FrameBuffer::clear()
 .text._ZN11FrameBufferC2Eii10BufferType
                0x10007390       0x70 FrameBuffer\libframebuffer.a(FrameBuffer.cpp.obj)
                0x10007390                FrameBuffer::FrameBuffer(int, int, BufferType)
                0x10007390                FrameBuffer::FrameBuffer(int, int, BufferType)
 .text._ZN11FrameBuffer8getPixelEii
                0x10007400       0x5a FrameBuffer\libframebuffer.a(FrameBuffer.cpp.obj)
                0x10007400                FrameBuffer::getPixel(int, int)
 .text._ZN11FrameBuffer8setPixelEss6Colors4Mode
                0x1000745a       0xd8 FrameBuffer\libframebuffer.a(FrameBuffer.cpp.obj)
                0x1000745a                FrameBuffer::setPixel(short, short, Colors, Mode)
 *fill*         0x10007532        0x2 
 .text._ZN3gofC2EiiP11FrameBufferi
                0x10007534       0x4c GameOfLife\libgof.a(gof.cpp.obj)
                0x10007534                gof::gof(int, int, FrameBuffer*, int)
                0x10007534                gof::gof(int, int, FrameBuffer*, int)
 .text._ZN3gof6gliderEiii
                0x10007580       0xaa GameOfLife\libgof.a(gof.cpp.obj)
                0x10007580                gof::glider(int, int, int)
 .text._ZN3gof6updateEv
                0x1000762a      0x190 GameOfLife\libgof.a(gof.cpp.obj)
                0x1000762a                gof::update()
 *fill*         0x100077ba        0x2 
 .text._ZN3vgaC2EhhhPh
                0x100077bc      0x280 Vga\libvga.a(vga.cpp.obj)
                0x100077bc                vga::vga(unsigned char, unsigned char, unsigned char, unsigned char*)
                0x100077bc                vga::vga(unsigned char, unsigned char, unsigned char, unsigned char*)
 .text._ZN3vga5startEv
                0x10007a3c       0x20 Vga\libvga.a(vga.cpp.obj)
                0x10007a3c                vga::start()
 .text.malloc   0x10007a5c       0x14 c:/progra~2/gnuarm~1/102021~1.10/bin/../lib/gcc/arm-none-eabi/10.3.1/../../../../arm-none-eabi/lib/thumb/v6-m/nofp\libg.a(lib_a-malloc.o)
                0x10007a5c                malloc
 .text._malloc_r
                0x10007a70      0x584 c:/progra~2/gnuarm~1/102021~1.10/bin/../lib/gcc/arm-none-eabi/10.3.1/../../../../arm-none-eabi/lib/thumb/v6-m/nofp\libg.a(lib_a-mallocr.o)
                0x10007a70                _malloc_r
 .text.__malloc_lock
                0x10007ff4       0x10 c:/progra~2/gnuarm~1/102021~1.10/bin/../lib/gcc/arm-none-eabi/10.3.1/../../../../arm-none-eabi/lib/thumb/v6-m/nofp\libg.a(lib_a-mlock.o)
                0x10007ff4                __malloc_lock
 .text.__malloc_unlock
                0x10008004       0x10 c:/progra~2/gnuarm~1/102021~1.10/bin/../lib/gcc/arm-none-eabi/10.3.1/../../../../arm-none-eabi/lib/thumb/v6-m/nofp\libg.a(lib_a-mlock.o)
                0x10008004                __malloc_unlock
 .text.rand     0x10008014       0x34 c:/progra~2/gnuarm~1/102021~1.10/bin/../lib/gcc/arm-none-eabi/10.3.1/../../../../arm-none-eabi/lib/thumb/v6-m/nofp\libg.a(lib_a-rand.o)
                0x10008014                rand
 .text._sbrk_r  0x10008048       0x24 c:/progra~2/gnuarm~1/102021~1.10/bin/../lib/gcc/arm-none-eabi/10.3.1/../../../../arm-none-eabi/lib/thumb/v6-m/nofp\libg.a(lib_a-sbrkr.o)
                0x10008048                _sbrk_r
 .text.strlen   0x1000806c       0x5c c:/progra~2/gnuarm~1/102021~1.10/bin/../lib/gcc/arm-none-eabi/10.3.1/../../../../arm-none-eabi/lib/thumb/v6-m/nofp\libg.a(lib_a-strlen-stub.o)
                0x1000806c                strlen
 .text._malloc_trim_r
                0x100080c8       0x9c c:/progra~2/gnuarm~1/102021~1.10/bin/../lib/gcc/arm-none-eabi/10.3.1/../../../../arm-none-eabi/lib/thumb/v6-m/nofp\libg.a(lib_a-freer.o)
                0x100080c8                _malloc_trim_r
 .text._free_r  0x10008164      0x1c4 c:/progra~2/gnuarm~1/102021~1.10/bin/../lib/gcc/arm-none-eabi/10.3.1/../../../../arm-none-eabi/lib/thumb/v6-m/nofp\libg.a(lib_a-freer.o)
                0x10008164                _free_r
 .text.__retarget_lock_acquire_recursive
                0x10008328        0x4 c:/progra~2/gnuarm~1/102021~1.10/bin/../lib/gcc/arm-none-eabi/10.3.1/../../../../arm-none-eabi/lib/thumb/v6-m/nofp\libg.a(lib_a-lock.o)
                0x10008328                __retarget_lock_acquire_recursive
 .text.__retarget_lock_release_recursive
                0x1000832c        0x4 c:/progra~2/gnuarm~1/102021~1.10/bin/../lib/gcc/arm-none-eabi/10.3.1/../../../../arm-none-eabi/lib/thumb/v6-m/nofp\libg.a(lib_a-lock.o)
                0x1000832c                __retarget_lock_release_recursive
 *(.fini)
 .fini          0x10008330        0x4 c:/progra~2/gnuarm~1/102021~1.10/bin/../lib/gcc/arm-none-eabi/10.3.1/thumb/v6-m/nofp/crti.o
                0x10008330                _fini
 *fill*         0x10008334        0x4 
 .fini.__stub   0x10008338       0x70 linker stubs
 *crtbegin.o(.ctors)
 *crtbegin?.o(.ctors)
 *(EXCLUDE_FILE(*crtend.o *crtend?.o) .ctors)
 *(SORT_BY_NAME(.ctors.*))
 *(.ctors)
 *crtbegin.o(.dtors)
 *crtbegin?.o(.dtors)
 *(EXCLUDE_FILE(*crtend.o *crtend?.o) .dtors)
 *(SORT_BY_NAME(.dtors.*))
 *(.dtors)
 *(.eh_frame*)
 .eh_frame      0x100083a8        0x0 c:/progra~2/gnuarm~1/102021~1.10/bin/../lib/gcc/arm-none-eabi/10.3.1/thumb/v6-m/nofp/crtbegin.o
                0x100083a8                . = ALIGN (0x4)

.glue_7         0x100083a8        0x0
 .glue_7        0x100083a8        0x0 linker stubs

.glue_7t        0x100083a8        0x0
 .glue_7t       0x100083a8        0x0 linker stubs

.vfp11_veneer   0x100083a8        0x0
 .vfp11_veneer  0x100083a8        0x0 linker stubs

.v4_bx          0x100083a8        0x0
 .v4_bx         0x100083a8        0x0 linker stubs

.iplt           0x100083a8        0x0
 .iplt          0x100083a8        0x0 c:/progra~2/gnuarm~1/102021~1.10/bin/../lib/gcc/arm-none-eabi/10.3.1/thumb/v6-m/nofp/crtbegin.o

.rodata         0x100083a8     0x1a04
 *(EXCLUDE_FILE(*libm.a: *libc.a:*lib_a-mem*.o *libgcc.a:) .rodata*)
 .rodata.spin_lock_claim_unused.str1.4
                0x100083a8       0x1b CMakeFiles/mandelbrot.dir/D_/RaspberryPiPico/pico-sdk/src/rp2_common/hardware_sync/sync.c.obj
 *fill*         0x100083c3        0x1 
 .rodata.repeating_timer_callback.str1.4
                0x100083c4       0x4c CMakeFiles/mandelbrot.dir/D_/RaspberryPiPico/pico-sdk/src/common/pico_time/time.c.obj
 .rodata.alarm_pool_dump_key.str1.4
                0x10008410       0x33 CMakeFiles/mandelbrot.dir/D_/RaspberryPiPico/pico-sdk/src/common/pico_time/time.c.obj
 *fill*         0x10008443        0x1 
 .rodata.ph_add_child_node.str1.4
                0x10008444       0x96 CMakeFiles/mandelbrot.dir/D_/RaspberryPiPico/pico-sdk/src/common/pico_time/time.c.obj
 *fill*         0x100084da        0x2 
 .rodata.add_alarm_under_lock.str1.4
                0x100084dc       0x28 CMakeFiles/mandelbrot.dir/D_/RaspberryPiPico/pico-sdk/src/common/pico_time/time.c.obj
                                 0x2b (size before relaxing)
 .rodata.alarm_pool_alarm_callback.str1.4
                0x10008504       0xe6 CMakeFiles/mandelbrot.dir/D_/RaspberryPiPico/pico-sdk/src/common/pico_time/time.c.obj
 *fill*         0x100085ea        0x2 
 .rodata.alarm_pool_get_default.str1.4
                0x100085ec       0x21 CMakeFiles/mandelbrot.dir/D_/RaspberryPiPico/pico-sdk/src/common/pico_time/time.c.obj
 *fill*         0x1000860d        0x3 
 .rodata.alarm_pool_cancel_alarm.str1.4
                0x10008610       0x27 CMakeFiles/mandelbrot.dir/D_/RaspberryPiPico/pico-sdk/src/common/pico_time/time.c.obj
 *fill*         0x10008637        0x1 
 .rodata.sleep_until.str1.4
                0x10008638       0x4d CMakeFiles/mandelbrot.dir/D_/RaspberryPiPico/pico-sdk/src/common/pico_time/time.c.obj
 *fill*         0x10008685        0x3 
 .rodata.__func__.1
                0x10008688       0x18 CMakeFiles/mandelbrot.dir/D_/RaspberryPiPico/pico-sdk/src/common/pico_time/time.c.obj
 .rodata.__func__.10
                0x100086a0       0x15 CMakeFiles/mandelbrot.dir/D_/RaspberryPiPico/pico-sdk/src/common/pico_time/time.c.obj
 *fill*         0x100086b5        0x3 
 .rodata.__func__.11
                0x100086b8       0x1a CMakeFiles/mandelbrot.dir/D_/RaspberryPiPico/pico-sdk/src/common/pico_time/time.c.obj
 *fill*         0x100086d2        0x2 
 .rodata.__func__.12
                0x100086d4        0xa CMakeFiles/mandelbrot.dir/D_/RaspberryPiPico/pico-sdk/src/common/pico_time/time.c.obj
 *fill*         0x100086de        0x2 
 .rodata.__func__.3
                0x100086e0       0x17 CMakeFiles/mandelbrot.dir/D_/RaspberryPiPico/pico-sdk/src/common/pico_time/time.c.obj
 *fill*         0x100086f7        0x1 
 .rodata.__func__.4
                0x100086f8       0x12 CMakeFiles/mandelbrot.dir/D_/RaspberryPiPico/pico-sdk/src/common/pico_time/time.c.obj
 *fill*         0x1000870a        0x2 
 .rodata.__func__.5
                0x1000870c        0xd CMakeFiles/mandelbrot.dir/D_/RaspberryPiPico/pico-sdk/src/common/pico_time/time.c.obj
 *fill*         0x10008719        0x3 
 .rodata.__func__.6
                0x1000871c       0x12 CMakeFiles/mandelbrot.dir/D_/RaspberryPiPico/pico-sdk/src/common/pico_time/time.c.obj
 *fill*         0x1000872e        0x2 
 .rodata.__func__.7
                0x10008730        0xf CMakeFiles/mandelbrot.dir/D_/RaspberryPiPico/pico-sdk/src/common/pico_time/time.c.obj
 *fill*         0x1000873f        0x1 
 .rodata.__func__.8
                0x10008740        0xc CMakeFiles/mandelbrot.dir/D_/RaspberryPiPico/pico-sdk/src/common/pico_time/time.c.obj
 .rodata.__func__.9
                0x1000874c       0x15 CMakeFiles/mandelbrot.dir/D_/RaspberryPiPico/pico-sdk/src/common/pico_time/time.c.obj
 *fill*         0x10008761        0x3 
 .rodata.hardware_alarm_claim.str1.4
                0x10008764       0x22 CMakeFiles/mandelbrot.dir/D_/RaspberryPiPico/pico-sdk/src/rp2_common/hardware_timer/timer.c.obj
 .rodata.busy_wait_us.str1.4
                0x10008786       0x62 CMakeFiles/mandelbrot.dir/D_/RaspberryPiPico/pico-sdk/src/rp2_common/hardware_timer/timer.c.obj
 *fill*         0x10008786        0x2 
 .rodata.hardware_alarm_set_target.str1.4
                0x10008788       0x66 CMakeFiles/mandelbrot.dir/D_/RaspberryPiPico/pico-sdk/src/rp2_common/hardware_timer/timer.c.obj
 *fill*         0x100087ee        0x2 
 .rodata.__func__.0
                0x100087f0       0x1a CMakeFiles/mandelbrot.dir/D_/RaspberryPiPico/pico-sdk/src/rp2_common/hardware_timer/timer.c.obj
 *fill*         0x1000880a        0x2 
 .rodata.__func__.1
                0x1000880c       0x15 CMakeFiles/mandelbrot.dir/D_/RaspberryPiPico/pico-sdk/src/rp2_common/hardware_timer/timer.c.obj
 *fill*         0x10008821        0x3 
 .rodata.str1.4
                0x10008824       0x8d CMakeFiles/mandelbrot.dir/D_/RaspberryPiPico/pico-sdk/src/common/pico_sync/mutex.c.obj
                                 0xf1 (size before relaxing)
 *fill*         0x100088b1        0x3 
 .rodata.__func__.1
                0x100088b4        0xb CMakeFiles/mandelbrot.dir/D_/RaspberryPiPico/pico-sdk/src/common/pico_sync/mutex.c.obj
 *fill*         0x100088bf        0x1 
 .rodata.__func__.3
                0x100088c0       0x18 CMakeFiles/mandelbrot.dir/D_/RaspberryPiPico/pico-sdk/src/common/pico_sync/mutex.c.obj
 .rodata.__func__.4
                0x100088d8       0x15 CMakeFiles/mandelbrot.dir/D_/RaspberryPiPico/pico-sdk/src/common/pico_sync/mutex.c.obj
 .rodata.ph_add_child_node.str1.4
                0x100088ed       0x96 CMakeFiles/mandelbrot.dir/D_/RaspberryPiPico/pico-sdk/src/common/pico_util/pheap.c.obj
 *fill*         0x100088ed        0x3 
 .rodata.ph_remove_any_head.str1.4
                0x100088f0       0x90 CMakeFiles/mandelbrot.dir/D_/RaspberryPiPico/pico-sdk/src/common/pico_util/pheap.c.obj
 .rodata.ph_remove_and_free_node.str1.4
                0x10008980       0x26 CMakeFiles/mandelbrot.dir/D_/RaspberryPiPico/pico-sdk/src/common/pico_util/pheap.c.obj
 *fill*         0x100089a6        0x2 
 .rodata.__func__.0
                0x100089a8       0x18 CMakeFiles/mandelbrot.dir/D_/RaspberryPiPico/pico-sdk/src/common/pico_util/pheap.c.obj
 .rodata.__func__.1
                0x100089c0       0x13 CMakeFiles/mandelbrot.dir/D_/RaspberryPiPico/pico-sdk/src/common/pico_util/pheap.c.obj
 *fill*         0x100089d3        0x1 
 .rodata.__func__.2
                0x100089d4       0x12 CMakeFiles/mandelbrot.dir/D_/RaspberryPiPico/pico-sdk/src/common/pico_util/pheap.c.obj
 *fill*         0x100089e6        0x2 
 .rodata.__func__.3
                0x100089e8        0xc CMakeFiles/mandelbrot.dir/D_/RaspberryPiPico/pico-sdk/src/common/pico_util/pheap.c.obj
 .rodata.__assert_func.str1.4
                0x100089f4       0x3f CMakeFiles/mandelbrot.dir/D_/RaspberryPiPico/pico-sdk/src/rp2_common/pico_runtime/runtime.c.obj
                                 0x43 (size before relaxing)
 *fill*         0x10008a33        0x1 
 .rodata.runtime_init.str1.4
                0x10008a34       0x62 CMakeFiles/mandelbrot.dir/D_/RaspberryPiPico/pico-sdk/src/rp2_common/pico_runtime/runtime.c.obj
 *fill*         0x10008a96        0x2 
 .rodata.panic.str1.4
                0x10008a98       0x12 CMakeFiles/mandelbrot.dir/D_/RaspberryPiPico/pico-sdk/src/rp2_common/pico_runtime/runtime.c.obj
 *fill*         0x10008aaa        0x2 
 .rodata.__func__.1
                0x10008aac        0xd CMakeFiles/mandelbrot.dir/D_/RaspberryPiPico/pico-sdk/src/rp2_common/pico_runtime/runtime.c.obj
 *fill*         0x10008ab9        0x3 
 .rodata.clock_configure.str1.4
                0x10008abc       0x58 CMakeFiles/mandelbrot.dir/D_/RaspberryPiPico/pico-sdk/src/rp2_common/hardware_clocks/clocks.c.obj
 .rodata.__func__.1
                0x10008b14       0x10 CMakeFiles/mandelbrot.dir/D_/RaspberryPiPico/pico-sdk/src/rp2_common/hardware_clocks/clocks.c.obj
 .rodata.make_branch.str1.4
                0x10008b24       0x4e CMakeFiles/mandelbrot.dir/D_/RaspberryPiPico/pico-sdk/src/rp2_common/hardware_irq/irq.c.obj
 *fill*         0x10008b72        0x2 
 .rodata.irq_set_exclusive_handler.str1.4
                0x10008b74       0x36 CMakeFiles/mandelbrot.dir/D_/RaspberryPiPico/pico-sdk/src/rp2_common/hardware_irq/irq.c.obj
 *fill*         0x10008baa        0x2 
 .rodata.irq_add_shared_handler.str1.4
                0x10008bac       0xd9 CMakeFiles/mandelbrot.dir/D_/RaspberryPiPico/pico-sdk/src/rp2_common/hardware_irq/irq.c.obj
 *fill*         0x10008c85        0x3 
 .rodata.irq_remove_handler.str1.4
                0x10008c88       0x2a CMakeFiles/mandelbrot.dir/D_/RaspberryPiPico/pico-sdk/src/rp2_common/hardware_irq/irq.c.obj
 *fill*         0x10008cb2        0x2 
 .rodata.irq_add_tail_to_free_list.str1.4
                0x10008cb4       0x32 CMakeFiles/mandelbrot.dir/D_/RaspberryPiPico/pico-sdk/src/rp2_common/hardware_irq/irq.c.obj
                                 0x3a (size before relaxing)
 *fill*         0x10008ce6        0x2 
 .rodata.__func__.0
                0x10008ce8       0x1a CMakeFiles/mandelbrot.dir/D_/RaspberryPiPico/pico-sdk/src/rp2_common/hardware_irq/irq.c.obj
 *fill*         0x10008d02        0x2 
 .rodata.__func__.1
                0x10008d04       0x17 CMakeFiles/mandelbrot.dir/D_/RaspberryPiPico/pico-sdk/src/rp2_common/hardware_irq/irq.c.obj
 *fill*         0x10008d1b        0x1 
 .rodata.__func__.2
                0x10008d1c       0x13 CMakeFiles/mandelbrot.dir/D_/RaspberryPiPico/pico-sdk/src/rp2_common/hardware_irq/irq.c.obj
 *fill*         0x10008d2f        0x1 
 .rodata.__func__.3
                0x10008d30        0xc CMakeFiles/mandelbrot.dir/D_/RaspberryPiPico/pico-sdk/src/rp2_common/hardware_irq/irq.c.obj
 .rodata.__func__.4
                0x10008d3c        0xf CMakeFiles/mandelbrot.dir/D_/RaspberryPiPico/pico-sdk/src/rp2_common/hardware_irq/irq.c.obj
 *fill*         0x10008d4b        0x1 
 .rodata.__func__.6
                0x10008d4c       0x1a CMakeFiles/mandelbrot.dir/D_/RaspberryPiPico/pico-sdk/src/rp2_common/hardware_irq/irq.c.obj
 *fill*         0x10008d66        0x2 
 .rodata.pll_init.str1.4
                0x10008d68       0xdb CMakeFiles/mandelbrot.dir/D_/RaspberryPiPico/pico-sdk/src/rp2_common/hardware_pll/pll.c.obj
 *fill*         0x10008e43        0x1 
 .rodata.__func__.0
                0x10008e44        0x9 CMakeFiles/mandelbrot.dir/D_/RaspberryPiPico/pico-sdk/src/rp2_common/hardware_pll/pll.c.obj
 *fill*         0x10008e4d        0x3 
 .rodata._ftoa.str1.4
                0x10008e50       0x15 CMakeFiles/mandelbrot.dir/D_/RaspberryPiPico/pico-sdk/src/rp2_common/pico_printf/printf.c.obj
 *fill*         0x10008e65        0x3 
 .rodata._vsnprintf
                0x10008e68      0x1e0 CMakeFiles/mandelbrot.dir/D_/RaspberryPiPico/pico-sdk/src/rp2_common/pico_printf/printf.c.obj
 .rodata.pow10.0
                0x10009048       0x50 CMakeFiles/mandelbrot.dir/D_/RaspberryPiPico/pico-sdk/src/rp2_common/pico_printf/printf.c.obj
 .rodata.__aeabi_double_init.str1.4
                0x10009098       0xa9 CMakeFiles/mandelbrot.dir/D_/RaspberryPiPico/pico-sdk/src/rp2_common/pico_double/double_init_rom.c.obj
 *fill*         0x10009141        0x3 
 .rodata.__func__.0
                0x10009144       0x14 CMakeFiles/mandelbrot.dir/D_/RaspberryPiPico/pico-sdk/src/rp2_common/pico_double/double_init_rom.c.obj
 .rodata.__aeabi_float_init.str1.4
                0x10009158       0x7b CMakeFiles/mandelbrot.dir/D_/RaspberryPiPico/pico-sdk/src/rp2_common/pico_float/float_init_rom.c.obj
                                 0x7f (size before relaxing)
 *fill*         0x100091d3        0x1 
 .rodata.__func__.0
                0x100091d4       0x13 CMakeFiles/mandelbrot.dir/D_/RaspberryPiPico/pico-sdk/src/rp2_common/pico_float/float_init_rom.c.obj
 *fill*         0x100091e7        0x1 
 .rodata.__wrap_malloc.str1.4
                0x100091e8        0xe CMakeFiles/mandelbrot.dir/D_/RaspberryPiPico/pico-sdk/src/rp2_common/pico_malloc/pico_malloc.c.obj
 *fill*         0x100091f6        0x2 
 .rodata.str1.4
                0x100091f8       0x40 CMakeFiles/mandelbrot.dir/D_/RaspberryPiPico/pico-sdk/src/rp2_common/pico_standard_link/binary_info.c.obj
 .rodata.__bi_44
                0x10009238        0xc CMakeFiles/mandelbrot.dir/D_/RaspberryPiPico/pico-sdk/src/rp2_common/pico_standard_link/binary_info.c.obj
 .rodata.__bi_75
                0x10009244        0xc CMakeFiles/mandelbrot.dir/D_/RaspberryPiPico/pico-sdk/src/rp2_common/pico_standard_link/binary_info.c.obj
 .rodata.__bi_81
                0x10009250        0xc CMakeFiles/mandelbrot.dir/D_/RaspberryPiPico/pico-sdk/src/rp2_common/pico_standard_link/binary_info.c.obj
 .rodata.crlf_str.3
                0x1000925c        0x2 CMakeFiles/mandelbrot.dir/D_/RaspberryPiPico/pico-sdk/src/rp2_common/pico_stdio/stdio.c.obj
 *fill*         0x1000925e        0x2 
 .rodata._resetd_driver
                0x10009260       0x18 CMakeFiles/mandelbrot.dir/D_/RaspberryPiPico/pico-sdk/src/rp2_common/pico_stdio_usb/reset_interface.c.obj
 .rodata.stdio_usb_init.str1.4
                0x10009278       0x62 CMakeFiles/mandelbrot.dir/D_/RaspberryPiPico/pico-sdk/src/rp2_common/pico_stdio_usb/stdio_usb.c.obj
 .rodata.str1.4
                0x10009278       0x13 CMakeFiles/mandelbrot.dir/D_/RaspberryPiPico/pico-sdk/src/rp2_common/pico_stdio_usb/stdio_usb.c.obj
 *fill*         0x1000928b        0x1 
 .rodata.__bi_93.1
                0x1000928c        0xc CMakeFiles/mandelbrot.dir/D_/RaspberryPiPico/pico-sdk/src/rp2_common/pico_stdio_usb/stdio_usb.c.obj
 .rodata.__func__.0
                0x10009298       0x15 CMakeFiles/mandelbrot.dir/D_/RaspberryPiPico/pico-sdk/src/rp2_common/pico_stdio_usb/stdio_usb.c.obj
 *fill*         0x100092ad        0x3 
 .rodata.str1.4
                0x100092b0       0x2a CMakeFiles/mandelbrot.dir/D_/RaspberryPiPico/pico-sdk/src/rp2_common/pico_stdio_usb/stdio_usb_descriptors.c.obj
 *fill*         0x100092da        0x2 
 .rodata.usbd_desc_cfg
                0x100092dc       0x54 CMakeFiles/mandelbrot.dir/D_/RaspberryPiPico/pico-sdk/src/rp2_common/pico_stdio_usb/stdio_usb_descriptors.c.obj
 .rodata.usbd_desc_device
                0x10009330       0x12 CMakeFiles/mandelbrot.dir/D_/RaspberryPiPico/pico-sdk/src/rp2_common/pico_stdio_usb/stdio_usb_descriptors.c.obj
 *fill*         0x10009342        0x2 
 .rodata.usbd_desc_str
                0x10009344       0x18 CMakeFiles/mandelbrot.dir/D_/RaspberryPiPico/pico-sdk/src/rp2_common/pico_stdio_usb/stdio_usb_descriptors.c.obj
 .rodata._hw_endpoint_alloc.str1.4
                0x1000935c       0xb9 CMakeFiles/mandelbrot.dir/D_/RaspberryPiPico/pico-sdk/lib/tinyusb/src/portable/raspberrypi/rp2040/dcd_rp2040.c.obj
 *fill*         0x10009415        0x3 
 .rodata.dcd_rp2040_irq.str1.4
                0x10009418       0x14 CMakeFiles/mandelbrot.dir/D_/RaspberryPiPico/pico-sdk/lib/tinyusb/src/portable/raspberrypi/rp2040/dcd_rp2040.c.obj
 .rodata.dcd_int_enable.str1.4
                0x1000942c        0xc CMakeFiles/mandelbrot.dir/D_/RaspberryPiPico/pico-sdk/lib/tinyusb/src/portable/raspberrypi/rp2040/dcd_rp2040.c.obj
 .rodata.__func__.0
                0x10009438        0xe CMakeFiles/mandelbrot.dir/D_/RaspberryPiPico/pico-sdk/lib/tinyusb/src/portable/raspberrypi/rp2040/dcd_rp2040.c.obj
 *fill*         0x10009446        0x2 
 .rodata.__func__.1
                0x10009448        0xe CMakeFiles/mandelbrot.dir/D_/RaspberryPiPico/pico-sdk/lib/tinyusb/src/portable/raspberrypi/rp2040/dcd_rp2040.c.obj
 *fill*         0x10009456        0x2 
 .rodata.__func__.3
                0x10009458       0x10 CMakeFiles/mandelbrot.dir/D_/RaspberryPiPico/pico-sdk/lib/tinyusb/src/portable/raspberrypi/rp2040/dcd_rp2040.c.obj
 .rodata.__func__.5
                0x10009468        0xf CMakeFiles/mandelbrot.dir/D_/RaspberryPiPico/pico-sdk/lib/tinyusb/src/portable/raspberrypi/rp2040/dcd_rp2040.c.obj
 *fill*         0x10009477        0x1 
 .rodata.__func__.6
                0x10009478       0x13 CMakeFiles/mandelbrot.dir/D_/RaspberryPiPico/pico-sdk/lib/tinyusb/src/portable/raspberrypi/rp2040/dcd_rp2040.c.obj
 *fill*         0x1000948b        0x1 
 .rodata.__func__.7
                0x1000948c        0x9 CMakeFiles/mandelbrot.dir/D_/RaspberryPiPico/pico-sdk/lib/tinyusb/src/portable/raspberrypi/rp2040/dcd_rp2040.c.obj
 *fill*         0x10009495        0x3 
 .rodata.sync_ep_buffer.str1.4
                0x10009498       0x95 CMakeFiles/mandelbrot.dir/D_/RaspberryPiPico/pico-sdk/lib/tinyusb/src/portable/raspberrypi/rp2040/rp2040_usb.c.obj
 *fill*         0x1000952d        0x3 
 .rodata._hw_endpoint_buffer_control_update32.str1.4
                0x10009530       0x1f CMakeFiles/mandelbrot.dir/D_/RaspberryPiPico/pico-sdk/lib/tinyusb/src/portable/raspberrypi/rp2040/rp2040_usb.c.obj
 *fill*         0x1000954f        0x1 
 .rodata.hw_endpoint_xfer_start.str1.4
                0x10009550       0x38 CMakeFiles/mandelbrot.dir/D_/RaspberryPiPico/pico-sdk/lib/tinyusb/src/portable/raspberrypi/rp2040/rp2040_usb.c.obj
 .rodata.hw_endpoint_xfer_continue.str1.4
                0x10009588       0x29 CMakeFiles/mandelbrot.dir/D_/RaspberryPiPico/pico-sdk/lib/tinyusb/src/portable/raspberrypi/rp2040/rp2040_usb.c.obj
 *fill*         0x100095b1        0x3 
 .rodata.str1.4
                0x100095b4        0x7 CMakeFiles/mandelbrot.dir/D_/RaspberryPiPico/pico-sdk/lib/tinyusb/src/portable/raspberrypi/rp2040/rp2040_usb.c.obj
 *fill*         0x100095bb        0x1 
 .rodata.__func__.0
                0x100095bc        0xf CMakeFiles/mandelbrot.dir/D_/RaspberryPiPico/pico-sdk/lib/tinyusb/src/portable/raspberrypi/rp2040/rp2040_usb.c.obj
 *fill*         0x100095cb        0x1 
 .rodata.process_set_config.str1.4
                0x100095cc       0x17 CMakeFiles/mandelbrot.dir/D_/RaspberryPiPico/pico-sdk/lib/tinyusb/src/device/usbd.c.obj
 *fill*         0x100095e3        0x1 
 .rodata.process_get_descriptor
                0x100095e4       0x40 CMakeFiles/mandelbrot.dir/D_/RaspberryPiPico/pico-sdk/lib/tinyusb/src/device/usbd.c.obj
 .rodata.process_control_request
                0x10009624       0x28 CMakeFiles/mandelbrot.dir/D_/RaspberryPiPico/pico-sdk/lib/tinyusb/src/device/usbd.c.obj
 .rodata.tud_task
                0x1000964c       0x24 CMakeFiles/mandelbrot.dir/D_/RaspberryPiPico/pico-sdk/lib/tinyusb/src/device/usbd.c.obj
 .rodata.__func__.2
                0x10009670        0xf CMakeFiles/mandelbrot.dir/D_/RaspberryPiPico/pico-sdk/lib/tinyusb/src/device/usbd.c.obj
 *fill*         0x1000967f        0x1 
 .rodata.__func__.3
                0x10009680        0xf CMakeFiles/mandelbrot.dir/D_/RaspberryPiPico/pico-sdk/lib/tinyusb/src/device/usbd.c.obj
 *fill*         0x1000968f        0x1 
 .rodata.__func__.4
                0x10009690       0x14 CMakeFiles/mandelbrot.dir/D_/RaspberryPiPico/pico-sdk/lib/tinyusb/src/device/usbd.c.obj
 .rodata.__func__.5
                0x100096a4       0x10 CMakeFiles/mandelbrot.dir/D_/RaspberryPiPico/pico-sdk/lib/tinyusb/src/device/usbd.c.obj
 .rodata.__func__.6
                0x100096b4       0x17 CMakeFiles/mandelbrot.dir/D_/RaspberryPiPico/pico-sdk/lib/tinyusb/src/device/usbd.c.obj
 *fill*         0x100096cb        0x1 
 .rodata.__func__.7
                0x100096cc       0x13 CMakeFiles/mandelbrot.dir/D_/RaspberryPiPico/pico-sdk/lib/tinyusb/src/device/usbd.c.obj
 *fill*         0x100096df        0x1 
 .rodata.__func__.8
                0x100096e0       0x18 CMakeFiles/mandelbrot.dir/D_/RaspberryPiPico/pico-sdk/lib/tinyusb/src/device/usbd.c.obj
 .rodata.__func__.9
                0x100096f8        0x9 CMakeFiles/mandelbrot.dir/D_/RaspberryPiPico/pico-sdk/lib/tinyusb/src/device/usbd.c.obj
 *fill*         0x10009701        0x3 
 .rodata._usbd_driver
                0x10009704       0x18 CMakeFiles/mandelbrot.dir/D_/RaspberryPiPico/pico-sdk/lib/tinyusb/src/device/usbd.c.obj
 .rodata.tud_control_xfer.str1.4
                0x1000971c       0x17 CMakeFiles/mandelbrot.dir/D_/RaspberryPiPico/pico-sdk/lib/tinyusb/src/device/usbd_control.c.obj
 .rodata.__func__.0
                0x1000971c       0x15 CMakeFiles/mandelbrot.dir/D_/RaspberryPiPico/pico-sdk/lib/tinyusb/src/device/usbd_control.c.obj
 *fill*         0x10009731        0x3 
 .rodata.__func__.1
                0x10009734       0x11 CMakeFiles/mandelbrot.dir/D_/RaspberryPiPico/pico-sdk/lib/tinyusb/src/device/usbd_control.c.obj
 .rodata.tud_cdc_n_write_flush.str1.4
                0x10009745       0x17 CMakeFiles/mandelbrot.dir/D_/RaspberryPiPico/pico-sdk/lib/tinyusb/src/class/cdc/cdc_device.c.obj
 *fill*         0x10009745        0x3 
 .rodata.__func__.0
                0x10009748        0xd CMakeFiles/mandelbrot.dir/D_/RaspberryPiPico/pico-sdk/lib/tinyusb/src/class/cdc/cdc_device.c.obj
 *fill*         0x10009755        0x3 
 .rodata.__func__.1
                0x10009758        0xa CMakeFiles/mandelbrot.dir/D_/RaspberryPiPico/pico-sdk/lib/tinyusb/src/class/cdc/cdc_device.c.obj
 *fill*         0x10009762        0x2 
 .rodata.__func__.2
                0x10009764       0x16 CMakeFiles/mandelbrot.dir/D_/RaspberryPiPico/pico-sdk/lib/tinyusb/src/class/cdc/cdc_device.c.obj
 .rodata.tusb_init.str1.4
                0x1000977a       0x17 CMakeFiles/mandelbrot.dir/D_/RaspberryPiPico/pico-sdk/lib/tinyusb/src/tusb.c.obj
 *fill*         0x1000977a        0x2 
 .rodata.__func__.0
                0x1000977c       0x11 CMakeFiles/mandelbrot.dir/D_/RaspberryPiPico/pico-sdk/lib/tinyusb/src/tusb.c.obj
 *fill*         0x1000978d        0x3 
 .rodata.__func__.1
                0x10009790        0xa CMakeFiles/mandelbrot.dir/D_/RaspberryPiPico/pico-sdk/lib/tinyusb/src/tusb.c.obj
 *fill*         0x1000979a        0x2 
 .rodata.pico_get_unique_board_id_string.str1.4
                0x1000979c       0x4e CMakeFiles/mandelbrot.dir/D_/RaspberryPiPico/pico-sdk/src/rp2_common/pico_unique_id/unique_id.c.obj
 *fill*         0x100097ea        0x2 
 .rodata.__func__.0
                0x100097ec       0x20 CMakeFiles/mandelbrot.dir/D_/RaspberryPiPico/pico-sdk/src/rp2_common/pico_unique_id/unique_id.c.obj
 .rodata.str1.4
                0x1000980c      0x15a CMakeFiles/mandelbrot.dir/D_/RaspberryPiPico/pico-sdk/src/rp2_common/hardware_flash/flash.c.obj
 *fill*         0x10009966        0x2 
 .rodata.__func__.0
                0x10009968        0xd CMakeFiles/mandelbrot.dir/D_/RaspberryPiPico/pico-sdk/src/rp2_common/hardware_flash/flash.c.obj
 *fill*         0x10009975        0x3 
 .rodata._pio_find_offset_for_program.str1.4
                0x10009978       0x6a CMakeFiles/mandelbrot.dir/D_/RaspberryPiPico/pico-sdk/src/rp2_common/hardware_pio/pio.c.obj
 *fill*         0x100099e2        0x2 
 .rodata._pio_add_program_at_offset.str1.4
                0x100099e4       0x11 CMakeFiles/mandelbrot.dir/D_/RaspberryPiPico/pico-sdk/src/rp2_common/hardware_pio/pio.c.obj
 *fill*         0x100099f5        0x3 
 .rodata.__func__.1
                0x100099f8       0x1d CMakeFiles/mandelbrot.dir/D_/RaspberryPiPico/pico-sdk/src/rp2_common/hardware_pio/pio.c.obj
 *fill*         0x10009a15        0x3 
 .rodata.str1.4
                0x10009a18       0x18 CMakeFiles/mandelbrot.dir/D_/RaspberryPiPico/pico-sdk/src/rp2_common/pico_bootsel_via_double_reset/pico_bootsel_via_double_reset.c.obj
 .rodata.__bi_35
                0x10009a30        0xc CMakeFiles/mandelbrot.dir/D_/RaspberryPiPico/pico-sdk/src/rp2_common/pico_bootsel_via_double_reset/pico_bootsel_via_double_reset.c.obj
 .rodata.magic_token
                0x10009a3c        0xc CMakeFiles/mandelbrot.dir/D_/RaspberryPiPico/pico-sdk/src/rp2_common/pico_bootsel_via_double_reset/pico_bootsel_via_double_reset.c.obj
 .rodata._ZL8font_8x8
                0x10009a48      0x2fa FrameBuffer\libframebuffer.a(FrameBuffer.cpp.obj)
 *fill*         0x10009d42        0x2 
 .rodata        0x10009d44        0xc GameOfLife\libgof.a(gof.cpp.obj)
 .rodata._ZL11rgb_program
                0x10009d50        0x6 Vga\libvga.a(vga.cpp.obj)
 *fill*         0x10009d56        0x2 
 .rodata._ZL13hsync_program
                0x10009d58        0x6 Vga\libvga.a(vga.cpp.obj)
 *fill*         0x10009d5e        0x2 
 .rodata._ZL13vsync_program
                0x10009d60        0x6 Vga\libvga.a(vga.cpp.obj)
 *fill*         0x10009d66        0x2 
 .rodata._ZL24rgb_program_instructions
                0x10009d68       0x12 Vga\libvga.a(vga.cpp.obj)
 *fill*         0x10009d7a        0x2 
 .rodata._ZL26hsync_program_instructions
                0x10009d7c       0x12 Vga\libvga.a(vga.cpp.obj)
 *fill*         0x10009d8e        0x2 
 .rodata._ZL26vsync_program_instructions
                0x10009d90       0x1c Vga\libvga.a(vga.cpp.obj)
                0x10009dac                . = ALIGN (0x4)
 *(SORT_BY_ALIGNMENT(SORT_BY_NAME(.flashdata*)))
                0x10009dac                . = ALIGN (0x4)

.rel.dyn        0x10009dac        0x0
 .rel.iplt      0x10009dac        0x0 c:/progra~2/gnuarm~1/102021~1.10/bin/../lib/gcc/arm-none-eabi/10.3.1/thumb/v6-m/nofp/crtbegin.o

.ARM.extab
 *(.ARM.extab* .gnu.linkonce.armextab.*)
                0x10009dac                __exidx_start = .

.ARM.exidx
 *(.ARM.exidx* .gnu.linkonce.armexidx.*)
                0x10009dac                __exidx_end = .
                0x10009dac                . = ALIGN (0x4)
                0x10009dac                __binary_info_start = .

.binary_info    0x10009dac       0x24
 *(.binary_info.keep.*)
 .binary_info.keep.__bi_ptr22
                0x10009dac        0x4 CMakeFiles/mandelbrot.dir/D_/RaspberryPiPico/pico-sdk/src/rp2_common/pico_standard_link/binary_info.c.obj
 .binary_info.keep.__bi_ptr30
                0x10009db0        0x4 CMakeFiles/mandelbrot.dir/D_/RaspberryPiPico/pico-sdk/src/rp2_common/pico_standard_link/binary_info.c.obj
 .binary_info.keep.__bi_ptr38
                0x10009db4        0x4 CMakeFiles/mandelbrot.dir/D_/RaspberryPiPico/pico-sdk/src/rp2_common/pico_standard_link/binary_info.c.obj
 .binary_info.keep.__bi_ptr44
                0x10009db8        0x4 CMakeFiles/mandelbrot.dir/D_/RaspberryPiPico/pico-sdk/src/rp2_common/pico_standard_link/binary_info.c.obj
 .binary_info.keep.__bi_ptr50
                0x10009dbc        0x4 CMakeFiles/mandelbrot.dir/D_/RaspberryPiPico/pico-sdk/src/rp2_common/pico_standard_link/binary_info.c.obj
 .binary_info.keep.__bi_ptr75
                0x10009dc0        0x4 CMakeFiles/mandelbrot.dir/D_/RaspberryPiPico/pico-sdk/src/rp2_common/pico_standard_link/binary_info.c.obj
 .binary_info.keep.__bi_ptr81
                0x10009dc4        0x4 CMakeFiles/mandelbrot.dir/D_/RaspberryPiPico/pico-sdk/src/rp2_common/pico_standard_link/binary_info.c.obj
 .binary_info.keep.__bi_ptr35
                0x10009dc8        0x4 CMakeFiles/mandelbrot.dir/D_/RaspberryPiPico/pico-sdk/src/rp2_common/pico_bootsel_via_double_reset/pico_bootsel_via_double_reset.c.obj
 *(.binary_info.*)
 .binary_info.__bi_ptr93
                0x10009dcc        0x4 CMakeFiles/mandelbrot.dir/D_/RaspberryPiPico/pico-sdk/src/rp2_common/pico_stdio_usb/stdio_usb.c.obj
                0x10009dd0                __binary_info_end = .
                0x10009dd0                . = ALIGN (0x4)
                0x10009dd0                __etext = .

.ram_vector_table
                0x20000000       0xc0
 *(.ram_vector_table)
 .ram_vector_table
                0x20000000       0xc0 CMakeFiles/mandelbrot.dir/D_/RaspberryPiPico/pico-sdk/src/rp2_common/pico_runtime/runtime.c.obj
                0x20000000                ram_vector_table

.data           0x200000c0      0xca8 load address 0x10009dd0
                0x200000c0                __data_start__ = .
 *(vtable)
 *(.time_critical*)
 .time_critical.mutex_enter_blocking
                0x200000c0       0x48 CMakeFiles/mandelbrot.dir/D_/RaspberryPiPico/pico-sdk/src/common/pico_sync/mutex.c.obj
                0x200000c0                mutex_enter_blocking
 .time_critical.mutex_try_enter
                0x20000108       0x46 CMakeFiles/mandelbrot.dir/D_/RaspberryPiPico/pico-sdk/src/common/pico_sync/mutex.c.obj
                0x20000108                mutex_try_enter
 *fill*         0x2000014e        0x2 
 .time_critical.mutex_enter_block_until
                0x20000150       0x8c CMakeFiles/mandelbrot.dir/D_/RaspberryPiPico/pico-sdk/src/common/pico_sync/mutex.c.obj
                0x20000150                mutex_enter_block_until
 .time_critical.mutex_enter_timeout_ms
                0x200001dc       0x74 CMakeFiles/mandelbrot.dir/D_/RaspberryPiPico/pico-sdk/src/common/pico_sync/mutex.c.obj
                0x200001dc                mutex_enter_timeout_ms
 .time_critical.mutex_exit
                0x20000250       0x4c CMakeFiles/mandelbrot.dir/D_/RaspberryPiPico/pico-sdk/src/common/pico_sync/mutex.c.obj
                0x20000250                mutex_exit
 .time_critical.flash_init_boot2_copyout
                0x2000029c       0x30 CMakeFiles/mandelbrot.dir/D_/RaspberryPiPico/pico-sdk/src/rp2_common/hardware_flash/flash.c.obj
 .time_critical.flash_enable_xip_via_boot2
                0x200002cc       0x10 CMakeFiles/mandelbrot.dir/D_/RaspberryPiPico/pico-sdk/src/rp2_common/hardware_flash/flash.c.obj
 .time_critical.flash_cs_force
                0x200002dc       0x28 CMakeFiles/mandelbrot.dir/D_/RaspberryPiPico/pico-sdk/src/rp2_common/hardware_flash/flash.c.obj
 .time_critical.flash_do_cmd
                0x20000304       0xd8 CMakeFiles/mandelbrot.dir/D_/RaspberryPiPico/pico-sdk/src/rp2_common/hardware_flash/flash.c.obj
                0x20000304                flash_do_cmd
 *(.text*)
 .text          0x200003dc        0x4 c:/progra~2/gnuarm~1/102021~1.10/bin/../lib/gcc/arm-none-eabi/10.3.1/thumb/v6-m/nofp\libgcc.a(_dvmd_tls.o)
                0x200003dc                __aeabi_idiv0
                0x200003dc                __aeabi_ldiv0
 .text.__stub   0x200003e0       0x40 linker stubs
                0x20000420                . = ALIGN (0x4)
 *(.rodata*)
                0x20000420                . = ALIGN (0x4)
 *(.data*)
 .data.striped_spin_lock_num